<html>
<body>
<pre>
<h1>礦ision Build Log</h1>
<h2>Tool Versions:</h2>
IDE-Version: μVision V5.14.1
Copyright (C) 2015 ARM Ltd and ARM Germany GmbH. All rights reserved.
License Information: 1 1, 1, LIC=ZB4EI-TNNSS-Z9LG9-4742R-HJEC1-2V6P0
 
Tool Versions:
Toolchain:       MDK-ARM Standard  Version: 5.24.1
Toolchain Path:  D:\Program Files\Keil5\ARM\ARMCC\Bin
C Compiler:      Armcc.exe V5.06 update 5 (build 528)
Assembler:       Armasm.exe V5.06 update 5 (build 528)
Linker/Locator:  ArmLink.exe V5.06 update 5 (build 528)
Library Manager: ArmAr.exe V5.06 update 5 (build 528)
Hex Converter:   FromElf.exe V5.06 update 5 (build 528)
CPU DLL:         SARMCM3.DLL V5.24.1
Dialog DLL:      DCM.DLL V1.16.0.0
Target DLL:      STLink\ST-LINKIII-KEIL_SWO.dll V3.0.1.0
Dialog DLL:      TCM.DLL V1.32.0.0
 
<h2>Project:</h2>
E:\Introduction\stm32Projects\7-1AD多通道\Project.uvprojx
Project File Date:  08/11/2022

<h2>Output:</h2>
*** Using Compiler 'V5.06 update 5 (build 528)', folder: 'D:\Program Files\Keil5\ARM\ARMCC\Bin'
Build target 'Target 1'
compiling main.c...
User\main.c(17): warning:  #223-D: function "AD_GetValu" declared implicitly
                AD0 = AD_GetValu(ADC_Channel_0);
User\main.c: 1 warning, 0 errors
linking...
Program Size: Code=2732 RO-data=1788 RW-data=8 ZI-data=1632  
".\Objects\Project.axf" - 0 Error(s), 1 Warning(s).

<h2>Collection of Component include folders:</h2>
  E:\Introduction\stm32Projects\7-1AD多通道\RTE
  D:\Program Files\Keil5\ARM\PACK\Keil\STM32F1xx_DFP\2.2.0\Device\Include

<h2>Collection of Component Files used:</h2>
</pre>
</body>
</html>
