Component: ARM Compiler 5.06 update 5 (build 528) Tool: armlink [4d35e2]

==============================================================================

Section Cross References

    startup_stm32f10x_md.o(RESET) refers to startup_stm32f10x_md.o(STACK) for __initial_sp
    startup_stm32f10x_md.o(RESET) refers to startup_stm32f10x_md.o(.text) for Reset_Handler
    startup_stm32f10x_md.o(RESET) refers to stm32f10x_it.o(i.NMI_Handler) for NMI_Handler
    startup_stm32f10x_md.o(RESET) refers to stm32f10x_it.o(i.HardFault_Handler) for HardFault_Handler
    startup_stm32f10x_md.o(RESET) refers to stm32f10x_it.o(i.MemManage_Handler) for MemManage_Handler
    startup_stm32f10x_md.o(RESET) refers to stm32f10x_it.o(i.BusFault_Handler) for BusFault_Handler
    startup_stm32f10x_md.o(RESET) refers to stm32f10x_it.o(i.UsageFault_Handler) for UsageFault_Handler
    startup_stm32f10x_md.o(RESET) refers to stm32f10x_it.o(i.SVC_Handler) for SVC_Handler
    startup_stm32f10x_md.o(RESET) refers to stm32f10x_it.o(i.DebugMon_Handler) for DebugMon_Handler
    startup_stm32f10x_md.o(RESET) refers to stm32f10x_it.o(i.PendSV_Handler) for PendSV_Handler
    startup_stm32f10x_md.o(RESET) refers to stm32f10x_it.o(i.SysTick_Handler) for SysTick_Handler
    startup_stm32f10x_md.o(RESET) refers to timer.o(i.TIM3_IRQHandler) for TIM3_IRQHandler
    startup_stm32f10x_md.o(RESET) refers to key.o(i.TIM4_IRQHandler) for TIM4_IRQHandler
    startup_stm32f10x_md.o(RESET) refers to usart.o(i.USART1_IRQHandler) for USART1_IRQHandler
    startup_stm32f10x_md.o(RESET) refers to esp8266.o(i.USART2_IRQHandler) for USART2_IRQHandler
    startup_stm32f10x_md.o(.text) refers to system_stm32f10x.o(i.SystemInit) for SystemInit
    startup_stm32f10x_md.o(.text) refers to entry.o(.ARM.Collect$$$$00000000) for __main
    system_stm32f10x.o(i.SetSysClock) refers to system_stm32f10x.o(i.SetSysClockTo72) for SetSysClockTo72
    system_stm32f10x.o(i.SystemCoreClockUpdate) refers to system_stm32f10x.o(.data) for SystemCoreClock
    system_stm32f10x.o(i.SystemInit) refers to system_stm32f10x.o(i.SetSysClock) for SetSysClock
    stm32f10x_adc.o(i.ADC_DeInit) refers to stm32f10x_rcc.o(i.RCC_APB2PeriphResetCmd) for RCC_APB2PeriphResetCmd
    stm32f10x_bkp.o(i.BKP_DeInit) refers to stm32f10x_rcc.o(i.RCC_BackupResetCmd) for RCC_BackupResetCmd
    stm32f10x_can.o(i.CAN_DeInit) refers to stm32f10x_rcc.o(i.RCC_APB1PeriphResetCmd) for RCC_APB1PeriphResetCmd
    stm32f10x_can.o(i.CAN_GetITStatus) refers to stm32f10x_can.o(i.CheckITStatus) for CheckITStatus
    stm32f10x_cec.o(i.CEC_DeInit) refers to stm32f10x_rcc.o(i.RCC_APB1PeriphResetCmd) for RCC_APB1PeriphResetCmd
    stm32f10x_dac.o(i.DAC_DeInit) refers to stm32f10x_rcc.o(i.RCC_APB1PeriphResetCmd) for RCC_APB1PeriphResetCmd
    stm32f10x_flash.o(i.FLASH_EnableWriteProtection) refers to stm32f10x_flash.o(i.FLASH_WaitForLastOperation) for FLASH_WaitForLastOperation
    stm32f10x_flash.o(i.FLASH_EraseAllBank1Pages) refers to stm32f10x_flash.o(i.FLASH_WaitForLastBank1Operation) for FLASH_WaitForLastBank1Operation
    stm32f10x_flash.o(i.FLASH_EraseAllPages) refers to stm32f10x_flash.o(i.FLASH_WaitForLastOperation) for FLASH_WaitForLastOperation
    stm32f10x_flash.o(i.FLASH_EraseOptionBytes) refers to stm32f10x_flash.o(i.FLASH_GetReadOutProtectionStatus) for FLASH_GetReadOutProtectionStatus
    stm32f10x_flash.o(i.FLASH_EraseOptionBytes) refers to stm32f10x_flash.o(i.FLASH_WaitForLastOperation) for FLASH_WaitForLastOperation
    stm32f10x_flash.o(i.FLASH_ErasePage) refers to stm32f10x_flash.o(i.FLASH_WaitForLastOperation) for FLASH_WaitForLastOperation
    stm32f10x_flash.o(i.FLASH_ProgramHalfWord) refers to stm32f10x_flash.o(i.FLASH_WaitForLastOperation) for FLASH_WaitForLastOperation
    stm32f10x_flash.o(i.FLASH_ProgramOptionByteData) refers to stm32f10x_flash.o(i.FLASH_WaitForLastOperation) for FLASH_WaitForLastOperation
    stm32f10x_flash.o(i.FLASH_ProgramWord) refers to stm32f10x_flash.o(i.FLASH_WaitForLastOperation) for FLASH_WaitForLastOperation
    stm32f10x_flash.o(i.FLASH_ReadOutProtection) refers to stm32f10x_flash.o(i.FLASH_WaitForLastOperation) for FLASH_WaitForLastOperation
    stm32f10x_flash.o(i.FLASH_UserOptionByteConfig) refers to stm32f10x_flash.o(i.FLASH_WaitForLastOperation) for FLASH_WaitForLastOperation
    stm32f10x_flash.o(i.FLASH_WaitForLastBank1Operation) refers to stm32f10x_flash.o(i.FLASH_GetBank1Status) for FLASH_GetBank1Status
    stm32f10x_flash.o(i.FLASH_WaitForLastOperation) refers to stm32f10x_flash.o(i.FLASH_GetBank1Status) for FLASH_GetBank1Status
    stm32f10x_gpio.o(i.GPIO_AFIODeInit) refers to stm32f10x_rcc.o(i.RCC_APB2PeriphResetCmd) for RCC_APB2PeriphResetCmd
    stm32f10x_gpio.o(i.GPIO_DeInit) refers to stm32f10x_rcc.o(i.RCC_APB2PeriphResetCmd) for RCC_APB2PeriphResetCmd
    stm32f10x_i2c.o(i.I2C_DeInit) refers to stm32f10x_rcc.o(i.RCC_APB1PeriphResetCmd) for RCC_APB1PeriphResetCmd
[...]
    i.MemManage_Handler                      0x080027be   Section        0  stm32f10x_it.o(i.MemManage_Handler)
    i.NMI_Handler                            0x080027c2   Section        0  stm32f10x_it.o(i.NMI_Handler)
    i.NVIC_Init                              0x080027c4   Section        0  misc.o(i.NVIC_Init)
    i.NVIC_PriorityGroupConfig               0x08002834   Section        0  misc.o(i.NVIC_PriorityGroupConfig)
    i.OLED_Clear                             0x08002848   Section        0  oled.o(i.OLED_Clear)
    i.OLED_I2C_Init                          0x08002874   Section        0  oled.o(i.OLED_I2C_Init)
    i.OLED_I2C_SendByte                      0x080028c4   Section        0  oled.o(i.OLED_I2C_SendByte)
    i.OLED_I2C_Start                         0x08002918   Section        0  oled.o(i.OLED_I2C_Start)
    i.OLED_I2C_Stop                          0x0800294c   Section        0  oled.o(i.OLED_I2C_Stop)
    i.OLED_Init                              0x08002974   Section        0  oled.o(i.OLED_Init)
    i.OLED_SetCursor                         0x08002a22   Section        0  oled.o(i.OLED_SetCursor)
    i.OLED_ShowChar                          0x08002a44   Section        0  oled.o(i.OLED_ShowChar)
    i.OLED_ShowString                        0x08002ab8   Section        0  oled.o(i.OLED_ShowString)
    i.OLED_WriteCommand                      0x08002ae0   Section        0  oled.o(i.OLED_WriteCommand)
    i.OLED_WriteData                         0x08002b00   Section        0  oled.o(i.OLED_WriteData)
    i.OneNet_DevLink                         0x08002b20   Section        0  onenet.o(i.OneNet_DevLink)
    i.OneNet_Publish                         0x08002d44   Section        0  onenet.o(i.OneNet_Publish)
    i.OneNet_RevPro                          0x08002dbc   Section        0  onenet.o(i.OneNet_RevPro)
    i.OneNet_Subscribe                       0x0800328c   Section        0  onenet.o(i.OneNet_Subscribe)
    i.PWM_Init                               0x080032f8   Section        0  pwm.o(i.PWM_Init)
    i.PWM_SetCompare2                        0x080033a0   Section        0  pwm.o(i.PWM_SetCompare2)
    i.PendSV_Handler                         0x080033b0   Section        0  stm32f10x_it.o(i.PendSV_Handler)
    i.RCC_ADCCLKConfig                       0x080033b4   Section        0  stm32f10x_rcc.o(i.RCC_ADCCLKConfig)
    i.RCC_AHBPeriphClockCmd                  0x080033cc   Section        0  stm32f10x_rcc.o(i.RCC_AHBPeriphClockCmd)
    i.RCC_APB1PeriphClockCmd                 0x080033ec   Section        0  stm32f10x_rcc.o(i.RCC_APB1PeriphClockCmd)
    i.RCC_APB2PeriphClockCmd                 0x0800340c   Section        0  stm32f10x_rcc.o(i.RCC_APB2PeriphClockCmd)
    i.RCC_GetClocksFreq                      0x0800342c   Section        0  stm32f10x_rcc.o(i.RCC_GetClocksFreq)
    i.SDA_IN                                 0x08003500   Section        0  sgp30i2c.o(i.SDA_IN)
    i.SDA_OUT                                0x08003524   Section        0  sgp30i2c.o(i.SDA_OUT)
    i.SGP30_Init                             0x08003548   Section        0  sgp30.o(i.SGP30_Init)
    i.SGP30_ad_read                          0x08003558   Section        0  sgp30.o(i.SGP30_ad_read)
    i.SGP30_ad_write                         0x080035a0   Section        0  sgp30.o(i.SGP30_ad_write)
    i.SGP30_getValue                         0x080035d4   Section        0  sgp30.o(i.SGP30_getValue)
    i.SVC_Handler                            0x08003608   Section        0  stm32f10x_it.o(i.SVC_Handler)
    i.Servo_Init                             0x0800360a   Section        0  servo.o(i.Servo_Init)
    i.Servo_Turn                             0x08003618   Section        0  servo.o(i.Servo_Turn)
    i.Servo_close                            0x08003630   Section        0  servo.o(i.Servo_close)
    i.Servo_open                             0x08003648   Section        0  servo.o(i.Servo_open)
    i.Servo_setAngle                         0x0800365c   Section        0  servo.o(i.Servo_setAngle)
    i.SetSysClock                            0x08003698   Section        0  system_stm32f10x.o(i.SetSysClock)
    SetSysClock                              0x08003699   Thumb Code     8  system_stm32f10x.o(i.SetSysClock)
    i.SetSysClockTo72                        0x080036a0   Section        0  system_stm32f10x.o(i.SetSysClockTo72)
    SetSysClockTo72                          0x080036a1   Thumb Code   214  system_stm32f10x.o(i.SetSysClockTo72)
    i.SysTick_Handler                        0x08003780   Section        0  stm32f10x_it.o(i.SysTick_Handler)
    i.SystemInit                             0x08003784   Section        0  system_stm32f10x.o(i.SystemInit)
    i.TIM3_IRQHandler                        0x080037e4   Section        0  timer.o(i.TIM3_IRQHandler)
    i.TIM4_IRQHandler                        0x08003868   Section        0  key.o(i.TIM4_IRQHandler)
    i.TIM_ClearFlag                          0x080038ac   Section        0  stm32f10x_tim.o(i.TIM_ClearFlag)
    i.TIM_ClearITPendingBit                  0x080038b2   Section        0  stm32f10x_tim.o(i.TIM_ClearITPendingBit)
    i.TIM_Cmd                                0x080038b8   Section        0  stm32f10x_tim.o(i.TIM_Cmd)
    i.TIM_GetITStatus                        0x080038d0   Section        0  stm32f10x_tim.o(i.TIM_GetITStatus)
    i.TIM_ITConfig                           0x080038f2   Section        0  stm32f10x_tim.o(i.TIM_ITConfig)
    i.TIM_InternalClockConfig                0x08003904   Section        0  stm32f10x_tim.o(i.TIM_InternalClockConfig)
    i.TIM_OC2Init                            0x08003910   Section        0  stm32f10x_tim.o(i.TIM_OC2Init)
    i.TIM_OCStructInit                       0x080039b4   Section        0  stm32f10x_tim.o(i.TIM_OCStructInit)
    i.TIM_SetCompare2                        0x080039c8   Section        0  stm32f10x_tim.o(i.TIM_SetCompare2)
    i.TIM_TimeBaseInit                       0x080039cc   Section        0  stm32f10x_tim.o(i.TIM_TimeBaseInit)
    i.Timer_Init                             0x08003a70   Section        0  timer.o(i.Timer_Init)
    i.USART1_IRQHandler                      0x08003b38   Section        0  usart.o(i.USART1_IRQHandler)
    i.USART2_IRQHandler                      0x08003b54   Section        0  esp8266.o(i.USART2_IRQHandler)
    i.USART_ClearFlag                        0x08003ba0   Section        0  stm32f10x_usart.o(i.USART_ClearFlag)
    i.USART_Cmd                              0x08003bb2   Section        0  stm32f10x_usart.o(i.USART_Cmd)
    i.USART_GetFlagStatus                    0x08003bca   Section        0  stm32f10x_usart.o(i.USART_GetFlagStatus)
    i.USART_GetITStatus                      0x08003be4   Section        0  stm32f10x_usart.o(i.USART_GetITStatus)
    i.USART_ITConfig                         0x08003c38   Section        0  stm32f10x_usart.o(i.USART_ITConfig)
    i.USART_Init                             0x08003c84   Section        0  stm32f10x_usart.o(i.USART_Init)
    i.USART_SendData                         0x08003d5c   Section        0  stm32f10x_usart.o(i.USART_SendData)
    i.UsageFault_Handler                     0x08003d64   Section        0  stm32f10x_it.o(i.UsageFault_Handler)
    i.Usart1_Init                            0x08003d68   Section        0  usart.o(i.Usart1_Init)
    i.Usart2_Init                            0x08003e18   Section        0  usart.o(i.Usart2_Init)
    i.UsartPrintf                            0x08003ec4   Section        0  usart.o(i.UsartPrintf)
    i.Usart_SendString                       0x08003f0c   Section        0  usart.o(i.Usart_SendString)
    i.__0sprintf                             0x08003f40   Section        0  printfa.o(i.__0sprintf)
    i.__0vsnprintf                           0x08003f68   Section        0  printfa.o(i.__0vsnprintf)
    i.__ARM_fpclassify                       0x08003f94   Section        0  fpclassify.o(i.__ARM_fpclassify)
    i.__aeabi_errno_addr                     0x08003fbc   Section        0  errno.o(i.__aeabi_errno_addr)
    i.__kernel_poly                          0x08003fc4   Section        0  poly.o(i.__kernel_poly)
    i.__mathlib_dbl_divzero                  0x08004070   Section        0  dunder.o(i.__mathlib_dbl_divzero)
    i.__mathlib_dbl_infnan2                  0x08004080   Section        0  dunder.o(i.__mathlib_dbl_infnan2)
    i.__mathlib_dbl_invalid                  0x08004084   Section        0  dunder.o(i.__mathlib_dbl_invalid)
    i.__mathlib_dbl_overflow                 0x08004090   Section        0  dunder.o(i.__mathlib_dbl_overflow)
    i.__mathlib_dbl_underflow                0x080040a0   Section        0  dunder.o(i.__mathlib_dbl_underflow)
    i.__scatterload_copy                     0x080040b0   Section       14  handlers.o(i.__scatterload_copy)
    i.__scatterload_null                     0x080040be   Section        2  handlers.o(i.__scatterload_null)
    i.__scatterload_zeroinit                 0x080040c0   Section       14  handlers.o(i.__scatterload_zeroinit)
    i.__set_errno                            0x080040d0   Section        0  errno.o(i.__set_errno)
    i._fp_digits                             0x080040dc   Section        0  printfa.o(i._fp_digits)
    _fp_digits                               0x080040dd   Thumb Code   366  printfa.o(i._fp_digits)
    i._printf_core                           0x08004260   Section        0  printfa.o(i._printf_core)
    _printf_core                             0x08004261   Thumb Code  1744  printfa.o(i._printf_core)
    i._printf_post_padding                   0x0800493c   Section        0  printfa.o(i._printf_post_padding)
    _printf_post_padding                     0x0800493d   Thumb Code    36  printfa.o(i._printf_post_padding)
    i._printf_pre_padding                    0x08004960   Section        0  printfa.o(i._printf_pre_padding)
    _printf_pre_padding                      0x08004961   Thumb Code    46  printfa.o(i._printf_pre_padding)
    i._snputc                                0x0800498e   Section        0  printfa.o(i._snputc)
    _snputc                                  0x0800498f   Thumb Code    22  printfa.o(i._snputc)
    i._sputc                                 0x080049a4   Section        0  printfa.o(i._sputc)
    _sputc                                   0x080049a5   Thumb Code    10  printfa.o(i._sputc)
    i.cJSON_Delete                           0x080049b0   Section        0  cjson.o(i.cJSON_Delete)
    i.cJSON_GetErrorPtr                      0x08004a08   Section        0  cjson.o(i.cJSON_GetErrorPtr)
    i.cJSON_GetObjectItem                    0x08004a14   Section        0  cjson.o(i.cJSON_GetObjectItem)
    i.cJSON_New_Item                         0x08004a34   Section        0  cjson.o(i.cJSON_New_Item)
    cJSON_New_Item                           0x08004a35   Thumb Code    26  cjson.o(i.cJSON_New_Item)
    i.cJSON_Parse                            0x08004a54   Section        0  cjson.o(i.cJSON_Parse)
    i.cJSON_ParseWithOpts                    0x08004a64   Section        0  cjson.o(i.cJSON_ParseWithOpts)
    i.cJSON_strcasecmp                       0x08004ac8   Section        0  cjson.o(i.cJSON_strcasecmp)
    cJSON_strcasecmp                         0x08004ac9   Thumb Code    76  cjson.o(i.cJSON_strcasecmp)
    i.free                                   0x08004b14   Section        0  malloc.o(i.free)
    i.main                                   0x08004b64   Section        0  main.o(i.main)
    i.malloc                                 0x08004f30   Section        0  malloc.o(i.malloc)
    i.parse_array                            0x08004f9c   Section        0  cjson.o(i.parse_array)
    parse_array                              0x08004f9d   Thumb Code   166  cjson.o(i.parse_array)
    i.parse_hex4                             0x08005048   Section        0  cjson.o(i.parse_hex4)
    parse_hex4                               0x08005049   Thumb Code   276  cjson.o(i.parse_hex4)
    i.parse_number                           0x0800515c   Section        0  cjson.o(i.parse_number)
    parse_number                             0x0800515d   Thumb Code   432  cjson.o(i.parse_number)
    i.parse_object                           0x08005318   Section        0  cjson.o(i.parse_object)
    parse_object                             0x08005319   Thumb Code   270  cjson.o(i.parse_object)
    i.parse_string                           0x0800542c   Section        0  cjson.o(i.parse_string)
    parse_string                             0x0800542d   Thumb Code   448  cjson.o(i.parse_string)
    i.parse_value                            0x080055f8   Section        0  cjson.o(i.parse_value)
    parse_value                              0x080055f9   Thumb Code   158  cjson.o(i.parse_value)
    i.pow                                    0x080056b4   Section        0  pow.o(i.pow)
    i.relay1_OFF                             0x0800608c   Section        0  relay.o(i.relay1_OFF)
    i.relay1_ON                              0x080060a0   Section        0  relay.o(i.relay1_ON)
    i.relay1_Turn                            0x080060b4   Section        0  relay.o(i.relay1_Turn)
    i.relay2_OFF                             0x080060e0   Section        0  relay.o(i.relay2_OFF)
    i.relay2_ON                              0x080060f4   Section        0  relay.o(i.relay2_ON)
    i.relay2_Turn                            0x08006108   Section        0  relay.o(i.relay2_Turn)
    i.relay_Init                             0x08006134   Section        0  relay.o(i.relay_Init)
    i.skip                                   0x0800616c   Section        0  cjson.o(i.skip)
    skip                                     0x0800616d   Thumb Code    18  cjson.o(i.skip)
    i.sqrt                                   0x0800617e   Section        0  sqrt.o(i.sqrt)
    .constdata                               0x080061ca   Section     1520  oled.o(.constdata)
    .constdata                               0x080067bc   Section        8  main.o(.constdata)
    .constdata                               0x080067c4   Section        7  cjson.o(.constdata)
    firstByteMark                            0x080067c4   Data           7  cjson.o(.constdata)
    .constdata                               0x080067d0   Section      136  pow.o(.constdata)
    bp                                       0x080067d0   Data          16  pow.o(.constdata)
    dp_h                                     0x080067e0   Data          16  pow.o(.constdata)
    dp_l                                     0x080067f0   Data          16  pow.o(.constdata)
    L                                        0x08006800   Data          48  pow.o(.constdata)
    P                                        0x08006830   Data          40  pow.o(.constdata)
    .constdata                               0x08006858   Section        8  qnan.o(.constdata)
    .constdata                               0x08006860   Section      129  ctype_o.o(.constdata)
    .constdata                               0x080068e4   Section        4  ctype_o.o(.constdata)
    table                                    0x080068e4   Data           4  ctype_o.o(.constdata)
    .conststring                             0x080068e8   Section      175  main.o(.conststring)
    .data                                    0x20000000   Section       20  stm32f10x_rcc.o(.data)
    APBAHBPrescTable                         0x20000000   Data          16  stm32f10x_rcc.o(.data)
    ADCPrescTable                            0x20000010   Data           4  stm32f10x_rcc.o(.data)
    .data                                    0x20000014   Section        8  ad.o(.data)
    .data                                    0x2000001c   Section        1  servo.o(.data)
    .data                                    0x2000001d   Section        1  buzzer.o(.data)
    .data                                    0x20000020   Section       50  timer.o(.data)
    .data                                    0x20000052   Section        1  autocontrol.o(.data)
    .data                                    0x20000054   Section        8  sgp30.o(.data)
    .data                                    0x2000005c   Section       36  main.o(.data)
    .data                                    0x20000080   Section        4  esp8266.o(.data)
    .data                                    0x20000084   Section        2  onenet.o(.data)
    pkt_id                                   0x20000084   Data           2  onenet.o(.data)
    .data                                    0x20000088   Section       12  cjson.o(.data)
    ep                                       0x20000088   Data           4  cjson.o(.data)
    cJSON_malloc                             0x2000008c   Data           4  cjson.o(.data)
    cJSON_free                               0x20000090   Data           4  cjson.o(.data)
    .data                                    0x20000094   Section        4  mvars.o(.data)
    .data                                    0x20000098   Section        4  mvars.o(.data)
    .data                                    0x2000009c   Section        4  errno.o(.data)
    _errno                                   0x2000009c   Data           4  errno.o(.data)
    .bss                                     0x200000a0   Section       58  key.o(.bss)
    .bss                                     0x200000dc   Section       48  autocontrol.o(.bss)
    .bss                                     0x2000010c   Section       20  main.o(.bss)
    .bss                                     0x20000120   Section      128  esp8266.o(.bss)
    HEAP                                     0x200001a0   Section      512  startup_stm32f10x_md.o(HEAP)
    STACK                                    0x200003a0   Section     1024  startup_stm32f10x_md.o(STACK)

    Global Symbols

    Symbol Name                              Value     Ov Type        Size  Object(Section)

    BuildAttributes$$THM_ISAv4$P$D$K$B$S$PE$A:L22UL41UL21$X:L11$S22US41US21$IEEE1$IW$USESV6$~STKCKD$USESV7$~SHL$OTIME$ROPI$IEEEX$EBA8$MICROLIB$REQ8$PRES8$EABIv2 0x00000000   Number         0  anon$$obj.o ABSOLUTE
    __ARM_use_no_argv                        0x00000000   Number         0  main.o ABSOLUTE
    _printf_a                                0x00000000   Number         0  stubs.o ABSOLUTE
    _printf_c                                0x00000000   Number         0  stubs.o ABSOLUTE
    _printf_charcount                        0x00000000   Number         0  stubs.o ABSOLUTE
    _printf_d                                0x00000000   Number         0  stubs.o ABSOLUTE
    _printf_e                                0x00000000   Number         0  stubs.o ABSOLUTE
    _printf_f                                0x00000000   Number         0  stubs.o ABSOLUTE
    _printf_flags                            0x00000000   Number         0  stubs.o ABSOLUTE
    _printf_fp_dec                           0x00000000   Number         0  stubs.o ABSOLUTE
    _printf_fp_hex                           0x00000000   Number         0  stubs.o ABSOLUTE
    _printf_g                                0x00000000   Number         0  stubs.o ABSOLUTE
    _printf_i                                0x00000000   Number         0  stubs.o ABSOLUTE
    _printf_int_dec                          0x00000000   Number         0  stubs.o ABSOLUTE
    _printf_l                                0x00000000   Number         0  stubs.o ABSOLUTE
    _printf_lc                               0x00000000   Number         0  stubs.o ABSOLUTE
    _printf_ll                               0x00000000   Number         0  stubs.o ABSOLUTE
    _printf_lld                              0x00000000   Number         0  stubs.o ABSOLUTE
    _printf_lli                              0x00000000   Number         0  stubs.o ABSOLUTE
    _printf_llo                              0x00000000   Number         0  stubs.o ABSOLUTE
    _printf_llu                              0x00000000   Number         0  stubs.o ABSOLUTE
    _printf_llx                              0x00000000   Number         0  stubs.o ABSOLUTE
    _printf_longlong_dec                     0x00000000   Number         0  stubs.o ABSOLUTE
    _printf_longlong_hex                     0x00000000   Number         0  stubs.o ABSOLUTE
    _printf_longlong_oct                     0x00000000   Number         0  stubs.o ABSOLUTE
    _printf_ls                               0x00000000   Number         0  stubs.o ABSOLUTE
    _printf_mbtowc                           0x00000000   Number         0  stubs.o ABSOLUTE
    _printf_n                                0x00000000   Number         0  stubs.o ABSOLUTE
    _printf_o                                0x00000000   Number         0  stubs.o ABSOLUTE
    _printf_p                                0x00000000   Number         0  stubs.o ABSOLUTE
    _printf_percent                          0x00000000   Number         0  stubs.o ABSOLUTE
    _printf_pre_padding                      0x00000000   Number         0  stubs.o ABSOLUTE
    _printf_return_value                     0x00000000   Number         0  stubs.o ABSOLUTE
    _printf_s                                0x00000000   Number         0  stubs.o ABSOLUTE
    _printf_sizespec                         0x00000000   Number         0  stubs.o ABSOLUTE
    _printf_str                              0x00000000   Number         0  stubs.o ABSOLUTE
    _printf_truncate_signed                  0x00000000   Number         0  stubs.o ABSOLUTE
    _printf_truncate_unsigned                0x00000000   Number         0  stubs.o ABSOLUTE
    _printf_u                                0x00000000   Number         0  stubs.o ABSOLUTE
    _printf_wc                               0x00000000   Number         0  stubs.o ABSOLUTE
    _printf_wctomb                           0x00000000   Number         0  stubs.o ABSOLUTE
    _printf_widthprec                        0x00000000   Number         0  stubs.o ABSOLUTE
    _printf_x                                0x00000000   Number         0  stubs.o ABSOLUTE
    __cpp_initialize__aeabi_                  - Undefined Weak Reference
    __cxa_finalize                            - Undefined Weak Reference
    __decompress                              - Undefined Weak Reference
    _clock_init                               - Undefined Weak Reference
    _microlib_exit                            - Undefined Weak Reference
    __Vectors_Size                           0x000000ec   Number         0  startup_stm32f10x_md.o ABSOLUTE
    __Vectors                                0x08000000   Data           4  startup_stm32f10x_md.o(RESET)
    __Vectors_End                            0x080000ec   Data           0  startup_stm32f10x_md.o(RESET)
    __main                                   0x080000ed   Thumb Code     0  entry.o(.ARM.Collect$$$$00000000)
    _main_stk                                0x080000ed   Thumb Code     0  entry2.o(.ARM.Collect$$$$00000001)
    _main_scatterload                        0x080000f1   Thumb Code     0  entry5.o(.ARM.Collect$$$$00000004)
    __main_after_scatterload                 0x080000f5   Thumb Code     0  entry5.o(.ARM.Collect$$$$00000004)
    _main_clock                              0x080000f5   Thumb Code     0  entry7b.o(.ARM.Collect$$$$00000008)
    _main_cpp_init                           0x080000f5   Thumb Code     0  entry8b.o(.ARM.Collect$$$$0000000A)
    _main_init                               0x080000f5   Thumb Code     0  entry9a.o(.ARM.Collect$$$$0000000B)
    __rt_final_cpp                           0x080000fd   Thumb Code     0  entry10a.o(.ARM.Collect$$$$0000000D)
    __rt_final_exit                          0x080000fd   Thumb Code     0  entry11a.o(.ARM.Collect$$$$0000000F)
    Reset_Handler                            0x08000101   Thumb Code     8  startup_stm32f10x_md.o(.text)
    ADC1_2_IRQHandler                        0x0800011b   Thumb Code     0  startup_stm32f10x_md.o(.text)
    CAN1_RX1_IRQHandler                      0x0800011b   Thumb Code     0  startup_stm32f10x_md.o(.text)
    CAN1_SCE_IRQHandler                      0x0800011b   Thumb Code     0  startup_stm32f10x_md.o(.text)
    DMA1_Channel1_IRQHandler                 0x0800011b   Thumb Code     0  startup_stm32f10x_md.o(.text)
    DMA1_Channel2_IRQHandler                 0x0800011b   Thumb Code     0  startup_stm32f10x_md.o(.text)
    DMA1_Channel3_IRQHandler                 0x0800011b   Thumb Code     0  startup_stm32f10x_md.o(.text)
    DMA1_Channel4_IRQHandler                 0x0800011b   Thumb Code     0  startup_stm32f10x_md.o(.text)
    DMA1_Channel5_IRQHandler                 0x0800011b   Thumb Code     0  startup_stm32f10x_md.o(.text)
    DMA1_Channel6_IRQHandler                 0x0800011b   Thumb Code     0  startup_stm32f10x_md.o(.text)
    DMA1_Channel7_IRQHandler                 0x0800011b   Thumb Code     0  startup_stm32f10x_md.o(.text)
    EXTI0_IRQHandler                         0x0800011b   Thumb Code     0  startup_stm32f10x_md.o(.text)
    EXTI15_10_IRQHandler                     0x0800011b   Thumb Code     0  startup_stm32f10x_md.o(.text)
    EXTI1_IRQHandler                         0x0800011b   Thumb Code     0  startup_stm32f10x_md.o(.text)
    EXTI2_IRQHandler                         0x0800011b   Thumb Code     0  startup_stm32f10x_md.o(.text)
    EXTI3_IRQHandler                         0x0800011b   Thumb Code     0  startup_stm32f10x_md.o(.text)
    EXTI4_IRQHandler                         0x0800011b   Thumb Code     0  startup_stm32f10x_md.o(.text)
    EXTI9_5_IRQHandler                       0x0800011b   Thumb Code     0  startup_stm32f10x_md.o(.text)
    FLASH_IRQHandler                         0x0800011b   Thumb Code     0  startup_stm32f10x_md.o(.text)
    I2C1_ER_IRQHandler                       0x0800011b   Thumb Code     0  startup_stm32f10x_md.o(.text)
    I2C1_EV_IRQHandler                       0x0800011b   Thumb Code     0  startup_stm32f10x_md.o(.text)
    I2C2_ER_IRQHandler                       0x0800011b   Thumb Code     0  startup_stm32f10x_md.o(.text)
    I2C2_EV_IRQHandler                       0x0800011b   Thumb Code     0  startup_stm32f10x_md.o(.text)
    PVD_IRQHandler                           0x0800011b   Thumb Code     0  startup_stm32f10x_md.o(.text)
    RCC_IRQHandler                           0x0800011b   Thumb Code     0  startup_stm32f10x_md.o(.text)
    RTCAlarm_IRQHandler                      0x0800011b   Thumb Code     0  startup_stm32f10x_md.o(.text)
    RTC_IRQHandler                           0x0800011b   Thumb Code     0  startup_stm32f10x_md.o(.text)
    SPI1_IRQHandler                          0x0800011b   Thumb Code     0  startup_stm32f10x_md.o(.text)
    SPI2_IRQHandler                          0x0800011b   Thumb Code     0  startup_stm32f10x_md.o(.text)
    TAMPER_IRQHandler                        0x0800011b   Thumb Code     0  startup_stm32f10x_md.o(.text)
    TIM1_BRK_IRQHandler                      0x0800011b   Thumb Code     0  startup_stm32f10x_md.o(.text)
    TIM1_CC_IRQHandler                       0x0800011b   Thumb Code     0  startup_stm32f10x_md.o(.text)
    TIM1_TRG_COM_IRQHandler                  0x0800011b   Thumb Code     0  startup_stm32f10x_md.o(.text)
    TIM1_UP_IRQHandler                       0x0800011b   Thumb Code     0  startup_stm32f10x_md.o(.text)
    TIM2_IRQHandler                          0x0800011b   Thumb Code     0  startup_stm32f10x_md.o(.text)
    USART3_IRQHandler                        0x0800011b   Thumb Code     0  startup_stm32f10x_md.o(.text)
    USBWakeUp_IRQHandler                     0x0800011b   Thumb Code     0  startup_stm32f10x_md.o(.text)
    USB_HP_CAN1_TX_IRQHandler                0x0800011b   Thumb Code     0  startup_stm32f10x_md.o(.text)
    USB_LP_CAN1_RX0_IRQHandler               0x0800011b   Thumb Code     0  startup_stm32f10x_md.o(.text)
    WWDG_IRQHandler                          0x0800011b   Thumb Code     0  startup_stm32f10x_md.o(.text)
    tolower                                  0x08000125   Thumb Code    12  tolower.o(.text)
    __aeabi_memcpy                           0x08000131   Thumb Code    36  memcpya.o(.text)
    __aeabi_memcpy4                          0x08000131   Thumb Code     0  memcpya.o(.text)
    __aeabi_memcpy8                          0x08000131   Thumb Code     0  memcpya.o(.text)
    __aeabi_memset                           0x08000155   Thumb Code    14  memseta.o(.text)
    __aeabi_memset4                          0x08000155   Thumb Code     0  memseta.o(.text)
    __aeabi_memset8                          0x08000155   Thumb Code     0  memseta.o(.text)
    __aeabi_memclr                           0x08000163   Thumb Code     4  memseta.o(.text)
    __aeabi_memclr4                          0x08000163   Thumb Code     0  memseta.o(.text)
    __aeabi_memclr8                          0x08000163   Thumb Code     0  memseta.o(.text)
    _memset$wrapper                          0x08000167   Thumb Code    18  memseta.o(.text)
    strstr                                   0x08000179   Thumb Code    36  strstr.o(.text)
    strchr                                   0x0800019d   Thumb Code    20  strchr.o(.text)
    strlen                                   0x080001b1   Thumb Code    14  strlen.o(.text)
    strncat                                  0x080001bf   Thumb Code    40  strncat.o(.text)
    strncmp                                  0x080001e7   Thumb Code    30  strncmp.o(.text)
    atoi                                     0x08000205   Thumb Code    26  atoi.o(.text)
    __aeabi_fadd                             0x0800021f   Thumb Code   164  fadd.o(.text)
    __aeabi_fsub                             0x080002c3   Thumb Code     6  fadd.o(.text)
    __aeabi_frsub                            0x080002c9   Thumb Code     6  fadd.o(.text)
    __aeabi_fmul                             0x080002cf   Thumb Code   100  fmul.o(.text)
    __aeabi_fdiv                             0x08000333   Thumb Code   124  fdiv.o(.text)
    __aeabi_dadd                             0x080003af   Thumb Code   322  dadd.o(.text)
    __aeabi_dsub                             0x080004f1   Thumb Code     6  dadd.o(.text)
    __aeabi_drsub                            0x080004f7   Thumb Code     6  dadd.o(.text)
    __aeabi_dmul                             0x080004fd   Thumb Code   228  dmul.o(.text)
    __aeabi_i2d                              0x080005e1   Thumb Code    34  dflti.o(.text)
    __aeabi_f2uiz                            0x08000603   Thumb Code    40  ffixui.o(.text)
    __aeabi_d2iz                             0x0800062b   Thumb Code    62  dfixi.o(.text)
    __aeabi_cdrcmple                         0x08000669   Thumb Code    48  cdrcmple.o(.text)
    __aeabi_uidiv                            0x08000699   Thumb Code     0  uidiv.o(.text)
    __aeabi_uidivmod                         0x08000699   Thumb Code    44  uidiv.o(.text)
    __aeabi_uldivmod                         0x080006c5   Thumb Code    98  uldiv.o(.text)
    __aeabi_llsl                             0x08000727   Thumb Code    30  llshl.o(.text)
    _ll_shift_l                              0x08000727   Thumb Code     0  llshl.o(.text)
    __aeabi_llsr                             0x08000745   Thumb Code    32  llushr.o(.text)
    _ll_ushift_r                             0x08000745   Thumb Code     0  llushr.o(.text)
    __aeabi_lasr                             0x08000765   Thumb Code    36  llsshr.o(.text)
    _ll_sshift_r                             0x08000765   Thumb Code     0  llsshr.o(.text)
    strtol                                   0x08000789   Thumb Code   112  strtol.o(.text)
    __I$use$fp                               0x080007f9   Thumb Code     0  iusefp.o(.text)
    _float_round                             0x080007f9   Thumb Code    18  fepilogue.o(.text)
    _float_epilogue                          0x0800080b   Thumb Code    92  fepilogue.o(.text)
    _double_round                            0x08000867   Thumb Code    30  depilogue.o(.text)
    _double_epilogue                         0x08000885   Thumb Code   156  depilogue.o(.text)
    __aeabi_ddiv                             0x08000921   Thumb Code   222  ddiv.o(.text)
    __ARM_scalbn                             0x080009ff   Thumb Code    46  dscalb.o(.text)
    scalbn                                   0x080009ff   Thumb Code     0  dscalb.o(.text)
    __aeabi_d2ulz                            0x08000a2d   Thumb Code    48  dfixul.o(.text)
    __scatterload                            0x08000a5d   Thumb Code    28  init.o(.text)
    __scatterload_rt2                        0x08000a5d   Thumb Code     0  init.o(.text)
    __rt_ctype_table                         0x08000a81   Thumb Code     4  ctype_o.o(.text)
    _strtoul                                 0x08000a89   Thumb Code   158  _strtoul.o(.text)
    _dsqrt                                   0x08000b27   Thumb Code   162  dsqrt.o(.text)
    _chval                                   0x08000bc9   Thumb Code    28  _chval.o(.text)
    ADC_Cmd                                  0x08000be5   Thumb Code    22  stm32f10x_adc.o(i.ADC_Cmd)
    ADC_DMACmd                               0x08000bfb   Thumb Code    22  stm32f10x_adc.o(i.ADC_DMACmd)
    ADC_GetCalibrationStatus                 0x08000c11   Thumb Code    20  stm32f10x_adc.o(i.ADC_GetCalibrationStatus)
    ADC_GetResetCalibrationStatus            0x08000c25   Thumb Code    20  stm32f10x_adc.o(i.ADC_GetResetCalibrationStatus)
    ADC_Init                                 0x08000c39   Thumb Code    70  stm32f10x_adc.o(i.ADC_Init)
    ADC_RegularChannelConfig                 0x08000c89   Thumb Code   184  stm32f10x_adc.o(i.ADC_RegularChannelConfig)
    ADC_ResetCalibration                     0x08000d41   Thumb Code    10  stm32f10x_adc.o(i.ADC_ResetCalibration)
    ADC_SoftwareStartConvCmd                 0x08000d4b   Thumb Code    22  stm32f10x_adc.o(i.ADC_SoftwareStartConvCmd)
    ADC_StartCalibration                     0x08000d61   Thumb Code    10  stm32f10x_adc.o(i.ADC_StartCalibration)
    AD_Init                                  0x08000d6d   Thumb Code   296  ad.o(i.AD_Init)
    BusFault_Handler                         0x08000ea9   Thumb Code     4  stm32f10x_it.o(i.BusFault_Handler)
    Buzzer_Init                              0x08000ead   Thumb Code    48  buzzer.o(i.Buzzer_Init)
    Buzzer_OFF                               0x08000ee1   Thumb Code    20  buzzer.o(i.Buzzer_OFF)
    Buzzer_ON                                0x08000efd   Thumb Code    20  buzzer.o(i.Buzzer_ON)
    Buzzer_Turn                              0x08000f19   Thumb Code    50  buzzer.o(i.Buzzer_Turn)
    Control_Execute                          0x08000f55   Thumb Code   132  autocontrol.o(i.Control_Execute)
    Control_Init                             0x08000fe9   Thumb Code    50  autocontrol.o(i.Control_Init)
    DHT_GPIO_Init                            0x08001029   Thumb Code    46  dht11.o(i.DHT_GPIO_Init)
    DHT_Get_Byte_Data                        0x0800105d   Thumb Code    74  dht11.o(i.DHT_Get_Byte_Data)
    DHT_Get_Temp_Humi_Data                   0x080010ad   Thumb Code    68  dht11.o(i.DHT_Get_Temp_Humi_Data)
    DHT_Start                                0x080010f1   Thumb Code    88  dht11.o(i.DHT_Start)
    DMA_Cmd                                  0x0800114d   Thumb Code    24  stm32f10x_dma.o(i.DMA_Cmd)
    DMA_Init                                 0x08001165   Thumb Code    60  stm32f10x_dma.o(i.DMA_Init)
    DebugMon_Handler                         0x080011a1   Thumb Code     2  stm32f10x_it.o(i.DebugMon_Handler)
    Delay_ms                                 0x080011a3   Thumb Code    24  delay.o(i.Delay_ms)
    Delay_us                                 0x080011bb   Thumb Code    46  delay.o(i.Delay_us)
    ESP8266_Clear                            0x080011e9   Thumb Code    18  esp8266.o(i.ESP8266_Clear)
    ESP8266_GetIPD                           0x08001205   Thumb Code    66  esp8266.o(i.ESP8266_GetIPD)
    ESP8266_Init                             0x08001255   Thumb Code   284  esp8266.o(i.ESP8266_Init)
    ESP8266_SendCmd                          0x08001481   Thumb Code    76  esp8266.o(i.ESP8266_SendCmd)
    ESP8266_SendData                         0x080014d5   Thumb Code    46  esp8266.o(i.ESP8266_SendData)
    ESP8266_WaitRecive                       0x0800151d   Thumb Code    42  esp8266.o(i.ESP8266_WaitRecive)
    GPIO_Init                                0x08001551   Thumb Code   278  stm32f10x_gpio.o(i.GPIO_Init)
    GPIO_ReadInputDataBit                    0x08001667   Thumb Code    18  stm32f10x_gpio.o(i.GPIO_ReadInputDataBit)
    GPIO_ResetBits                           0x08001679   Thumb Code     4  stm32f10x_gpio.o(i.GPIO_ResetBits)
    GPIO_SetBits                             0x0800167d   Thumb Code     4  stm32f10x_gpio.o(i.GPIO_SetBits)
    GPIO_WriteBit                            0x08001681   Thumb Code    10  stm32f10x_gpio.o(i.GPIO_WriteBit)
    HardFault_Handler                        0x0800168b   Thumb Code     4  stm32f10x_it.o(i.HardFault_Handler)
    IIC_Ack                                  0x08001691   Thumb Code    60  sgp30i2c.o(i.IIC_Ack)
    IIC_Init                                 0x080016d1   Thumb Code    50  sgp30i2c.o(i.IIC_Init)
    IIC_NAck                                 0x08001709   Thumb Code    60  sgp30i2c.o(i.IIC_NAck)
    IIC_Read_Byte                            0x08001749   Thumb Code    94  sgp30i2c.o(i.IIC_Read_Byte)
    IIC_Send_Byte                            0x080017ad   Thumb Code   106  sgp30i2c.o(i.IIC_Send_Byte)
    IIC_Start                                0x0800181d   Thumb Code    60  sgp30i2c.o(i.IIC_Start)
    IIC_Stop                                 0x0800185d   Thumb Code    60  sgp30i2c.o(i.IIC_Stop)
    IIC_Wait_Ack                             0x0800189d   Thumb Code    86  sgp30i2c.o(i.IIC_Wait_Ack)
    Key_Execute                              0x080018f9   Thumb Code   288  key.o(i.Key_Execute)
    Key_GetVlaues                            0x08001a61   Thumb Code   434  key.o(i.Key_GetVlaues)
    Key_Init                                 0x08001c1d   Thumb Code   102  key.o(i.Key_Init)
    LED1_OFF                                 0x08001c8d   Thumb Code    12  led.o(i.LED1_OFF)
    LED1_ON                                  0x08001c9d   Thumb Code    12  led.o(i.LED1_ON)
    LED1_Turn                                0x08001cad   Thumb Code    32  led.o(i.LED1_Turn)
    LED2_OFF                                 0x08001cd1   Thumb Code    12  led.o(i.LED2_OFF)
    LED2_ON                                  0x08001ce1   Thumb Code    12  led.o(i.LED2_ON)
    LED2_Turn                                0x08001cf1   Thumb Code    32  led.o(i.LED2_Turn)
    LED_Init                                 0x08001d15   Thumb Code    46  led.o(i.LED_Init)
    MQTT_DeleteBuffer                        0x08001d49   Thumb Code    28  mqttkit.o(i.MQTT_DeleteBuffer)
    MQTT_DumpLength                          0x08001d65   Thumb Code    46  mqttkit.o(i.MQTT_DumpLength)
    MQTT_NewBuffer                           0x08001d93   Thumb Code    88  mqttkit.o(i.MQTT_NewBuffer)
    MQTT_PacketConnect                       0x08001ded   Thumb Code   666  mqttkit.o(i.MQTT_PacketConnect)
    MQTT_PacketPublish                       0x0800208d   Thumb Code   440  mqttkit.o(i.MQTT_PacketPublish)
    MQTT_PacketPublishComp                   0x08002245   Thumb Code    72  mqttkit.o(i.MQTT_PacketPublishComp)
    MQTT_PacketPublishRel                    0x0800228d   Thumb Code    72  mqttkit.o(i.MQTT_PacketPublishRel)
    MQTT_PacketSubscribe                     0x080022d5   Thumb Code   254  mqttkit.o(i.MQTT_PacketSubscribe)
    MQTT_ReadLength                          0x080023d3   Thumb Code    70  mqttkit.o(i.MQTT_ReadLength)
    MQTT_UnPacketCmd                         0x08002419   Thumb Code   140  mqttkit.o(i.MQTT_UnPacketCmd)
    MQTT_UnPacketConnectAck                  0x080024a5   Thumb Code    30  mqttkit.o(i.MQTT_UnPacketConnectAck)
    MQTT_UnPacketPublish                     0x080024c5   Thumb Code   438  mqttkit.o(i.MQTT_UnPacketPublish)
    MQTT_UnPacketPublishAck                  0x08002685   Thumb Code    30  mqttkit.o(i.MQTT_UnPacketPublishAck)
    MQTT_UnPacketPublishComp                 0x080026a3   Thumb Code    30  mqttkit.o(i.MQTT_UnPacketPublishComp)
    MQTT_UnPacketPublishRec                  0x080026c1   Thumb Code    30  mqttkit.o(i.MQTT_UnPacketPublishRec)
    MQTT_UnPacketPublishRel                  0x080026df   Thumb Code    36  mqttkit.o(i.MQTT_UnPacketPublishRel)
    MQTT_UnPacketRecv                        0x08002705   Thumb Code   106  mqttkit.o(i.MQTT_UnPacketRecv)
    MQTT_UnPacketSubscribe                   0x08002779   Thumb Code    52  mqttkit.o(i.MQTT_UnPacketSubscribe)
    MQTT_UnPacketUnSubscribe                 0x080027ad   Thumb Code    18  mqttkit.o(i.MQTT_UnPacketUnSubscribe)
    MemManage_Handler                        0x080027bf   Thumb Code     4  stm32f10x_it.o(i.MemManage_Handler)
    NMI_Handler                              0x080027c3   Thumb Code     2  stm32f10x_it.o(i.NMI_Handler)
    NVIC_Init                                0x080027c5   Thumb Code   100  misc.o(i.NVIC_Init)
    NVIC_PriorityGroupConfig                 0x08002835   Thumb Code    10  misc.o(i.NVIC_PriorityGroupConfig)
    OLED_Clear                               0x08002849   Thumb Code    42  oled.o(i.OLED_Clear)
    OLED_I2C_Init                            0x08002875   Thumb Code    76  oled.o(i.OLED_I2C_Init)
    OLED_I2C_SendByte                        0x080028c5   Thumb Code    80  oled.o(i.OLED_I2C_SendByte)
    OLED_I2C_Start                           0x08002919   Thumb Code    48  oled.o(i.OLED_I2C_Start)
    OLED_I2C_Stop                            0x0800294d   Thumb Code    36  oled.o(i.OLED_I2C_Stop)
    OLED_Init                                0x08002975   Thumb Code   174  oled.o(i.OLED_Init)
    OLED_SetCursor                           0x08002a23   Thumb Code    34  oled.o(i.OLED_SetCursor)
    OLED_ShowChar                            0x08002a45   Thumb Code   110  oled.o(i.OLED_ShowChar)
    OLED_ShowString                          0x08002ab9   Thumb Code    40  oled.o(i.OLED_ShowString)
    OLED_WriteCommand                        0x08002ae1   Thumb Code    32  oled.o(i.OLED_WriteCommand)
    OLED_WriteData                           0x08002b01   Thumb Code    32  oled.o(i.OLED_WriteData)
    OneNet_DevLink                           0x08002b21   Thumb Code   210  onenet.o(i.OneNet_DevLink)
    OneNet_Publish                           0x08002d45   Thumb Code    84  onenet.o(i.OneNet_Publish)
    OneNet_RevPro                            0x08002dbd   Thumb Code   752  onenet.o(i.OneNet_RevPro)
    OneNet_Subscribe                         0x0800328d   Thumb Code    78  onenet.o(i.OneNet_Subscribe)
    PWM_Init                                 0x080032f9   Thumb Code   164  pwm.o(i.PWM_Init)
    PWM_SetCompare2                          0x080033a1   Thumb Code    16  pwm.o(i.PWM_SetCompare2)
    PendSV_Handler                           0x080033b1   Thumb Code     2  stm32f10x_it.o(i.PendSV_Handler)
    RCC_ADCCLKConfig                         0x080033b5   Thumb Code    18  stm32f10x_rcc.o(i.RCC_ADCCLKConfig)
    RCC_AHBPeriphClockCmd                    0x080033cd   Thumb Code    26  stm32f10x_rcc.o(i.RCC_AHBPeriphClockCmd)
    RCC_APB1PeriphClockCmd                   0x080033ed   Thumb Code    26  stm32f10x_rcc.o(i.RCC_APB1PeriphClockCmd)
    RCC_APB2PeriphClockCmd                   0x0800340d   Thumb Code    26  stm32f10x_rcc.o(i.RCC_APB2PeriphClockCmd)
    RCC_GetClocksFreq                        0x0800342d   Thumb Code   192  stm32f10x_rcc.o(i.RCC_GetClocksFreq)
    SDA_IN                                   0x08003501   Thumb Code    32  sgp30i2c.o(i.SDA_IN)
    SDA_OUT                                  0x08003525   Thumb Code    32  sgp30i2c.o(i.SDA_OUT)
    SGP30_Init                               0x08003549   Thumb Code    16  sgp30.o(i.SGP30_Init)
    SGP30_ad_read                            0x08003559   Thumb Code    72  sgp30.o(i.SGP30_ad_read)
    SGP30_ad_write                           0x080035a1   Thumb Code    52  sgp30.o(i.SGP30_ad_write)
    SGP30_getValue                           0x080035d5   Thumb Code    38  sgp30.o(i.SGP30_getValue)
    SVC_Handler                              0x08003609   Thumb Code     2  stm32f10x_it.o(i.SVC_Handler)
    Servo_Init                               0x0800360b   Thumb Code    12  servo.o(i.Servo_Init)
    Servo_Turn                               0x08003619   Thumb Code    20  servo.o(i.Servo_Turn)
    Servo_close                              0x08003631   Thumb Code    16  servo.o(i.Servo_close)
    Servo_open                               0x08003649   Thumb Code    16  servo.o(i.Servo_open)
    Servo_setAngle                           0x0800365d   Thumb Code    48  servo.o(i.Servo_setAngle)
    SysTick_Handler                          0x08003781   Thumb Code     2  stm32f10x_it.o(i.SysTick_Handler)
    SystemInit                               0x08003785   Thumb Code    78  system_stm32f10x.o(i.SystemInit)
    TIM3_IRQHandler                          0x080037e5   Thumb Code   104  timer.o(i.TIM3_IRQHandler)
    TIM4_IRQHandler                          0x08003869   Thumb Code    58  key.o(i.TIM4_IRQHandler)
    TIM_ClearFlag                            0x080038ad   Thumb Code     6  stm32f10x_tim.o(i.TIM_ClearFlag)
    TIM_ClearITPendingBit                    0x080038b3   Thumb Code     6  stm32f10x_tim.o(i.TIM_ClearITPendingBit)
    TIM_Cmd                                  0x080038b9   Thumb Code    24  stm32f10x_tim.o(i.TIM_Cmd)
    TIM_GetITStatus                          0x080038d1   Thumb Code    34  stm32f10x_tim.o(i.TIM_GetITStatus)
    TIM_ITConfig                             0x080038f3   Thumb Code    18  stm32f10x_tim.o(i.TIM_ITConfig)
    TIM_InternalClockConfig                  0x08003905   Thumb Code    12  stm32f10x_tim.o(i.TIM_InternalClockConfig)
    TIM_OC2Init                              0x08003911   Thumb Code   154  stm32f10x_tim.o(i.TIM_OC2Init)
    TIM_OCStructInit                         0x080039b5   Thumb Code    20  stm32f10x_tim.o(i.TIM_OCStructInit)
    TIM_SetCompare2                          0x080039c9   Thumb Code     4  stm32f10x_tim.o(i.TIM_SetCompare2)
    TIM_TimeBaseInit                         0x080039cd   Thumb Code   122  stm32f10x_tim.o(i.TIM_TimeBaseInit)
    Timer_Init                               0x08003a71   Thumb Code   192  timer.o(i.Timer_Init)
    USART1_IRQHandler                        0x08003b39   Thumb Code    24  usart.o(i.USART1_IRQHandler)
    USART2_IRQHandler                        0x08003b55   Thumb Code    62  esp8266.o(i.USART2_IRQHandler)
    USART_ClearFlag                          0x08003ba1   Thumb Code    18  stm32f10x_usart.o(i.USART_ClearFlag)
    USART_Cmd                                0x08003bb3   Thumb Code    24  stm32f10x_usart.o(i.USART_Cmd)
    USART_GetFlagStatus                      0x08003bcb   Thumb Code    26  stm32f10x_usart.o(i.USART_GetFlagStatus)
    USART_GetITStatus                        0x08003be5   Thumb Code    84  stm32f10x_usart.o(i.USART_GetITStatus)
    USART_ITConfig                           0x08003c39   Thumb Code    74  stm32f10x_usart.o(i.USART_ITConfig)
    USART_Init                               0x08003c85   Thumb Code   210  stm32f10x_usart.o(i.USART_Init)
    USART_SendData                           0x08003d5d   Thumb Code     8  stm32f10x_usart.o(i.USART_SendData)
    UsageFault_Handler                       0x08003d65   Thumb Code     4  stm32f10x_it.o(i.UsageFault_Handler)
    Usart1_Init                              0x08003d69   Thumb Code   166  usart.o(i.Usart1_Init)
    Usart2_Init                              0x08003e19   Thumb Code   162  usart.o(i.Usart2_Init)
    UsartPrintf                              0x08003ec5   Thumb Code    72  usart.o(i.UsartPrintf)
    Usart_SendString                         0x08003f0d   Thumb Code    50  usart.o(i.Usart_SendString)
    __0sprintf                               0x08003f41   Thumb Code    34  printfa.o(i.__0sprintf)
    __1sprintf                               0x08003f41   Thumb Code     0  printfa.o(i.__0sprintf)
    __2sprintf                               0x08003f41   Thumb Code     0  printfa.o(i.__0sprintf)
    __c89sprintf                             0x08003f41   Thumb Code     0  printfa.o(i.__0sprintf)
    sprintf                                  0x08003f41   Thumb Code     0  printfa.o(i.__0sprintf)
    __0vsnprintf                             0x08003f69   Thumb Code    40  printfa.o(i.__0vsnprintf)
    __1vsnprintf                             0x08003f69   Thumb Code     0  printfa.o(i.__0vsnprintf)
    __2vsnprintf                             0x08003f69   Thumb Code     0  printfa.o(i.__0vsnprintf)
    __c89vsnprintf                           0x08003f69   Thumb Code     0  printfa.o(i.__0vsnprintf)
    vsnprintf                                0x08003f69   Thumb Code     0  printfa.o(i.__0vsnprintf)
    __ARM_fpclassify                         0x08003f95   Thumb Code    40  fpclassify.o(i.__ARM_fpclassify)
    __aeabi_errno_addr                       0x08003fbd   Thumb Code     4  errno.o(i.__aeabi_errno_addr)
    __rt_errno_addr                          0x08003fbd   Thumb Code     0  errno.o(i.__aeabi_errno_addr)
    __kernel_poly                            0x08003fc5   Thumb Code   170  poly.o(i.__kernel_poly)
    __mathlib_dbl_divzero                    0x08004071   Thumb Code    12  dunder.o(i.__mathlib_dbl_divzero)
    __mathlib_dbl_infnan2                    0x08004081   Thumb Code     4  dunder.o(i.__mathlib_dbl_infnan2)
    __mathlib_dbl_invalid                    0x08004085   Thumb Code    12  dunder.o(i.__mathlib_dbl_invalid)
    __mathlib_dbl_overflow                   0x08004091   Thumb Code    14  dunder.o(i.__mathlib_dbl_overflow)
    __mathlib_dbl_underflow                  0x080040a1   Thumb Code    10  dunder.o(i.__mathlib_dbl_underflow)
    __scatterload_copy                       0x080040b1   Thumb Code    14  handlers.o(i.__scatterload_copy)
    __scatterload_null                       0x080040bf   Thumb Code     2  handlers.o(i.__scatterload_null)
    __scatterload_zeroinit                   0x080040c1   Thumb Code    14  handlers.o(i.__scatterload_zeroinit)
    __set_errno                              0x080040d1   Thumb Code     6  errno.o(i.__set_errno)
    cJSON_Delete                             0x080049b1   Thumb Code    82  cjson.o(i.cJSON_Delete)
    cJSON_GetErrorPtr                        0x08004a09   Thumb Code     6  cjson.o(i.cJSON_GetErrorPtr)
    cJSON_GetObjectItem                      0x08004a15   Thumb Code    30  cjson.o(i.cJSON_GetObjectItem)
    cJSON_Parse                              0x08004a55   Thumb Code    16  cjson.o(i.cJSON_Parse)
    cJSON_ParseWithOpts                      0x08004a65   Thumb Code    96  cjson.o(i.cJSON_ParseWithOpts)
    free                                     0x08004b15   Thumb Code    76  malloc.o(i.free)
    main                                     0x08004b65   Thumb Code   704  main.o(i.main)
    malloc                                   0x08004f31   Thumb Code    92  malloc.o(i.malloc)
    pow                                      0x080056b5   Thumb Code  2512  pow.o(i.pow)
    relay1_OFF                               0x0800608d   Thumb Code    14  relay.o(i.relay1_OFF)
    relay1_ON                                0x080060a1   Thumb Code    14  relay.o(i.relay1_ON)
    relay1_Turn                              0x080060b5   Thumb Code    38  relay.o(i.relay1_Turn)
    relay2_OFF                               0x080060e1   Thumb Code    14  relay.o(i.relay2_OFF)
    relay2_ON                                0x080060f5   Thumb Code    14  relay.o(i.relay2_ON)
    relay2_Turn                              0x08006109   Thumb Code    38  relay.o(i.relay2_Turn)
    relay_Init                               0x08006135   Thumb Code    50  relay.o(i.relay_Init)
    sqrt                                     0x0800617f   Thumb Code    76  sqrt.o(i.sqrt)
    OLED_F8x16                               0x080061ca   Data        1520  oled.o(.constdata)
    __mathlib_zero                           0x08006858   Data           8  qnan.o(.constdata)
    __ctype_table                            0x08006860   Data         129  ctype_o.o(.constdata)
    Region$$Table$$Base                      0x08006998   Number         0  anon$$obj.o(Region$$Table)
    Region$$Table$$Limit                     0x080069b8   Number         0  anon$$obj.o(Region$$Table)
    AD_Value                                 0x20000014   Data           6  ad.o(.data)
    InfraredSwitch                           0x2000001a   Data           2  ad.o(.data)
    Servo_flag                               0x2000001c   Data           1  servo.o(.data)
    Buzzer_flag                              0x2000001d   Data           1  buzzer.o(.data)
    timedAD                                  0x20000020   Data           8  timer.o(.data)
    timeDht11                                0x20000028   Data           8  timer.o(.data)
    timedKey                                 0x20000030   Data           8  timer.o(.data)
    timed8266                                0x20000038   Data           8  timer.o(.data)
    timedSuB8266                             0x20000040   Data           8  timer.o(.data)
    timedAuto                                0x20000048   Data           8  timer.o(.data)
    timeCount                                0x20000050   Data           2  timer.o(.data)
    AutoControl_mode                         0x20000052   Data           1  autocontrol.o(.data)
    Co2                                      0x20000054   Data           2  sgp30.o(.data)
    TVOC                                     0x20000056   Data           2  sgp30.o(.data)
    dat                                      0x20000058   Data           4  sgp30.o(.data)
    DHT_Buffer                               0x2000005c   Data           5  main.o(.data)
    OLED_Flag                                0x20000061   Data           1  main.o(.data)
    flag                                     0x20000062   Data           2  main.o(.data)
    keyVlue1                                 0x20000064   Data           1  main.o(.data)
    keyVlue2                                 0x20000065   Data           1  main.o(.data)
    a                                        0x20000066   Data           2  main.o(.data)
    humidityH                                0x20000068   Data           2  main.o(.data)
    humidityL                                0x2000006a   Data           2  main.o(.data)
    temperatureH                             0x2000006c   Data           2  main.o(.data)
    temperatureL                             0x2000006e   Data           2  main.o(.data)
    Light                                    0x20000070   Data           2  main.o(.data)
    LED1_Status                              0x20000072   Data           2  main.o(.data)
    LED2_Status                              0x20000074   Data           2  main.o(.data)
    Buzz_Status                              0x20000076   Data           2  main.o(.data)
    soilHumidity                             0x20000078   Data           2  main.o(.data)
    Servo                                    0x2000007a   Data           2  main.o(.data)
    Fan                                      0x2000007c   Data           2  main.o(.data)
    WaterPump                                0x2000007e   Data           2  main.o(.data)
    esp8266_cnt                              0x20000080   Data           2  esp8266.o(.data)
    esp8266_cntPre                           0x20000082   Data           2  esp8266.o(.data)
    __microlib_freelist                      0x20000094   Data           4  mvars.o(.data)
    __microlib_freelist_initialised          0x20000098   Data           4  mvars.o(.data)
    Keys                                     0x200000a0   Data          28  key.o(.bss)
    text                                     0x200000bc   Data          30  key.o(.bss)
    tempControl                              0x200000dc   Data          16  autocontrol.o(.bss)
    lightControl                             0x200000ec   Data          16  autocontrol.o(.bss)
    soilHumControl                           0x200000fc   Data          16  autocontrol.o(.bss)
    str                                      0x2000010c   Data          20  main.o(.bss)
    esp8266_buf                              0x20000120   Data         128  esp8266.o(.bss)
    __heap_base                              0x200001a0   Data           0  startup_stm32f10x_md.o(HEAP)
    __heap_limit                             0x200003a0   Data           0  startup_stm32f10x_md.o(HEAP)
    __initial_sp                             0x200007a0   Data           0  startup_stm32f10x_md.o(STACK)



==============================================================================

Memory Map of the image

  Image Entry point : 0x080000ed

  Load Region LR_IROM1 (Base: 0x08000000, Size: 0x00006a58, Max: 0x00010000, ABSOLUTE)

    Execution Region ER_IROM1 (Exec base: 0x08000000, Load base: 0x08000000, Size: 0x000069b8, Max: 0x00010000, ABSOLUTE)

    Exec Addr    Load Addr    Size         Type   Attr      Idx    E Section Name        Object

    0x08000000   0x08000000   0x000000ec   Data   RO            3    RESET               startup_stm32f10x_md.o
    0x080000ec   0x080000ec   0x00000000   Code   RO         4634  * .ARM.Collect$$$$00000000  mc_w.l(entry.o)
    0x080000ec   0x080000ec   0x00000004   Code   RO         4997    .ARM.Collect$$$$00000001  mc_w.l(entry2.o)
    0x080000f0   0x080000f0   0x00000004   Code   RO         5000    .ARM.Collect$$$$00000004  mc_w.l(entry5.o)
    0x080000f4   0x080000f4   0x00000000   Code   RO         5002    .ARM.Collect$$$$00000008  mc_w.l(entry7b.o)
    0x080000f4   0x080000f4   0x00000000   Code   RO         5004    .ARM.Collect$$$$0000000A  mc_w.l(entry8b.o)
    0x080000f4   0x080000f4   0x00000008   Code   RO         5005    .ARM.Collect$$$$0000000B  mc_w.l(entry9a.o)
    0x080000fc   0x080000fc   0x00000000   Code   RO         5007    .ARM.Collect$$$$0000000D  mc_w.l(entry10a.o)
    0x080000fc   0x080000fc   0x00000000   Code   RO         5009    .ARM.Collect$$$$0000000F  mc_w.l(entry11a.o)
    0x080000fc   0x080000fc   0x00000004   Code   RO         4998    .ARM.Collect$$$$00002712  mc_w.l(entry2.o)
    0x08000100   0x08000100   0x00000024   Code   RO            4    .text               startup_stm32f10x_md.o
    0x08000124   0x08000124   0x0000000c   Code   RO         4637    .text               mc_w.l(tolower.o)
    0x08000130   0x08000130   0x00000024   Code   RO         4639    .text               mc_w.l(memcpya.o)
    0x08000154   0x08000154   0x00000024   Code   RO         4641    .text               mc_w.l(memseta.o)
    0x08000178   0x08000178   0x00000024   Code   RO         4643    .text               mc_w.l(strstr.o)
    0x0800019c   0x0800019c   0x00000014   Code   RO         4645    .text               mc_w.l(strchr.o)
    0x080001b0   0x080001b0   0x0000000e   Code   RO         4647    .text               mc_w.l(strlen.o)
    0x080001be   0x080001be   0x00000028   Code   RO         4649    .text               mc_w.l(strncat.o)
    0x080001e6   0x080001e6   0x0000001e   Code   RO         4653    .text               mc_w.l(strncmp.o)
    0x08000204   0x08000204   0x0000001a   Code   RO         4946    .text               mc_w.l(atoi.o)
    0x0800021e   0x0800021e   0x000000b0   Code   RO         4948    .text               mf_w.l(fadd.o)
    0x080002ce   0x080002ce   0x00000064   Code   RO         4950    .text               mf_w.l(fmul.o)
    0x08000332   0x08000332   0x0000007c   Code   RO         4952    .text               mf_w.l(fdiv.o)
    0x080003ae   0x080003ae   0x0000014e   Code   RO         4954    .text               mf_w.l(dadd.o)
    0x080004fc   0x080004fc   0x000000e4   Code   RO         4956    .text               mf_w.l(dmul.o)
    0x080005e0   0x080005e0   0x00000022   Code   RO         4958    .text               mf_w.l(dflti.o)
    0x08000602   0x08000602   0x00000028   Code   RO         4960    .text               mf_w.l(ffixui.o)
    0x0800062a   0x0800062a   0x0000003e   Code   RO         4962    .text               mf_w.l(dfixi.o)
    0x08000668   0x08000668   0x00000030   Code   RO         4968    .text               mf_w.l(cdrcmple.o)
    0x08000698   0x08000698   0x0000002c   Code   RO         5014    .text               mc_w.l(uidiv.o)
    0x080006c4   0x080006c4   0x00000062   Code   RO         5016    .text               mc_w.l(uldiv.o)
    0x08000726   0x08000726   0x0000001e   Code   RO         5018    .text               mc_w.l(llshl.o)
    0x08000744   0x08000744   0x00000020   Code   RO         5020    .text               mc_w.l(llushr.o)
    0x08000764   0x08000764   0x00000024   Code   RO         5022    .text               mc_w.l(llsshr.o)
    0x08000788   0x08000788   0x00000070   Code   RO         5033    .text               mc_w.l(strtol.o)
    0x080007f8   0x080007f8   0x00000000   Code   RO         5035    .text               mc_w.l(iusefp.o)
    0x080007f8   0x080007f8   0x0000006e   Code   RO         5036    .text               mf_w.l(fepilogue.o)
    0x08000866   0x08000866   0x000000ba   Code   RO         5038    .text               mf_w.l(depilogue.o)
    0x08000920   0x08000920   0x000000de   Code   RO         5040    .text               mf_w.l(ddiv.o)
    0x080009fe   0x080009fe   0x0000002e   Code   RO         5042    .text               mf_w.l(dscalb.o)
    0x08000a2c   0x08000a2c   0x00000030   Code   RO         5044    .text               mf_w.l(dfixul.o)
    0x08000a5c   0x08000a5c   0x00000024   Code   RO         5046    .text               mc_w.l(init.o)
    0x08000a80   0x08000a80   0x00000008   Code   RO         5049    .text               mc_w.l(ctype_o.o)
    0x08000a88   0x08000a88   0x0000009e   Code   RO         5077    .text               mc_w.l(_strtoul.o)
    0x08000b26   0x08000b26   0x000000a2   Code   RO         5080    .text               mf_w.l(dsqrt.o)
    0x08000bc8   0x08000bc8   0x0000001c   Code   RO         5082    .text               mc_w.l(_chval.o)
    0x08000be4   0x08000be4   0x00000016   Code   RO          202    i.ADC_Cmd           stm32f10x_adc.o
    0x08000bfa   0x08000bfa   0x00000016   Code   RO          203    i.ADC_DMACmd        stm32f10x_adc.o
    0x08000c10   0x08000c10   0x00000014   Code   RO          210    i.ADC_GetCalibrationStatus  stm32f10x_adc.o
    0x08000c24   0x08000c24   0x00000014   Code   RO          216    i.ADC_GetResetCalibrationStatus  stm32f10x_adc.o
    0x08000c38   0x08000c38   0x00000050   Code   RO          220    i.ADC_Init          stm32f10x_adc.o
    0x08000c88   0x08000c88   0x000000b8   Code   RO          224    i.ADC_RegularChannelConfig  stm32f10x_adc.o
    0x08000d40   0x08000d40   0x0000000a   Code   RO          225    i.ADC_ResetCalibration  stm32f10x_adc.o
    0x08000d4a   0x08000d4a   0x00000016   Code   RO          227    i.ADC_SoftwareStartConvCmd  stm32f10x_adc.o
    0x08000d60   0x08000d60   0x0000000a   Code   RO          229    i.ADC_StartCalibration  stm32f10x_adc.o
    0x08000d6a   0x08000d6a   0x00000002   PAD
    0x08000d6c   0x08000d6c   0x0000013c   Code   RO         3397    i.AD_Init           ad.o
    0x08000ea8   0x08000ea8   0x00000004   Code   RO         3909    i.BusFault_Handler  stm32f10x_it.o
    0x08000eac   0x08000eac   0x00000034   Code   RO         3515    i.Buzzer_Init       buzzer.o
    0x08000ee0   0x08000ee0   0x0000001c   Code   RO         3516    i.Buzzer_OFF        buzzer.o
    0x08000efc   0x08000efc   0x0000001c   Code   RO         3517    i.Buzzer_ON         buzzer.o
    0x08000f18   0x08000f18   0x0000003c   Code   RO         3518    i.Buzzer_Turn       buzzer.o
    0x08000f54   0x08000f54   0x00000094   Code   RO         3724    i.Control_Execute   autocontrol.o
    0x08000fe8   0x08000fe8   0x00000040   Code   RO         3725    i.Control_Init      autocontrol.o
    0x08001028   0x08001028   0x00000034   Code   RO         3551    i.DHT_GPIO_Init     dht11.o
    0x0800105c   0x0800105c   0x00000050   Code   RO         3552    i.DHT_Get_Byte_Data  dht11.o
    0x080010ac   0x080010ac   0x00000044   Code   RO         3553    i.DHT_Get_Temp_Humi_Data  dht11.o
    0x080010f0   0x080010f0   0x0000005c   Code   RO         3554    i.DHT_Start         dht11.o
    0x0800114c   0x0800114c   0x00000018   Code   RO          911    i.DMA_Cmd           stm32f10x_dma.o
    0x08001164   0x08001164   0x0000003c   Code   RO          917    i.DMA_Init          stm32f10x_dma.o
    0x080011a0   0x080011a0   0x00000002   Code   RO         3910    i.DebugMon_Handler  stm32f10x_it.o
    0x080011a2   0x080011a2   0x00000018   Code   RO         3196    i.Delay_ms          delay.o
    0x080011ba   0x080011ba   0x0000002e   Code   RO         3198    i.Delay_us          delay.o
    0x080011e8   0x080011e8   0x0000001c   Code   RO         3972    i.ESP8266_Clear     esp8266.o
    0x08001204   0x08001204   0x00000050   Code   RO         3973    i.ESP8266_GetIPD    esp8266.o
    0x08001254   0x08001254   0x0000022c   Code   RO         3974    i.ESP8266_Init      esp8266.o
    0x08001480   0x08001480   0x00000054   Code   RO         3975    i.ESP8266_SendCmd   esp8266.o
    0x080014d4   0x080014d4   0x00000048   Code   RO         3976    i.ESP8266_SendData  esp8266.o
    0x0800151c   0x0800151c   0x00000034   Code   RO         3977    i.ESP8266_WaitRecive  esp8266.o
    0x08001550   0x08001550   0x00000116   Code   RO         1347    i.GPIO_Init         stm32f10x_gpio.o
    0x08001666   0x08001666   0x00000012   Code   RO         1351    i.GPIO_ReadInputDataBit  stm32f10x_gpio.o
    0x08001678   0x08001678   0x00000004   Code   RO         1354    i.GPIO_ResetBits    stm32f10x_gpio.o
    0x0800167c   0x0800167c   0x00000004   Code   RO         1355    i.GPIO_SetBits      stm32f10x_gpio.o
    0x08001680   0x08001680   0x0000000a   Code   RO         1358    i.GPIO_WriteBit     stm32f10x_gpio.o
    0x0800168a   0x0800168a   0x00000004   Code   RO         3911    i.HardFault_Handler  stm32f10x_it.o
    0x0800168e   0x0800168e   0x00000002   PAD
    0x08001690   0x08001690   0x00000040   Code   RO         3791    i.IIC_Ack           sgp30i2c.o
    0x080016d0   0x080016d0   0x00000038   Code   RO         3792    i.IIC_Init          sgp30i2c.o
    0x08001708   0x08001708   0x00000040   Code   RO         3793    i.IIC_NAck          sgp30i2c.o
    0x08001748   0x08001748   0x00000064   Code   RO         3794    i.IIC_Read_Byte     sgp30i2c.o
    0x080017ac   0x080017ac   0x00000070   Code   RO         3795    i.IIC_Send_Byte     sgp30i2c.o
    0x0800181c   0x0800181c   0x00000040   Code   RO         3796    i.IIC_Start         sgp30i2c.o
    0x0800185c   0x0800185c   0x00000040   Code   RO         3797    i.IIC_Stop          sgp30i2c.o
    0x0800189c   0x0800189c   0x0000005c   Code   RO         3798    i.IIC_Wait_Ack      sgp30i2c.o
    0x080018f8   0x080018f8   0x00000168   Code   RO         3668    i.Key_Execute       key.o
    0x08001a60   0x08001a60   0x000001bc   Code   RO         3669    i.Key_GetVlaues     key.o
    0x08001c1c   0x08001c1c   0x00000070   Code   RO         3670    i.Key_Init          key.o
    0x08001c8c   0x08001c8c   0x00000010   Code   RO         3220    i.LED1_OFF          led.o
    0x08001c9c   0x08001c9c   0x00000010   Code   RO         3221    i.LED1_ON           led.o
    0x08001cac   0x08001cac   0x00000024   Code   RO         3222    i.LED1_Turn         led.o
    0x08001cd0   0x08001cd0   0x00000010   Code   RO         3223    i.LED2_OFF          led.o
    0x08001ce0   0x08001ce0   0x00000010   Code   RO         3224    i.LED2_ON           led.o
    0x08001cf0   0x08001cf0   0x00000024   Code   RO         3225    i.LED2_Turn         led.o
    0x08001d14   0x08001d14   0x00000034   Code   RO         3226    i.LED_Init          led.o
    0x08001d48   0x08001d48   0x0000001c   Code   RO         4027    i.MQTT_DeleteBuffer  mqttkit.o
    0x08001d64   0x08001d64   0x0000002e   Code   RO         4028    i.MQTT_DumpLength   mqttkit.o
    0x08001d92   0x08001d92   0x00000058   Code   RO         4029    i.MQTT_NewBuffer    mqttkit.o
    0x08001dea   0x08001dea   0x00000002   PAD
    0x08001dec   0x08001dec   0x000002a0   Code   RO         4031    i.MQTT_PacketConnect  mqttkit.o
    0x0800208c   0x0800208c   0x000001b8   Code   RO         4034    i.MQTT_PacketPublish  mqttkit.o
    0x08002244   0x08002244   0x00000048   Code   RO         4036    i.MQTT_PacketPublishComp  mqttkit.o
    0x0800228c   0x0800228c   0x00000048   Code   RO         4038    i.MQTT_PacketPublishRel  mqttkit.o
    0x080022d4   0x080022d4   0x000000fe   Code   RO         4041    i.MQTT_PacketSubscribe  mqttkit.o
    0x080023d2   0x080023d2   0x00000046   Code   RO         4043    i.MQTT_ReadLength   mqttkit.o
    0x08002418   0x08002418   0x0000008c   Code   RO         4044    i.MQTT_UnPacketCmd  mqttkit.o
    0x080024a4   0x080024a4   0x0000001e   Code   RO         4045    i.MQTT_UnPacketConnectAck  mqttkit.o
    0x080024c2   0x080024c2   0x00000002   PAD
    0x080024c4   0x080024c4   0x000001c0   Code   RO         4046    i.MQTT_UnPacketPublish  mqttkit.o
    0x08002684   0x08002684   0x0000001e   Code   RO         4047    i.MQTT_UnPacketPublishAck  mqttkit.o
    0x080026a2   0x080026a2   0x0000001e   Code   RO         4048    i.MQTT_UnPacketPublishComp  mqttkit.o
    0x080026c0   0x080026c0   0x0000001e   Code   RO         4049    i.MQTT_UnPacketPublishRec  mqttkit.o
    0x080026de   0x080026de   0x00000024   Code   RO         4050    i.MQTT_UnPacketPublishRel  mqttkit.o
    0x08002702   0x08002702   0x00000002   PAD
    0x08002704   0x08002704   0x00000074   Code   RO         4051    i.MQTT_UnPacketRecv  mqttkit.o
    0x08002778   0x08002778   0x00000034   Code   RO         4052    i.MQTT_UnPacketSubscribe  mqttkit.o
    0x080027ac   0x080027ac   0x00000012   Code   RO         4053    i.MQTT_UnPacketUnSubscribe  mqttkit.o
    0x080027be   0x080027be   0x00000004   Code   RO         3912    i.MemManage_Handler  stm32f10x_it.o
    0x080027c2   0x080027c2   0x00000002   Code   RO         3913    i.NMI_Handler       stm32f10x_it.o
    0x080027c4   0x080027c4   0x00000070   Code   RO          137    i.NVIC_Init         misc.o
    0x08002834   0x08002834   0x00000014   Code   RO          138    i.NVIC_PriorityGroupConfig  misc.o
    0x08002848   0x08002848   0x0000002a   Code   RO         3271    i.OLED_Clear        oled.o
    0x08002872   0x08002872   0x00000002   PAD
    0x08002874   0x08002874   0x00000050   Code   RO         3272    i.OLED_I2C_Init     oled.o
    0x080028c4   0x080028c4   0x00000054   Code   RO         3273    i.OLED_I2C_SendByte  oled.o
    0x08002918   0x08002918   0x00000034   Code   RO         3274    i.OLED_I2C_Start    oled.o
    0x0800294c   0x0800294c   0x00000028   Code   RO         3275    i.OLED_I2C_Stop     oled.o
    0x08002974   0x08002974   0x000000ae   Code   RO         3276    i.OLED_Init         oled.o
    0x08002a22   0x08002a22   0x00000022   Code   RO         3278    i.OLED_SetCursor    oled.o
    0x08002a44   0x08002a44   0x00000074   Code   RO         3280    i.OLED_ShowChar     oled.o
    0x08002ab8   0x08002ab8   0x00000028   Code   RO         3284    i.OLED_ShowString   oled.o
    0x08002ae0   0x08002ae0   0x00000020   Code   RO         3285    i.OLED_WriteCommand  oled.o
    0x08002b00   0x08002b00   0x00000020   Code   RO         3286    i.OLED_WriteData    oled.o
    0x08002b20   0x08002b20   0x00000224   Code   RO         4211    i.OneNet_DevLink    onenet.o
    0x08002d44   0x08002d44   0x00000078   Code   RO         4212    i.OneNet_Publish    onenet.o
    0x08002dbc   0x08002dbc   0x000004d0   Code   RO         4213    i.OneNet_RevPro     onenet.o
    0x0800328c   0x0800328c   0x0000006c   Code   RO         4214    i.OneNet_Subscribe  onenet.o
    0x080032f8   0x080032f8   0x000000a8   Code   RO         3379    i.PWM_Init          pwm.o
    0x080033a0   0x080033a0   0x00000010   Code   RO         3380    i.PWM_SetCompare2   pwm.o
    0x080033b0   0x080033b0   0x00000002   Code   RO         3914    i.PendSV_Handler    stm32f10x_it.o
    0x080033b2   0x080033b2   0x00000002   PAD
    0x080033b4   0x080033b4   0x00000018   Code   RO         1773    i.RCC_ADCCLKConfig  stm32f10x_rcc.o
    0x080033cc   0x080033cc   0x00000020   Code   RO         1774    i.RCC_AHBPeriphClockCmd  stm32f10x_rcc.o
    0x080033ec   0x080033ec   0x00000020   Code   RO         1775    i.RCC_APB1PeriphClockCmd  stm32f10x_rcc.o
    0x0800340c   0x0800340c   0x00000020   Code   RO         1777    i.RCC_APB2PeriphClockCmd  stm32f10x_rcc.o
    0x0800342c   0x0800342c   0x000000d4   Code   RO         1785    i.RCC_GetClocksFreq  stm32f10x_rcc.o
    0x08003500   0x08003500   0x00000024   Code   RO         3799    i.SDA_IN            sgp30i2c.o
    0x08003524   0x08003524   0x00000024   Code   RO         3800    i.SDA_OUT           sgp30i2c.o
    0x08003548   0x08003548   0x00000010   Code   RO         3749    i.SGP30_Init        sgp30.o
    0x08003558   0x08003558   0x00000048   Code   RO         3750    i.SGP30_ad_read     sgp30.o
    0x080035a0   0x080035a0   0x00000034   Code   RO         3751    i.SGP30_ad_write    sgp30.o
    0x080035d4   0x080035d4   0x00000034   Code   RO         3752    i.SGP30_getValue    sgp30.o
    0x08003608   0x08003608   0x00000002   Code   RO         3915    i.SVC_Handler       stm32f10x_it.o
    0x0800360a   0x0800360a   0x0000000c   Code   RO         3418    i.Servo_Init        servo.o
    0x08003616   0x08003616   0x00000002   PAD
    0x08003618   0x08003618   0x00000018   Code   RO         3419    i.Servo_Turn        servo.o
    0x08003630   0x08003630   0x00000018   Code   RO         3420    i.Servo_close       servo.o
    0x08003648   0x08003648   0x00000014   Code   RO         3421    i.Servo_open        servo.o
    0x0800365c   0x0800365c   0x0000003c   Code   RO         3422    i.Servo_setAngle    servo.o
    0x08003698   0x08003698   0x00000008   Code   RO           24    i.SetSysClock       system_stm32f10x.o
    0x080036a0   0x080036a0   0x000000e0   Code   RO           25    i.SetSysClockTo72   system_stm32f10x.o
    0x08003780   0x08003780   0x00000002   Code   RO         3916    i.SysTick_Handler   stm32f10x_it.o
    0x08003782   0x08003782   0x00000002   PAD
    0x08003784   0x08003784   0x00000060   Code   RO           27    i.SystemInit        system_stm32f10x.o
    0x080037e4   0x080037e4   0x00000084   Code   RO         3635    i.TIM3_IRQHandler   timer.o
    0x08003868   0x08003868   0x00000044   Code   RO         3671    i.TIM4_IRQHandler   key.o
    0x080038ac   0x080038ac   0x00000006   Code   RO         2415    i.TIM_ClearFlag     stm32f10x_tim.o
    0x080038b2   0x080038b2   0x00000006   Code   RO         2416    i.TIM_ClearITPendingBit  stm32f10x_tim.o
    0x080038b8   0x080038b8   0x00000018   Code   RO         2421    i.TIM_Cmd           stm32f10x_tim.o
    0x080038d0   0x080038d0   0x00000022   Code   RO         2442    i.TIM_GetITStatus   stm32f10x_tim.o
    0x080038f2   0x080038f2   0x00000012   Code   RO         2446    i.TIM_ITConfig      stm32f10x_tim.o
    0x08003904   0x08003904   0x0000000c   Code   RO         2448    i.TIM_InternalClockConfig  stm32f10x_tim.o
    0x08003910   0x08003910   0x000000a4   Code   RO         2455    i.TIM_OC2Init       stm32f10x_tim.o
    0x080039b4   0x080039b4   0x00000014   Code   RO         2468    i.TIM_OCStructInit  stm32f10x_tim.o
    0x080039c8   0x080039c8   0x00000004   Code   RO         2483    i.TIM_SetCompare2   stm32f10x_tim.o
    0x080039cc   0x080039cc   0x000000a4   Code   RO         2492    i.TIM_TimeBaseInit  stm32f10x_tim.o
    0x08003a70   0x08003a70   0x000000c8   Code   RO         3636    i.Timer_Init        timer.o
    0x08003b38   0x08003b38   0x0000001c   Code   RO         3463    i.USART1_IRQHandler  usart.o
    0x08003b54   0x08003b54   0x0000004c   Code   RO         3978    i.USART2_IRQHandler  esp8266.o
    0x08003ba0   0x08003ba0   0x00000012   Code   RO         2956    i.USART_ClearFlag   stm32f10x_usart.o
    0x08003bb2   0x08003bb2   0x00000018   Code   RO         2960    i.USART_Cmd         stm32f10x_usart.o
    0x08003bca   0x08003bca   0x0000001a   Code   RO         2963    i.USART_GetFlagStatus  stm32f10x_usart.o
    0x08003be4   0x08003be4   0x00000054   Code   RO         2964    i.USART_GetITStatus  stm32f10x_usart.o
    0x08003c38   0x08003c38   0x0000004a   Code   RO         2966    i.USART_ITConfig    stm32f10x_usart.o
    0x08003c82   0x08003c82   0x00000002   PAD
    0x08003c84   0x08003c84   0x000000d8   Code   RO         2967    i.USART_Init        stm32f10x_usart.o
    0x08003d5c   0x08003d5c   0x00000008   Code   RO         2977    i.USART_SendData    stm32f10x_usart.o
    0x08003d64   0x08003d64   0x00000004   Code   RO         3917    i.UsageFault_Handler  stm32f10x_it.o
    0x08003d68   0x08003d68   0x000000b0   Code   RO         3464    i.Usart1_Init       usart.o
    0x08003e18   0x08003e18   0x000000ac   Code   RO         3465    i.Usart2_Init       usart.o
    0x08003ec4   0x08003ec4   0x00000048   Code   RO         3466    i.UsartPrintf       usart.o
    0x08003f0c   0x08003f0c   0x00000032   Code   RO         3467    i.Usart_SendString  usart.o
    0x08003f3e   0x08003f3e   0x00000002   PAD
    0x08003f40   0x08003f40   0x00000028   Code   RO         4892    i.__0sprintf        mc_w.l(printfa.o)
    0x08003f68   0x08003f68   0x0000002c   Code   RO         4895    i.__0vsnprintf      mc_w.l(printfa.o)
    0x08003f94   0x08003f94   0x00000028   Code   RO         4984    i.__ARM_fpclassify  m_ws.l(fpclassify.o)
    0x08003fbc   0x08003fbc   0x00000008   Code   RO         5026    i.__aeabi_errno_addr  mc_w.l(errno.o)
    0x08003fc4   0x08003fc4   0x000000aa   Code   RO         4986    i.__kernel_poly     m_ws.l(poly.o)
    0x0800406e   0x0800406e   0x00000002   PAD
    0x08004070   0x08004070   0x00000010   Code   RO         4970    i.__mathlib_dbl_divzero  m_ws.l(dunder.o)
    0x08004080   0x08004080   0x00000004   Code   RO         4972    i.__mathlib_dbl_infnan2  m_ws.l(dunder.o)
    0x08004084   0x08004084   0x0000000c   Code   RO         4973    i.__mathlib_dbl_invalid  m_ws.l(dunder.o)
    0x08004090   0x08004090   0x0000000e   Code   RO         4974    i.__mathlib_dbl_overflow  m_ws.l(dunder.o)
    0x0800409e   0x0800409e   0x00000002   PAD
    0x080040a0   0x080040a0   0x00000010   Code   RO         4976    i.__mathlib_dbl_underflow  m_ws.l(dunder.o)
    0x080040b0   0x080040b0   0x0000000e   Code   RO         5086    i.__scatterload_copy  mc_w.l(handlers.o)
    0x080040be   0x080040be   0x00000002   Code   RO         5087    i.__scatterload_null  mc_w.l(handlers.o)
    0x080040c0   0x080040c0   0x0000000e   Code   RO         5088    i.__scatterload_zeroinit  mc_w.l(handlers.o)
    0x080040ce   0x080040ce   0x00000002   PAD
    0x080040d0   0x080040d0   0x0000000c   Code   RO         5028    i.__set_errno       mc_w.l(errno.o)
    0x080040dc   0x080040dc   0x00000184   Code   RO         4897    i._fp_digits        mc_w.l(printfa.o)
    0x08004260   0x08004260   0x000006dc   Code   RO         4898    i._printf_core      mc_w.l(printfa.o)
    0x0800493c   0x0800493c   0x00000024   Code   RO         4899    i._printf_post_padding  mc_w.l(printfa.o)
    0x08004960   0x08004960   0x0000002e   Code   RO         4900    i._printf_pre_padding  mc_w.l(printfa.o)
    0x0800498e   0x0800498e   0x00000016   Code   RO         4901    i._snputc           mc_w.l(printfa.o)
    0x080049a4   0x080049a4   0x0000000a   Code   RO         4902    i._sputc            mc_w.l(printfa.o)
    0x080049ae   0x080049ae   0x00000002   PAD
    0x080049b0   0x080049b0   0x00000058   Code   RO         4282    i.cJSON_Delete      cjson.o
    0x08004a08   0x08004a08   0x0000000c   Code   RO         4290    i.cJSON_GetErrorPtr  cjson.o
    0x08004a14   0x08004a14   0x0000001e   Code   RO         4291    i.cJSON_GetObjectItem  cjson.o
    0x08004a32   0x08004a32   0x00000002   PAD
    0x08004a34   0x08004a34   0x00000020   Code   RO         4295    i.cJSON_New_Item    cjson.o
    0x08004a54   0x08004a54   0x00000010   Code   RO         4296    i.cJSON_Parse       cjson.o
    0x08004a64   0x08004a64   0x00000064   Code   RO         4297    i.cJSON_ParseWithOpts  cjson.o
    0x08004ac8   0x08004ac8   0x0000004c   Code   RO         4303    i.cJSON_strcasecmp  cjson.o
    0x08004b14   0x08004b14   0x00000050   Code   RO         4918    i.free              mc_w.l(malloc.o)
    0x08004b64   0x08004b64   0x000003cc   Code   RO         3857    i.main              main.o
    0x08004f30   0x08004f30   0x0000006c   Code   RO         4919    i.malloc            mc_w.l(malloc.o)
    0x08004f9c   0x08004f9c   0x000000ac   Code   RO         4307    i.parse_array       cjson.o
    0x08005048   0x08005048   0x00000114   Code   RO         4308    i.parse_hex4        cjson.o
    0x0800515c   0x0800515c   0x000001bc   Code   RO         4309    i.parse_number      cjson.o
    0x08005318   0x08005318   0x00000114   Code   RO         4310    i.parse_object      cjson.o
    0x0800542c   0x0800542c   0x000001cc   Code   RO         4311    i.parse_string      cjson.o
    0x080055f8   0x080055f8   0x000000bc   Code   RO         4312    i.parse_value       cjson.o
    0x080056b4   0x080056b4   0x000009d8   Code   RO         4625    i.pow               m_ws.l(pow.o)
    0x0800608c   0x0800608c   0x00000014   Code   RO         3584    i.relay1_OFF        relay.o
    0x080060a0   0x080060a0   0x00000014   Code   RO         3585    i.relay1_ON         relay.o
    0x080060b4   0x080060b4   0x0000002c   Code   RO         3586    i.relay1_Turn       relay.o
    0x080060e0   0x080060e0   0x00000014   Code   RO         3587    i.relay2_OFF        relay.o
    0x080060f4   0x080060f4   0x00000014   Code   RO         3588    i.relay2_ON         relay.o
    0x08006108   0x08006108   0x0000002c   Code   RO         3589    i.relay2_Turn       relay.o
    0x08006134   0x08006134   0x00000038   Code   RO         3590    i.relay_Init        relay.o
    0x0800616c   0x0800616c   0x00000012   Code   RO         4320    i.skip              cjson.o
    0x0800617e   0x0800617e   0x0000004c   Code   RO         4990    i.sqrt              m_ws.l(sqrt.o)
    0x080061ca   0x080061ca   0x000005f0   Data   RO         3287    .constdata          oled.o
    0x080067ba   0x080067ba   0x00000002   PAD
    0x080067bc   0x080067bc   0x00000008   Data   RO         3859    .constdata          main.o
    0x080067c4   0x080067c4   0x00000007   Data   RO         4323    .constdata          cjson.o
    0x080067cb   0x080067cb   0x00000005   PAD
    0x080067d0   0x080067d0   0x00000088   Data   RO         4626    .constdata          m_ws.l(pow.o)
    0x08006858   0x08006858   0x00000008   Data   RO         4988    .constdata          m_ws.l(qnan.o)
    0x08006860   0x08006860   0x00000081   Data   RO         5050    .constdata          mc_w.l(ctype_o.o)
    0x080068e1   0x080068e1   0x00000003   PAD
    0x080068e4   0x080068e4   0x00000004   Data   RO         5051    .constdata          mc_w.l(ctype_o.o)
    0x080068e8   0x080068e8   0x000000af   Data   RO         3860    .conststring        main.o
    0x08006997   0x08006997   0x00000001   PAD
    0x08006998   0x08006998   0x00000020   Data   RO         5084    Region$$Table       anon$$obj.o


    Execution Region RW_IRAM1 (Exec base: 0x20000000, Load base: 0x080069b8, Size: 0x000007a0, Max: 0x00005000, ABSOLUTE)

    Exec Addr    Load Addr    Size         Type   Attr      Idx    E Section Name        Object

    0x20000000   0x080069b8   0x00000014   Data   RW         1805    .data               stm32f10x_rcc.o
    0x20000014   0x080069cc   0x00000008   Data   RW         3399    .data               ad.o
    0x2000001c   0x080069d4   0x00000001   Data   RW         3423    .data               servo.o
    0x2000001d   0x080069d5   0x00000001   Data   RW         3519    .data               buzzer.o
    0x2000001e   0x080069d6   0x00000002   PAD
    0x20000020   0x080069d8   0x00000032   Data   RW         3637    .data               timer.o
    0x20000052   0x08006a0a   0x00000001   Data   RW         3727    .data               autocontrol.o
    0x20000053   0x08006a0b   0x00000001   PAD
    0x20000054   0x08006a0c   0x00000008   Data   RW         3753    .data               sgp30.o
    0x2000005c   0x08006a14   0x00000024   Data   RW         3861    .data               main.o
    0x20000080   0x08006a38   0x00000004   Data   RW         3980    .data               esp8266.o
    0x20000084   0x08006a3c   0x00000002   Data   RW         4215    .data               onenet.o
    0x20000086   0x08006a3e   0x00000002   PAD
    0x20000088   0x08006a40   0x0000000c   Data   RW         4324    .data               cjson.o
    0x20000094   0x08006a4c   0x00000004   Data   RW         5024    .data               mc_w.l(mvars.o)
    0x20000098   0x08006a50   0x00000004   Data   RW         5025    .data               mc_w.l(mvars.o)
    0x2000009c   0x08006a54   0x00000004   Data   RW         5029    .data               mc_w.l(errno.o)
    0x200000a0        -       0x0000003a   Zero   RW         3672    .bss                key.o
    0x200000da   0x08006a58   0x00000002   PAD
    0x200000dc        -       0x00000030   Zero   RW         3726    .bss                autocontrol.o
    0x2000010c        -       0x00000014   Zero   RW         3858    .bss                main.o
    0x20000120        -       0x00000080   Zero   RW         3979    .bss                esp8266.o
    0x200001a0        -       0x00000200   Zero   RW            2    HEAP                startup_stm32f10x_md.o
    0x200003a0        -       0x00000400   Zero   RW            1    STACK               startup_stm32f10x_md.o


==============================================================================

Image component sizes


      Code (inc. data)   RO Data    RW Data    ZI Data      Debug   Object Name

       316         20          0          8          0       1248   ad.o
       212         30          0          1         48       1872   autocontrol.o
       168         30          0          1          0       2103   buzzer.o
      2188         88          7         12          0      12449   cjson.o
         0          0          0          0          0       4524   core_cm3.o
        70          0          0          0          0        930   delay.o
       292         16          0          0          0       2649   dht11.o
       948        354          0          4        128       5255   esp8266.o
       984        108          0          0         58       3651   key.o
       188         30          0          0          0       3033   led.o
       972        268        183         36         20       2612   main.o
       132         22          0          0          0     213803   misc.o
      2672         26          0          0          0      17624   mqttkit.o
       726         22       1520          0          0       6391   oled.o
      2008        904          0          2          0       7791   onenet.o
       184          4          0          0          0       1121   pwm.o
       224         42          0          0          0       3167   relay.o
       140         28          0          1          0       2483   servo.o
       192         14          0          8          0       2306   sgp30.o
       688         48          0          0          0       5169   sgp30i2c.o
        36          8        236          0       1536        820   startup_stm32f10x_md.o
       390         10          0          0          0      17749   stm32f10x_adc.o
        84          0          0          0          0      12469   stm32f10x_dma.o
       314          0          0          0          0      12360   stm32f10x_gpio.o
        26          0          0          0          0       3774   stm32f10x_it.o
       332         44          0         20          0      14049   stm32f10x_rcc.o
       452         52          0          0          0      26335   stm32f10x_tim.o
       450          6          0          0          0      11915   stm32f10x_usart.o
       328         28          0          0          0      55053   system_stm32f10x.o
       332         36          0         50          0       2027   timer.o
       498         24          0          0          0       4649   usart.o

    ----------------------------------------------------------------------
     16570       2262       1986        148       1792     461381   Object Totals
         0          0         32          0          0          0   (incl. Generated)
        24          0          8          5          2          0   (incl. Padding)

    ----------------------------------------------------------------------

      Code (inc. data)   RO Data    RW Data    ZI Data      Debug   Library Member Name

        62         10          0          0          0        340   dunder.o
        40          0          0          0          0         68   fpclassify.o
       170          0          0          0          0         96   poly.o
      2520        190        136          0          0        324   pow.o
         0          0          8          0          0          0   qnan.o
        76          0          0          0          0         84   sqrt.o
        28          0          0          0          0         68   _chval.o
       158          0          0          0          0         92   _strtoul.o
        26          0          0          0          0         80   atoi.o
         8          4        133          0          0         68   ctype_o.o
         0          0          0          0          0          0   entry.o
         0          0          0          0          0          0   entry10a.o
         0          0          0          0          0          0   entry11a.o
         8          4          0          0          0          0   entry2.o
         4          0          0          0          0          0   entry5.o
         0          0          0          0          0          0   entry7b.o
         0          0          0          0          0          0   entry8b.o
         8          4          0          0          0          0   entry9a.o
        20         10          0          4          0        136   errno.o
        30          0          0          0          0          0   handlers.o
        36          8          0          0          0         68   init.o
         0          0          0          0          0          0   iusefp.o
        30          0          0          0          0         68   llshl.o
        36          0          0          0          0         68   llsshr.o
        32          0          0          0          0         68   llushr.o
       188         20          0          0          0        160   malloc.o
        36          0          0          0          0         68   memcpya.o
        36          0          0          0          0        108   memseta.o
         0          0          0          8          0          0   mvars.o
      2342         90          0          0          0        668   printfa.o
        20          0          0          0          0         68   strchr.o
        14          0          0          0          0         68   strlen.o
        40          0          0          0          0         76   strncat.o
        30          0          0          0          0         80   strncmp.o
        36          0          0          0          0         80   strstr.o
       112          0          0          0          0         88   strtol.o
        12          0          0          0          0         68   tolower.o
        44          0          0          0          0         80   uidiv.o
        98          0          0          0          0         92   uldiv.o
        48          0          0          0          0         68   cdrcmple.o
       334          0          0          0          0        148   dadd.o
       222          0          0          0          0        100   ddiv.o
       186          0          0          0          0        176   depilogue.o
        62          0          0          0          0         80   dfixi.o
        48          0          0          0          0         68   dfixul.o
        34          0          0          0          0         76   dflti.o
       228          0          0          0          0         96   dmul.o
        46          0          0          0          0         80   dscalb.o
       162          0          0          0          0        100   dsqrt.o
       176          0          0          0          0        140   fadd.o
       124          0          0          0          0         88   fdiv.o
       110          0          0          0          0        168   fepilogue.o
        40          0          0          0          0         68   ffixui.o
       100          0          0          0          0         76   fmul.o

    ----------------------------------------------------------------------
      8228        340        280         12          0       4864   Library Totals
         8          0          3          0          0          0   (incl. Padding)

    ----------------------------------------------------------------------

      Code (inc. data)   RO Data    RW Data    ZI Data      Debug   Library Name

      2868        200        144          0          0        912   m_ws.l
      3432        140        133         12          0       2420   mc_w.l
      1920          0          0          0          0       1532   mf_w.l

    ----------------------------------------------------------------------
      8228        340        280         12          0       4864   Library Totals

    ----------------------------------------------------------------------

==============================================================================


      Code (inc. data)   RO Data    RW Data    ZI Data      Debug   

     24798       2602       2266        160       1792     455269   Grand Totals
     24798       2602       2266        160       1792     455269   ELF Image Totals
     24798       2602       2266        160          0          0   ROM Totals

==============================================================================

    Total RO  Size (Code + RO Data)                27064 (  26.43kB)
    Total RW  Size (RW Data + ZI Data)              1952 (   1.91kB)
    Total ROM Size (Code + RO Data + RW Data)      27224 (  26.59kB)

==============================================================================

