<html>
<body>
<pre>
<h1>µVision Build Log</h1>
<h2>Tool Versions:</h2>
IDE-Version: ¦ÌVision V5.24.2.0
Copyright (C) 2017 ARM Ltd and ARM Germany GmbH. All rights reserved.
License Information: a Lenovo, a, LIC=GMZI6-DQ38Z-Y82FK-ZNL1I-PV1YB-1N1E3
 
Tool Versions:
Toolchain:       MDK-ARM Plus  Version: 5.24.1
Toolchain Path:  D:\ProgramFiles\Keil5\ARM\ARMCC\Bin
C Compiler:      Armcc.exe V5.06 update 5 (build 528)
Assembler:       Armasm.exe V5.06 update 5 (build 528)
Linker/Locator:  ArmLink.exe V5.06 update 5 (build 528)
Library Manager: ArmAr.exe V5.06 update 5 (build 528)
Hex Converter:   FromElf.exe V5.06 update 5 (build 528)
CPU DLL:         SARMCM3.DLL V5.24.1
Dialog DLL:      DCM.DLL V1.16.0.0
Target DLL:      UL2CM3.DLL V1.160.3.0
Dialog DLL:      TCM.DLL V1.32.0.0
 
<h2>Project:</h2>
D:\MyData\Introduction\stm32Projects\ÊµÑµ\Ñ§Ï°\project\Air_Condition.uvprojx
Project File Date:  12/15/2022

<h2>Output:</h2>
*** Using Compiler 'V5.06 update 5 (build 528)', folder: 'D:\ProgramFiles\Keil5\ARM\ARMCC\Bin'
Rebuild target 'software'
assembling startup_stm32f10x_ld.s...
compiling im_light.c...
compiling im_class.c...
compiling im_temp.c...
compiling im_humi.c...
compiling im_name.c...
compiling dht11.c...
compiling stm32f10x_it.c...
compiling system_stm32f10x.c...
compiling main.c...
compiling im_logo1.c...
compiling adc1.c...
compiling LED.c...
..\user\api\LED.c(30): warning:  #188-D: enumerated type mixed with another type
  	GPIO_WriteBit(
PIOC,
PIO_Pin_8,state);
..\user\api\LED.c(50): warning:  #188-D: enumerated type mixed with another type
  	GPIO_WriteBit(
PIOC,
PIO_Pin_9,state);
..\user\api\LED.c: 2 warnings, 0 errors
compiling delay.c...
compiling usart1.c...
compiling ali.c...
..\user\ALI\ali.c(57): warning:  #940-D: missing return statement at end of non-void function "MyMQTT_Connect" 
  }
..\user\ALI\ali.c: 1 warning, 0 errors
compiling lcd.c...
compiling usart2.c...
compiling key.c...
compiling misc.c...
compiling stm32f10x_adc.c...
compiling stm32f10x_bkp.c...
compiling stm32f10x_crc.c...
compiling stm32f10x_cec.c...
compiling stm32f10x_can.c...
compiling stm32f10x_dac.c...
compiling stm32f10x_dbgmcu.c...
compiling stm32f10x_dma.c...
compiling stm32f10x_exti.c...
compiling stm32f10x_iwdg.c...
compiling stm32f10x_i2c.c...
compiling stm32f10x_fsmc.c...
compiling stm32f10x_flash.c...
compiling utils_hmac.c...
compiling stm32f10x_gpio.c...
compiling stm32f10x_pwr.c...
compiling stm32f10x_rtc.c...
compiling stm32f10x_rcc.c...
compiling utils_md5.c...
compiling stm32f10x_sdio.c...
compiling stm32f10x_spi.c...
compiling stm32f10x_wwdg.c...
compiling stm32f10x_usart.c...
compiling MQTTConnectServer.c...
compiling MQTTConnectClient.c...
compiling MQTTDeserializePublish.c...
compiling MQTTFormat.c...
compiling MQTTPacket.c...
compiling stm32f10x_tim.c...
compiling MQTTSerializePublish.c...
compiling utils_sha1.c...
compiling MQTTSubscribeClient.c...
compiling MQTTUnsubscribeClient.c...
compiling MQTTUnsubscribeServer.c...
compiling MQTTSubscribeServer.c...
linking...
Program Size: Code=17762 RO-data=12986 RW-data=76 ZI-data=5156  
FromELF: creating hex file...
".\Objects\Air_Condition.axf" - 0 Error(s), 3 Warning(s).

<h2>Software Packages used:</h2>

Package Vendor: ARM
                http://www.keil.com/pack/ARM.CMSIS.5.0.1.pack
                ARM.CMSIS.5.0.1
                CMSIS (Cortex Microcontroller Software Interface Standard)
   * Component: CORE Version: 5.0.1

Package Vendor: Keil
                http://www.keil.com/pack/Keil.STM32F1xx_DFP.2.2.0.pack
                Keil.STM32F1xx_DFP.2.2.0
                STMicroelectronics STM32F1 Series Device Support, Drivers and Examples

<h2>Collection of Component include folders:</h2>
  .\RTE\_software
  D:\ProgramFiles\Keil5\ARM\PACK\ARM\CMSIS\5.0.1\CMSIS\Include
  D:\ProgramFiles\Keil5\ARM\PACK\Keil\STM32F1xx_DFP\2.2.0\Device\Include

<h2>Collection of Component Files used:</h2>

   * Component: ARM::CMSIS:CORE:5.0.1
Build Time Elapsed:  00:00:03
</pre>
</body>
</html>
