Component: ARM Compiler 5.06 update 5 (build 528) Tool: armlink [4d35e2]

==============================================================================

Section Cross References

    startup_stm32f10x_ld.o(RESET) refers to startup_stm32f10x_ld.o(STACK) for __initial_sp
    startup_stm32f10x_ld.o(RESET) refers to startup_stm32f10x_ld.o(.text) for Reset_Handler
    startup_stm32f10x_ld.o(RESET) refers to stm32f10x_it.o(i.NMI_Handler) for NMI_Handler
    startup_stm32f10x_ld.o(RESET) refers to stm32f10x_it.o(i.HardFault_Handler) for HardFault_Handler
    startup_stm32f10x_ld.o(RESET) refers to stm32f10x_it.o(i.MemManage_Handler) for MemManage_Handler
    startup_stm32f10x_ld.o(RESET) refers to stm32f10x_it.o(i.BusFault_Handler) for BusFault_Handler
    startup_stm32f10x_ld.o(RESET) refers to stm32f10x_it.o(i.UsageFault_Handler) for UsageFault_Handler
    startup_stm32f10x_ld.o(RESET) refers to stm32f10x_it.o(i.SVC_Handler) for SVC_Handler
    startup_stm32f10x_ld.o(RESET) refers to stm32f10x_it.o(i.DebugMon_Handler) for DebugMon_Handler
    startup_stm32f10x_ld.o(RESET) refers to stm32f10x_it.o(i.PendSV_Handler) for PendSV_Handler
    startup_stm32f10x_ld.o(RESET) refers to delay.o(i.SysTick_Handler) for SysTick_Handler
    startup_stm32f10x_ld.o(.text) refers to system_stm32f10x.o(i.SystemInit) for SystemInit
    startup_stm32f10x_ld.o(.text) refers to entry.o(.ARM.Collect$$$$00000000) for __main
    main.o(i.Ali_updata) refers to printf6.o(i.__0sprintf$6) for __2sprintf
    main.o(i.Ali_updata) refers to ali.o(i.MyMQTT_Publish) for MyMQTT_Publish
    main.o(i.Ali_updata) refers to dht11.o(.data) for dht11_data
    main.o(i.Ali_updata) refers to ali.o(.bss) for Ali_data
    main.o(i.Ali_updata) refers to adc1.o(.data) for adc_data
    main.o(i.Ali_updata) refers to main.o(.conststring) for .conststring
    main.o(i.Ali_updata) refers to main.o(.bss) for Send_JsonBuf
    main.o(i.JTAG_SWD_Config) refers to stm32f10x_rcc.o(i.RCC_APB2PeriphClockCmd) for RCC_APB2PeriphClockCmd
    main.o(i.JTAG_SWD_Config) refers to stm32f10x_gpio.o(i.GPIO_PinRemapConfig) for GPIO_PinRemapConfig
    main.o(i.main) refers to main.o(i.JTAG_SWD_Config) for JTAG_SWD_Config
    main.o(i.main) refers to delay.o(i.SysTick_Init) for SysTick_Init
    main.o(i.main) refers to led.o(i.LED_init) for LED_init
    main.o(i.main) refers to lcd.o(i.LCD_Init) for LCD_Init
    main.o(i.main) refers to adc1.o(i.ADC1_Init) for ADC1_Init
    main.o(i.main) refers to usart1.o(i.usart1_init) for usart1_init
    main.o(i.main) refers to usart2.o(i.usart2_init) for usart2_init
    main.o(i.main) refers to printf6.o(i.__0printf$6) for __2printf
    main.o(i.main) refers to lcd.o(i.Show_Str) for Show_Str
    main.o(i.main) refers to lcd.o(i.Paint_Bmp) for Paint_Bmp
    main.o(i.main) refers to ali.o(i.AliIOT_DataConfig) for AliIOT_DataConfig
    main.o(i.main) refers to delay.o(i.Delay_ms) for Delay_ms
    main.o(i.main) refers to ali.o(i.MyMQTT_Connect) for MyMQTT_Connect
    main.o(i.main) refers to led.o(i.LED1_Toggle) for LED1_Toggle
    main.o(i.main) refers to key.o(i.Key_GetValue) for Key_GetValue
    main.o(i.main) refers to main.o(i.Ali_updata) for Ali_updata
    main.o(i.main) refers to dht11.o(i.DHT11_ReadData) for DHT11_ReadData
    main.o(i.main) refers to adc1.o(i.ADC1_GetValue) for ADC1_GetValue
    main.o(i.main) refers to printf6.o(i.__0sprintf$6) for __2sprintf
    main.o(i.main) refers to led.o(i.LED2_Toggle) for LED2_Toggle
    main.o(i.main) refers to lcd.o(i.LCD_Clear) for LCD_Clear
    main.o(i.main) refers to im_logo1.o(.constdata) for gImage_im_logo1
    main.o(i.main) refers to im_name.o(.constdata) for gImage_name
    main.o(i.main) refers to ali.o(.bss) for Ali_Buf
    main.o(i.main) refers to delay.o(.data) for timedled
    main.o(i.main) refers to main.o(.data) for keyVlue
    main.o(i.main) refers to dht11.o(.data) for dht11_data
    main.o(i.main) refers to adc1.o(.data) for adc_data
    main.o(i.main) refers to im_temp.o(.constdata) for gImage_im_temp
    main.o(i.main) refers to im_humi.o(.constdata) for gImage_humi
    main.o(i.main) refers to im_light.o(.constdata) for gImage_light
    system_stm32f10x.o(i.RCC_Configuration) refers to stm32f10x_rcc.o(i.RCC_DeInit) for RCC_DeInit
    system_stm32f10x.o(i.RCC_Configuration) refers to stm32f10x_rcc.o(i.RCC_HSICmd) for RCC_HSICmd
    system_stm32f10x.o(i.RCC_Configuration) refers to stm32f10x_rcc.o(i.RCC_GetFlagStatus) for RCC_GetFlagStatus
    system_stm32f10x.o(i.RCC_Configuration) refers to stm32f10x_rcc.o(i.RCC_HCLKConfig) for RCC_HCLKConfig
    system_stm32f10x.o(i.RCC_Configuration) refers to stm32f10x_rcc.o(i.RCC_PCLK1Config) for RCC_PCLK1Config
    system_stm32f10x.o(i.RCC_Configuration) refers to stm32f10x_rcc.o(i.RCC_PCLK2Config) for RCC_PCLK2Config
    system_stm32f10x.o(i.RCC_Configuration) refers to stm32f10x_rcc.o(i.RCC_ADCCLKConfig) for RCC_ADCCLKConfig
    system_stm32f10x.o(i.RCC_Configuration) refers to stm32f10x_rcc.o(i.RCC_PLLConfig) for RCC_PLLConfig
[...]
    Removing stm32f10x_sdio.o(i.SDIO_GetFlagStatus), (24 bytes).
    Removing stm32f10x_sdio.o(i.SDIO_GetITStatus), (24 bytes).
    Removing stm32f10x_sdio.o(i.SDIO_GetPowerState), (16 bytes).
    Removing stm32f10x_sdio.o(i.SDIO_GetResponse), (24 bytes).
    Removing stm32f10x_sdio.o(i.SDIO_ITConfig), (32 bytes).
    Removing stm32f10x_sdio.o(i.SDIO_Init), (48 bytes).
    Removing stm32f10x_sdio.o(i.SDIO_ReadData), (12 bytes).
    Removing stm32f10x_sdio.o(i.SDIO_SendCEATACmd), (12 bytes).
    Removing stm32f10x_sdio.o(i.SDIO_SendCommand), (44 bytes).
    Removing stm32f10x_sdio.o(i.SDIO_SendSDIOSuspendCmd), (12 bytes).
    Removing stm32f10x_sdio.o(i.SDIO_SetPowerState), (28 bytes).
    Removing stm32f10x_sdio.o(i.SDIO_SetSDIOOperation), (12 bytes).
    Removing stm32f10x_sdio.o(i.SDIO_SetSDIOReadWaitMode), (12 bytes).
    Removing stm32f10x_sdio.o(i.SDIO_StartSDIOReadWait), (12 bytes).
    Removing stm32f10x_sdio.o(i.SDIO_StopSDIOReadWait), (12 bytes).
    Removing stm32f10x_sdio.o(i.SDIO_StructInit), (16 bytes).
    Removing stm32f10x_sdio.o(i.SDIO_WriteData), (12 bytes).
    Removing stm32f10x_spi.o(.rev16_text), (4 bytes).
    Removing stm32f10x_spi.o(.revsh_text), (4 bytes).
    Removing stm32f10x_spi.o(.rrx_text), (6 bytes).
    Removing stm32f10x_spi.o(i.I2S_Cmd), (24 bytes).
    Removing stm32f10x_spi.o(i.I2S_Init), (232 bytes).
    Removing stm32f10x_spi.o(i.I2S_StructInit), (20 bytes).
    Removing stm32f10x_spi.o(i.SPI_BiDirectionalLineConfig), (28 bytes).
    Removing stm32f10x_spi.o(i.SPI_CalculateCRC), (24 bytes).
    Removing stm32f10x_spi.o(i.SPI_Cmd), (24 bytes).
    Removing stm32f10x_spi.o(i.SPI_DataSizeConfig), (18 bytes).
    Removing stm32f10x_spi.o(i.SPI_GetCRC), (16 bytes).
    Removing stm32f10x_spi.o(i.SPI_GetCRCPolynomial), (6 bytes).
    Removing stm32f10x_spi.o(i.SPI_I2S_ClearFlag), (6 bytes).
    Removing stm32f10x_spi.o(i.SPI_I2S_ClearITPendingBit), (20 bytes).
    Removing stm32f10x_spi.o(i.SPI_I2S_DMACmd), (18 bytes).
    Removing stm32f10x_spi.o(i.SPI_I2S_DeInit), (88 bytes).
    Removing stm32f10x_spi.o(i.SPI_I2S_GetFlagStatus), (18 bytes).
    Removing stm32f10x_spi.o(i.SPI_I2S_GetITStatus), (52 bytes).
    Removing stm32f10x_spi.o(i.SPI_I2S_ITConfig), (32 bytes).
    Removing stm32f10x_spi.o(i.SPI_I2S_ReceiveData), (6 bytes).
    Removing stm32f10x_spi.o(i.SPI_I2S_SendData), (4 bytes).
    Removing stm32f10x_spi.o(i.SPI_Init), (60 bytes).
    Removing stm32f10x_spi.o(i.SPI_NSSInternalSoftwareConfig), (30 bytes).
    Removing stm32f10x_spi.o(i.SPI_SSOutputCmd), (24 bytes).
    Removing stm32f10x_spi.o(i.SPI_StructInit), (24 bytes).
    Removing stm32f10x_spi.o(i.SPI_TransmitCRC), (10 bytes).
    Removing stm32f10x_tim.o(.rev16_text), (4 bytes).
    Removing stm32f10x_tim.o(.revsh_text), (4 bytes).
    Removing stm32f10x_tim.o(.rrx_text), (6 bytes).
    Removing stm32f10x_tim.o(i.TI1_Config), (128 bytes).
    Removing stm32f10x_tim.o(i.TI2_Config), (152 bytes).
    Removing stm32f10x_tim.o(i.TI3_Config), (144 bytes).
    Removing stm32f10x_tim.o(i.TI4_Config), (152 bytes).
    Removing stm32f10x_tim.o(i.TIM_ARRPreloadConfig), (24 bytes).
    Removing stm32f10x_tim.o(i.TIM_BDTRConfig), (32 bytes).
    Removing stm32f10x_tim.o(i.TIM_BDTRStructInit), (18 bytes).
    Removing stm32f10x_tim.o(i.TIM_CCPreloadControl), (24 bytes).
    Removing stm32f10x_tim.o(i.TIM_CCxCmd), (30 bytes).
    Removing stm32f10x_tim.o(i.TIM_CCxNCmd), (30 bytes).
    Removing stm32f10x_tim.o(i.TIM_ClearFlag), (6 bytes).
    Removing stm32f10x_tim.o(i.TIM_ClearITPendingBit), (6 bytes).
    Removing stm32f10x_tim.o(i.TIM_ClearOC1Ref), (18 bytes).
    Removing stm32f10x_tim.o(i.TIM_ClearOC2Ref), (24 bytes).
    Removing stm32f10x_tim.o(i.TIM_ClearOC3Ref), (18 bytes).
    Removing stm32f10x_tim.o(i.TIM_ClearOC4Ref), (24 bytes).
    Removing stm32f10x_tim.o(i.TIM_Cmd), (24 bytes).
    Removing stm32f10x_tim.o(i.TIM_CounterModeConfig), (18 bytes).
    Removing stm32f10x_tim.o(i.TIM_CtrlPWMOutputs), (30 bytes).
    Removing stm32f10x_tim.o(i.TIM_DMACmd), (18 bytes).
    Removing stm32f10x_tim.o(i.TIM_DMAConfig), (10 bytes).
    Removing stm32f10x_tim.o(i.TIM_DeInit), (488 bytes).
    Removing stm32f10x_tim.o(i.TIM_ETRClockMode1Config), (54 bytes).
    Removing stm32f10x_tim.o(i.TIM_ETRClockMode2Config), (32 bytes).
    Removing stm32f10x_tim.o(i.TIM_ETRConfig), (28 bytes).
    Removing stm32f10x_tim.o(i.TIM_EncoderInterfaceConfig), (66 bytes).
    Removing stm32f10x_tim.o(i.TIM_ForcedOC1Config), (18 bytes).
    Removing stm32f10x_tim.o(i.TIM_ForcedOC2Config), (26 bytes).
    Removing stm32f10x_tim.o(i.TIM_ForcedOC3Config), (18 bytes).
    Removing stm32f10x_tim.o(i.TIM_ForcedOC4Config), (26 bytes).
    Removing stm32f10x_tim.o(i.TIM_GenerateEvent), (4 bytes).
    Removing stm32f10x_tim.o(i.TIM_GetCapture1), (6 bytes).
    Removing stm32f10x_tim.o(i.TIM_GetCapture2), (6 bytes).
    Removing stm32f10x_tim.o(i.TIM_GetCapture3), (6 bytes).
    Removing stm32f10x_tim.o(i.TIM_GetCapture4), (8 bytes).
    Removing stm32f10x_tim.o(i.TIM_GetCounter), (6 bytes).
    Removing stm32f10x_tim.o(i.TIM_GetFlagStatus), (18 bytes).
    Removing stm32f10x_tim.o(i.TIM_GetITStatus), (34 bytes).
    Removing stm32f10x_tim.o(i.TIM_GetPrescaler), (6 bytes).
    Removing stm32f10x_tim.o(i.TIM_ICInit), (172 bytes).
    Removing stm32f10x_tim.o(i.TIM_ICStructInit), (18 bytes).
    Removing stm32f10x_tim.o(i.TIM_ITConfig), (18 bytes).
    Removing stm32f10x_tim.o(i.TIM_ITRxExternalClockConfig), (24 bytes).
    Removing stm32f10x_tim.o(i.TIM_InternalClockConfig), (12 bytes).
    Removing stm32f10x_tim.o(i.TIM_OC1FastConfig), (18 bytes).
    Removing stm32f10x_tim.o(i.TIM_OC1Init), (152 bytes).
    Removing stm32f10x_tim.o(i.TIM_OC1NPolarityConfig), (18 bytes).
    Removing stm32f10x_tim.o(i.TIM_OC1PolarityConfig), (18 bytes).
    Removing stm32f10x_tim.o(i.TIM_OC1PreloadConfig), (18 bytes).
    Removing stm32f10x_tim.o(i.TIM_OC2FastConfig), (26 bytes).
    Removing stm32f10x_tim.o(i.TIM_OC2Init), (164 bytes).
    Removing stm32f10x_tim.o(i.TIM_OC2NPolarityConfig), (26 bytes).
    Removing stm32f10x_tim.o(i.TIM_OC2PolarityConfig), (26 bytes).
    Removing stm32f10x_tim.o(i.TIM_OC2PreloadConfig), (26 bytes).
    Removing stm32f10x_tim.o(i.TIM_OC3FastConfig), (18 bytes).
    Removing stm32f10x_tim.o(i.TIM_OC3Init), (160 bytes).
    Removing stm32f10x_tim.o(i.TIM_OC3NPolarityConfig), (26 bytes).
    Removing stm32f10x_tim.o(i.TIM_OC3PolarityConfig), (26 bytes).
    Removing stm32f10x_tim.o(i.TIM_OC3PreloadConfig), (18 bytes).
    Removing stm32f10x_tim.o(i.TIM_OC4FastConfig), (26 bytes).
    Removing stm32f10x_tim.o(i.TIM_OC4Init), (124 bytes).
    Removing stm32f10x_tim.o(i.TIM_OC4PolarityConfig), (26 bytes).
    Removing stm32f10x_tim.o(i.TIM_OC4PreloadConfig), (26 bytes).
    Removing stm32f10x_tim.o(i.TIM_OCStructInit), (20 bytes).
    Removing stm32f10x_tim.o(i.TIM_PWMIConfig), (124 bytes).
    Removing stm32f10x_tim.o(i.TIM_PrescalerConfig), (6 bytes).
    Removing stm32f10x_tim.o(i.TIM_SelectCCDMA), (24 bytes).
    Removing stm32f10x_tim.o(i.TIM_SelectCOM), (24 bytes).
    Removing stm32f10x_tim.o(i.TIM_SelectHallSensor), (24 bytes).
    Removing stm32f10x_tim.o(i.TIM_SelectInputTrigger), (18 bytes).
    Removing stm32f10x_tim.o(i.TIM_SelectMasterSlaveMode), (18 bytes).
    Removing stm32f10x_tim.o(i.TIM_SelectOCxM), (82 bytes).
    Removing stm32f10x_tim.o(i.TIM_SelectOnePulseMode), (18 bytes).
    Removing stm32f10x_tim.o(i.TIM_SelectOutputTrigger), (18 bytes).
    Removing stm32f10x_tim.o(i.TIM_SelectSlaveMode), (18 bytes).
    Removing stm32f10x_tim.o(i.TIM_SetAutoreload), (4 bytes).
    Removing stm32f10x_tim.o(i.TIM_SetClockDivision), (18 bytes).
    Removing stm32f10x_tim.o(i.TIM_SetCompare1), (4 bytes).
    Removing stm32f10x_tim.o(i.TIM_SetCompare2), (4 bytes).
    Removing stm32f10x_tim.o(i.TIM_SetCompare3), (4 bytes).
    Removing stm32f10x_tim.o(i.TIM_SetCompare4), (6 bytes).
    Removing stm32f10x_tim.o(i.TIM_SetCounter), (4 bytes).
    Removing stm32f10x_tim.o(i.TIM_SetIC1Prescaler), (18 bytes).
    Removing stm32f10x_tim.o(i.TIM_SetIC2Prescaler), (26 bytes).
    Removing stm32f10x_tim.o(i.TIM_SetIC3Prescaler), (18 bytes).
    Removing stm32f10x_tim.o(i.TIM_SetIC4Prescaler), (26 bytes).
    Removing stm32f10x_tim.o(i.TIM_TIxExternalClockConfig), (62 bytes).
    Removing stm32f10x_tim.o(i.TIM_TimeBaseInit), (164 bytes).
    Removing stm32f10x_tim.o(i.TIM_TimeBaseStructInit), (18 bytes).
    Removing stm32f10x_tim.o(i.TIM_UpdateDisableConfig), (24 bytes).
    Removing stm32f10x_tim.o(i.TIM_UpdateRequestConfig), (24 bytes).
    Removing stm32f10x_usart.o(.rev16_text), (4 bytes).
    Removing stm32f10x_usart.o(.revsh_text), (4 bytes).
    Removing stm32f10x_usart.o(.rrx_text), (6 bytes).
    Removing stm32f10x_usart.o(i.USART_ClearFlag), (18 bytes).
    Removing stm32f10x_usart.o(i.USART_ClearITPendingBit), (30 bytes).
    Removing stm32f10x_usart.o(i.USART_ClockInit), (34 bytes).
    Removing stm32f10x_usart.o(i.USART_ClockStructInit), (12 bytes).
    Removing stm32f10x_usart.o(i.USART_DMACmd), (18 bytes).
    Removing stm32f10x_usart.o(i.USART_DeInit), (156 bytes).
    Removing stm32f10x_usart.o(i.USART_GetITStatus), (84 bytes).
    Removing stm32f10x_usart.o(i.USART_HalfDuplexCmd), (24 bytes).
    Removing stm32f10x_usart.o(i.USART_ITConfig), (74 bytes).
    Removing stm32f10x_usart.o(i.USART_IrDACmd), (24 bytes).
    Removing stm32f10x_usart.o(i.USART_IrDAConfig), (18 bytes).
    Removing stm32f10x_usart.o(i.USART_LINBreakDetectLengthConfig), (18 bytes).
    Removing stm32f10x_usart.o(i.USART_LINCmd), (24 bytes).
    Removing stm32f10x_usart.o(i.USART_OneBitMethodCmd), (24 bytes).
    Removing stm32f10x_usart.o(i.USART_OverSampling8Cmd), (22 bytes).
    Removing stm32f10x_usart.o(i.USART_ReceiveData), (10 bytes).
    Removing stm32f10x_usart.o(i.USART_ReceiverWakeUpCmd), (24 bytes).
    Removing stm32f10x_usart.o(i.USART_SendBreak), (10 bytes).
    Removing stm32f10x_usart.o(i.USART_SetAddress), (18 bytes).
    Removing stm32f10x_usart.o(i.USART_SetGuardTime), (16 bytes).
    Removing stm32f10x_usart.o(i.USART_SetPrescaler), (16 bytes).
    Removing stm32f10x_usart.o(i.USART_SmartCardCmd), (24 bytes).
    Removing stm32f10x_usart.o(i.USART_SmartCardNACKCmd), (24 bytes).
    Removing stm32f10x_usart.o(i.USART_StructInit), (24 bytes).
    Removing stm32f10x_usart.o(i.USART_WakeUpConfig), (18 bytes).
    Removing stm32f10x_wwdg.o(.rev16_text), (4 bytes).
    Removing stm32f10x_wwdg.o(.revsh_text), (4 bytes).
    Removing stm32f10x_wwdg.o(.rrx_text), (6 bytes).
    Removing stm32f10x_wwdg.o(i.WWDG_ClearFlag), (12 bytes).
    Removing stm32f10x_wwdg.o(i.WWDG_DeInit), (22 bytes).
    Removing stm32f10x_wwdg.o(i.WWDG_Enable), (16 bytes).
    Removing stm32f10x_wwdg.o(i.WWDG_EnableIT), (12 bytes).
    Removing stm32f10x_wwdg.o(i.WWDG_GetFlagStatus), (12 bytes).
    Removing stm32f10x_wwdg.o(i.WWDG_SetCounter), (16 bytes).
    Removing stm32f10x_wwdg.o(i.WWDG_SetPrescaler), (24 bytes).
    Removing stm32f10x_wwdg.o(i.WWDG_SetWindowValue), (40 bytes).
    Removing utils_hmac.o(i.base64_decode), (268 bytes).
    Removing utils_hmac.o(i.utils_hmac_md5), (232 bytes).
    Removing utils_hmac.o(.conststring), (65 bytes).
    Removing utils_hmac.o(.data), (4 bytes).
    Removing utils_md5.o(i._utils_md5_zeroize), (22 bytes).
    Removing utils_md5.o(i.utils_md5), (50 bytes).
    Removing utils_md5.o(i.utils_md5_clone), (18 bytes).
    Removing utils_md5.o(i.utils_md5_finish), (212 bytes).
    Removing utils_md5.o(i.utils_md5_free), (20 bytes).
    Removing utils_md5.o(i.utils_md5_init), (14 bytes).
    Removing utils_md5.o(i.utils_md5_process), (2316 bytes).
    Removing utils_md5.o(i.utils_md5_starts), (36 bytes).
    Removing utils_md5.o(i.utils_md5_update), (124 bytes).
    Removing utils_md5.o(.constdata), (64 bytes).
    Removing utils_sha1.o(i.utils_sha1), (50 bytes).
    Removing utils_sha1.o(i.utils_sha1_clone), (18 bytes).
    Removing utils_sha1.o(i.utils_sha1_free), (20 bytes).
    Removing utils_sha1.o(i.utils_sha1_zeroize), (22 bytes).
    Removing mqttconnectclient.o(i.MQTTDeserialize_connack), (118 bytes).
    Removing mqttconnectclient.o(i.MQTTSerialize_disconnect), (18 bytes).
    Removing mqttconnectclient.o(i.MQTTSerialize_pingreq), (18 bytes).
    Removing mqttconnectclient.o(i.MQTTSerialize_zero), (76 bytes).
    Removing mqttconnectserver.o(i.MQTTDeserialize_connect), (298 bytes).
    Removing mqttconnectserver.o(i.MQTTPacket_checkVersion), (92 bytes).
    Removing mqttconnectserver.o(i.MQTTSerialize_connack), (118 bytes).
    Removing mqttdeserializepublish.o(i.MQTTDeserialize_ack), (108 bytes).
    Removing mqttdeserializepublish.o(i.MQTTDeserialize_publish), (168 bytes).
    Removing mqttformat.o(i.MQTTPacket_getName), (16 bytes).
    Removing mqttformat.o(i.MQTTStringFormat_ack), (100 bytes).
    Removing mqttformat.o(i.MQTTStringFormat_connack), (72 bytes).
    Removing mqttformat.o(i.MQTTStringFormat_connect), (192 bytes).
    Removing mqttformat.o(i.MQTTStringFormat_publish), (84 bytes).
    Removing mqttformat.o(i.MQTTStringFormat_suback), (84 bytes).
    Removing mqttformat.o(i.MQTTStringFormat_subscribe), (120 bytes).
    Removing mqttformat.o(i.MQTTStringFormat_unsubscribe), (104 bytes).
    Removing mqttformat.o(.conststring), (383 bytes).
    Removing mqttformat.o(.data), (60 bytes).
    Removing mqttpacket.o(i.MQTTPacket_decode), (88 bytes).
    Removing mqttpacket.o(i.MQTTPacket_decodeBuf), (28 bytes).
    Removing mqttpacket.o(i.MQTTPacket_decodenb), (104 bytes).
    Removing mqttpacket.o(i.MQTTPacket_equals), (66 bytes).
    Removing mqttpacket.o(i.MQTTPacket_read), (102 bytes).
    Removing mqttpacket.o(i.MQTTPacket_readnb), (204 bytes).
    Removing mqttpacket.o(i.bufchar), (40 bytes).
    Removing mqttpacket.o(i.getLenStringLen), (18 bytes).
    Removing mqttpacket.o(i.readChar), (14 bytes).
    Removing mqttpacket.o(i.readInt), (26 bytes).
    Removing mqttpacket.o(i.readMQTTLenString), (58 bytes).
    Removing mqttpacket.o(.data), (4 bytes).
    Removing mqttserializepublish.o(i.MQTTSerialize_ack), (114 bytes).
    Removing mqttserializepublish.o(i.MQTTSerialize_puback), (24 bytes).
    Removing mqttserializepublish.o(i.MQTTSerialize_pubcomp), (24 bytes).
    Removing mqttserializepublish.o(i.MQTTSerialize_pubrel), (26 bytes).
    Removing mqttsubscribeclient.o(i.MQTTDeserialize_suback), (146 bytes).
    Removing mqttsubscribeclient.o(i.MQTTSerialize_subscribe), (176 bytes).
    Removing mqttsubscribeclient.o(i.MQTTSerialize_subscribeLength), (46 bytes).
    Removing mqttsubscribeserver.o(i.MQTTDeserialize_subscribe), (166 bytes).
    Removing mqttsubscribeserver.o(i.MQTTSerialize_suback), (120 bytes).
    Removing mqttunsubscribeclient.o(i.MQTTDeserialize_unsuback), (46 bytes).
    Removing mqttunsubscribeclient.o(i.MQTTSerialize_unsubscribe), (166 bytes).
    Removing mqttunsubscribeclient.o(i.MQTTSerialize_unsubscribeLength), (46 bytes).
    Removing mqttunsubscribeserver.o(i.MQTTDeserialize_unsubscribe), (144 bytes).
    Removing mqttunsubscribeserver.o(i.MQTTSerialize_unsuback), (86 bytes).
    Removing dadd.o(.text), (334 bytes).
    Removing dmul.o(.text), (228 bytes).
    Removing ddiv.o(.text), (222 bytes).
    Removing dfixul.o(.text), (48 bytes).
    Removing cdrcmple.o(.text), (48 bytes).
    Removing depilogue.o(.text), (186 bytes).

646 unused section(s) (total 31411 bytes) removed from the image.

==============================================================================

Image Symbol Table

    Local Symbols

    Symbol Name                              Value     Ov Type        Size  Object(Section)

    ../clib/microlib/division.c              0x00000000   Number         0  uldiv.o ABSOLUTE
    ../clib/microlib/division.c              0x00000000   Number         0  uidiv.o ABSOLUTE
    ../clib/microlib/init/entry.s            0x00000000   Number         0  entry2.o ABSOLUTE
    ../clib/microlib/init/entry.s            0x00000000   Number         0  entry7b.o ABSOLUTE
    ../clib/microlib/init/entry.s            0x00000000   Number         0  entry8a.o ABSOLUTE
    ../clib/microlib/init/entry.s            0x00000000   Number         0  entry11a.o ABSOLUTE
    ../clib/microlib/init/entry.s            0x00000000   Number         0  entry8b.o ABSOLUTE
    ../clib/microlib/init/entry.s            0x00000000   Number         0  entry9a.o ABSOLUTE
    ../clib/microlib/init/entry.s            0x00000000   Number         0  entry9b.o ABSOLUTE
    ../clib/microlib/init/entry.s            0x00000000   Number         0  entry10a.o ABSOLUTE
    ../clib/microlib/init/entry.s            0x00000000   Number         0  entry7a.o ABSOLUTE
    ../clib/microlib/init/entry.s            0x00000000   Number         0  entry10b.o ABSOLUTE
    ../clib/microlib/init/entry.s            0x00000000   Number         0  entry.o ABSOLUTE
    ../clib/microlib/init/entry.s            0x00000000   Number         0  entry5.o ABSOLUTE
    ../clib/microlib/init/entry.s            0x00000000   Number         0  entry11b.o ABSOLUTE
    ../clib/microlib/longlong.c              0x00000000   Number         0  llsshr.o ABSOLUTE
    ../clib/microlib/longlong.c              0x00000000   Number         0  llushr.o ABSOLUTE
    ../clib/microlib/longlong.c              0x00000000   Number         0  llshl.o ABSOLUTE
    ../clib/microlib/printf/printf.c         0x00000000   Number         0  printfa.o ABSOLUTE
    ../clib/microlib/printf/printf.c         0x00000000   Number         0  printf6.o ABSOLUTE
    ../clib/microlib/printf/printf.c         0x00000000   Number         0  printfb.o ABSOLUTE
    ../clib/microlib/printf/printf.c         0x00000000   Number         0  printf0.o ABSOLUTE
    ../clib/microlib/printf/printf.c         0x00000000   Number         0  printf1.o ABSOLUTE
    ../clib/microlib/printf/printf.c         0x00000000   Number         0  printf7.o ABSOLUTE
    ../clib/microlib/printf/printf.c         0x00000000   Number         0  printf8.o ABSOLUTE
    ../clib/microlib/printf/printf.c         0x00000000   Number         0  printf2.o ABSOLUTE
    ../clib/microlib/printf/printf.c         0x00000000   Number         0  printf3.o ABSOLUTE
    ../clib/microlib/printf/printf.c         0x00000000   Number         0  printf5.o ABSOLUTE
    ../clib/microlib/printf/printf.c         0x00000000   Number         0  printf4.o ABSOLUTE
    ../clib/microlib/printf/stubs.s          0x00000000   Number         0  stubs.o ABSOLUTE
    ../clib/microlib/stdio/streams.c         0x00000000   Number         0  stdout.o ABSOLUTE
    ../clib/microlib/string/memcmp.c         0x00000000   Number         0  memcmp.o ABSOLUTE
    ../clib/microlib/string/memcpy.c         0x00000000   Number         0  memcpya.o ABSOLUTE
    ../clib/microlib/string/memcpy.c         0x00000000   Number         0  memcpyb.o ABSOLUTE
    ../clib/microlib/string/memset.c         0x00000000   Number         0  memseta.o ABSOLUTE
    ../clib/microlib/string/strlen.c         0x00000000   Number         0  strlen.o ABSOLUTE
    ../clib/microlib/string/strncmp.c        0x00000000   Number         0  strncmp.o ABSOLUTE
    ../clib/microlib/stubs.s                 0x00000000   Number         0  iusefp.o ABSOLUTE
    ../fplib/microlib/fpadd.c                0x00000000   Number         0  dadd.o ABSOLUTE
    ../fplib/microlib/fpdiv.c                0x00000000   Number         0  ddiv.o ABSOLUTE
    ../fplib/microlib/fpepilogue.c           0x00000000   Number         0  depilogue.o ABSOLUTE
    ../fplib/microlib/fpfix.c                0x00000000   Number         0  dfixul.o ABSOLUTE
    ../fplib/microlib/fpmul.c                0x00000000   Number         0  dmul.o ABSOLUTE
    ..\STM32F10x_StdPeriph_Driver\src\misc.c 0x00000000   Number         0  misc.o ABSOLUTE
    ..\STM32F10x_StdPeriph_Driver\src\stm32f10x_adc.c 0x00000000   Number         0  stm32f10x_adc.o ABSOLUTE
    ..\STM32F10x_StdPeriph_Driver\src\stm32f10x_bkp.c 0x00000000   Number         0  stm32f10x_bkp.o ABSOLUTE
    ..\STM32F10x_StdPeriph_Driver\src\stm32f10x_can.c 0x00000000   Number         0  stm32f10x_can.o ABSOLUTE
    ..\STM32F10x_StdPeriph_Driver\src\stm32f10x_cec.c 0x00000000   Number         0  stm32f10x_cec.o ABSOLUTE
    ..\STM32F10x_StdPeriph_Driver\src\stm32f10x_crc.c 0x00000000   Number         0  stm32f10x_crc.o ABSOLUTE
    ..\STM32F10x_StdPeriph_Driver\src\stm32f10x_dac.c 0x00000000   Number         0  stm32f10x_dac.o ABSOLUTE
    ..\STM32F10x_StdPeriph_Driver\src\stm32f10x_dbgmcu.c 0x00000000   Number         0  stm32f10x_dbgmcu.o ABSOLUTE
    ..\STM32F10x_StdPeriph_Driver\src\stm32f10x_dma.c 0x00000000   Number         0  stm32f10x_dma.o ABSOLUTE
    ..\STM32F10x_StdPeriph_Driver\src\stm32f10x_exti.c 0x00000000   Number         0  stm32f10x_exti.o ABSOLUTE
    ..\STM32F10x_StdPeriph_Driver\src\stm32f10x_flash.c 0x00000000   Number         0  stm32f10x_flash.o ABSOLUTE
    ..\STM32F10x_StdPeriph_Driver\src\stm32f10x_fsmc.c 0x00000000   Number         0  stm32f10x_fsmc.o ABSOLUTE
    ..\STM32F10x_StdPeriph_Driver\src\stm32f10x_gpio.c 0x00000000   Number         0  stm32f10x_gpio.o ABSOLUTE
    ..\STM32F10x_StdPeriph_Driver\src\stm32f10x_i2c.c 0x00000000   Number         0  stm32f10x_i2c.o ABSOLUTE
    ..\STM32F10x_StdPeriph_Driver\src\stm32f10x_iwdg.c 0x00000000   Number         0  stm32f10x_iwdg.o ABSOLUTE
    ..\STM32F10x_StdPeriph_Driver\src\stm32f10x_pwr.c 0x00000000   Number         0  stm32f10x_pwr.o ABSOLUTE
    ..\STM32F10x_StdPeriph_Driver\src\stm32f10x_rcc.c 0x00000000   Number         0  stm32f10x_rcc.o ABSOLUTE
    ..\STM32F10x_StdPeriph_Driver\src\stm32f10x_rtc.c 0x00000000   Number         0  stm32f10x_rtc.o ABSOLUTE
    ..\STM32F10x_StdPeriph_Driver\src\stm32f10x_sdio.c 0x00000000   Number         0  stm32f10x_sdio.o ABSOLUTE
    ..\STM32F10x_StdPeriph_Driver\src\stm32f10x_spi.c 0x00000000   Number         0  stm32f10x_spi.o ABSOLUTE
    ..\STM32F10x_StdPeriph_Driver\src\stm32f10x_tim.c 0x00000000   Number         0  stm32f10x_tim.o ABSOLUTE
    ..\STM32F10x_StdPeriph_Driver\src\stm32f10x_usart.c 0x00000000   Number         0  stm32f10x_usart.o ABSOLUTE
    ..\STM32F10x_StdPeriph_Driver\src\stm32f10x_wwdg.c 0x00000000   Number         0  stm32f10x_wwdg.o ABSOLUTE
    ..\\STM32F10x_StdPeriph_Driver\\src\\misc.c 0x00000000   Number         0  misc.o ABSOLUTE
    ..\\STM32F10x_StdPeriph_Driver\\src\\stm32f10x_adc.c 0x00000000   Number         0  stm32f10x_adc.o ABSOLUTE
    ..\\STM32F10x_StdPeriph_Driver\\src\\stm32f10x_bkp.c 0x00000000   Number         0  stm32f10x_bkp.o ABSOLUTE
    ..\\STM32F10x_StdPeriph_Driver\\src\\stm32f10x_can.c 0x00000000   Number         0  stm32f10x_can.o ABSOLUTE
    ..\\STM32F10x_StdPeriph_Driver\\src\\stm32f10x_cec.c 0x00000000   Number         0  stm32f10x_cec.o ABSOLUTE
    ..\\STM32F10x_StdPeriph_Driver\\src\\stm32f10x_crc.c 0x00000000   Number         0  stm32f10x_crc.o ABSOLUTE
    ..\\STM32F10x_StdPeriph_Driver\\src\\stm32f10x_dac.c 0x00000000   Number         0  stm32f10x_dac.o ABSOLUTE
    ..\\STM32F10x_StdPeriph_Driver\\src\\stm32f10x_dbgmcu.c 0x00000000   Number         0  stm32f10x_dbgmcu.o ABSOLUTE
    ..\\STM32F10x_StdPeriph_Driver\\src\\stm32f10x_dma.c 0x00000000   Number         0  stm32f10x_dma.o ABSOLUTE
    ..\\STM32F10x_StdPeriph_Driver\\src\\stm32f10x_exti.c 0x00000000   Number         0  stm32f10x_exti.o ABSOLUTE
    ..\\STM32F10x_StdPeriph_Driver\\src\\stm32f10x_flash.c 0x00000000   Number         0  stm32f10x_flash.o ABSOLUTE
    ..\\STM32F10x_StdPeriph_Driver\\src\\stm32f10x_fsmc.c 0x00000000   Number         0  stm32f10x_fsmc.o ABSOLUTE
    ..\\STM32F10x_StdPeriph_Driver\\src\\stm32f10x_gpio.c 0x00000000   Number         0  stm32f10x_gpio.o ABSOLUTE
    ..\\STM32F10x_StdPeriph_Driver\\src\\stm32f10x_i2c.c 0x00000000   Number         0  stm32f10x_i2c.o ABSOLUTE
    ..\\STM32F10x_StdPeriph_Driver\\src\\stm32f10x_iwdg.c 0x00000000   Number         0  stm32f10x_iwdg.o ABSOLUTE
    ..\\STM32F10x_StdPeriph_Driver\\src\\stm32f10x_pwr.c 0x00000000   Number         0  stm32f10x_pwr.o ABSOLUTE
    ..\\STM32F10x_StdPeriph_Driver\\src\\stm32f10x_rcc.c 0x00000000   Number         0  stm32f10x_rcc.o ABSOLUTE
    ..\\STM32F10x_StdPeriph_Driver\\src\\stm32f10x_rtc.c 0x00000000   Number         0  stm32f10x_rtc.o ABSOLUTE
    ..\\STM32F10x_StdPeriph_Driver\\src\\stm32f10x_sdio.c 0x00000000   Number         0  stm32f10x_sdio.o ABSOLUTE
    ..\\STM32F10x_StdPeriph_Driver\\src\\stm32f10x_spi.c 0x00000000   Number         0  stm32f10x_spi.o ABSOLUTE
    ..\\STM32F10x_StdPeriph_Driver\\src\\stm32f10x_tim.c 0x00000000   Number         0  stm32f10x_tim.o ABSOLUTE
    ..\\STM32F10x_StdPeriph_Driver\\src\\stm32f10x_usart.c 0x00000000   Number         0  stm32f10x_usart.o ABSOLUTE
    ..\\STM32F10x_StdPeriph_Driver\\src\\stm32f10x_wwdg.c 0x00000000   Number         0  stm32f10x_wwdg.o ABSOLUTE
    ..\\user\\ALI\\ali.c                     0x00000000   Number         0  ali.o ABSOLUTE
    ..\\user\\LCD\\lcd.c                     0x00000000   Number         0  lcd.o ABSOLUTE
    ..\\user\\api\\LED.c                     0x00000000   Number         0  led.o ABSOLUTE
    ..\\user\\api\\adc1.c                    0x00000000   Number         0  adc1.o ABSOLUTE
    ..\\user\\api\\delay.c                   0x00000000   Number         0  delay.o ABSOLUTE
    ..\\user\\api\\dht11.c                   0x00000000   Number         0  dht11.o ABSOLUTE
    ..\\user\\api\\key.c                     0x00000000   Number         0  key.o ABSOLUTE
    ..\\user\\api\\usart1.c                  0x00000000   Number         0  usart1.o ABSOLUTE
    ..\\user\\api\\usart2.c                  0x00000000   Number         0  usart2.o ABSOLUTE
    ..\\user\\main.c                         0x00000000   Number         0  main.o ABSOLUTE
    ..\\user\\stm32f10x_it.c                 0x00000000   Number         0  stm32f10x_it.o ABSOLUTE
    ..\\user\\system_stm32f10x.c             0x00000000   Number         0  system_stm32f10x.o ABSOLUTE
    ..\startup\startup_stm32f10x_ld.s        0x00000000   Number         0  startup_stm32f10x_ld.o ABSOLUTE
    ..\user\ALI\HMAC\utils_hmac.c            0x00000000   Number         0  utils_hmac.o ABSOLUTE
    ..\user\ALI\HMAC\utils_md5.c             0x00000000   Number         0  utils_md5.o ABSOLUTE
    ..\user\ALI\HMAC\utils_sha1.c            0x00000000   Number         0  utils_sha1.o ABSOLUTE
    ..\user\ALI\MQTT\MQTTConnectClient.c     0x00000000   Number         0  mqttconnectclient.o ABSOLUTE
    ..\user\ALI\MQTT\MQTTConnectServer.c     0x00000000   Number         0  mqttconnectserver.o ABSOLUTE
    ..\user\ALI\MQTT\MQTTDeserializePublish.c 0x00000000   Number         0  mqttdeserializepublish.o ABSOLUTE
    ..\user\ALI\MQTT\MQTTFormat.c            0x00000000   Number         0  mqttformat.o ABSOLUTE
    ..\user\ALI\MQTT\MQTTPacket.c            0x00000000   Number         0  mqttpacket.o ABSOLUTE
    ..\user\ALI\MQTT\MQTTSerializePublish.c  0x00000000   Number         0  mqttserializepublish.o ABSOLUTE
    ..\user\ALI\MQTT\MQTTSubscribeClient.c   0x00000000   Number         0  mqttsubscribeclient.o ABSOLUTE
    ..\user\ALI\MQTT\MQTTSubscribeServer.c   0x00000000   Number         0  mqttsubscribeserver.o ABSOLUTE
    ..\user\ALI\MQTT\MQTTUnsubscribeClient.c 0x00000000   Number         0  mqttunsubscribeclient.o ABSOLUTE
    ..\user\ALI\MQTT\MQTTUnsubscribeServer.c 0x00000000   Number         0  mqttunsubscribeserver.o ABSOLUTE
    ..\user\ALI\ali.c                        0x00000000   Number         0  ali.o ABSOLUTE
    ..\user\LCD\im_class.c                   0x00000000   Number         0  im_class.o ABSOLUTE
    ..\user\LCD\im_humi.c                    0x00000000   Number         0  im_humi.o ABSOLUTE
    ..\user\LCD\im_light.c                   0x00000000   Number         0  im_light.o ABSOLUTE
    ..\user\LCD\im_logo1.c                   0x00000000   Number         0  im_logo1.o ABSOLUTE
    ..\user\LCD\im_name.c                    0x00000000   Number         0  im_name.o ABSOLUTE
    ..\user\LCD\im_temp.c                    0x00000000   Number         0  im_temp.o ABSOLUTE
    ..\user\LCD\lcd.c                        0x00000000   Number         0  lcd.o ABSOLUTE
    ..\user\api\LED.c                        0x00000000   Number         0  led.o ABSOLUTE
    ..\user\api\adc1.c                       0x00000000   Number         0  adc1.o ABSOLUTE
    ..\user\api\delay.c                      0x00000000   Number         0  delay.o ABSOLUTE
    ..\user\api\dht11.c                      0x00000000   Number         0  dht11.o ABSOLUTE
    ..\user\api\key.c                        0x00000000   Number         0  key.o ABSOLUTE
    ..\user\api\usart1.c                     0x00000000   Number         0  usart1.o ABSOLUTE
    ..\user\api\usart2.c                     0x00000000   Number         0  usart2.o ABSOLUTE
    ..\user\main.c                           0x00000000   Number         0  main.o ABSOLUTE
    ..\user\stm32f10x_it.c                   0x00000000   Number         0  stm32f10x_it.o ABSOLUTE
    ..\user\system_stm32f10x.c               0x00000000   Number         0  system_stm32f10x.o ABSOLUTE
    cdrcmple.s                               0x00000000   Number         0  cdrcmple.o ABSOLUTE
    dc.s                                     0x00000000   Number         0  dc.o ABSOLUTE
    handlers.s                               0x00000000   Number         0  handlers.o ABSOLUTE
    init.s                                   0x00000000   Number         0  init.o ABSOLUTE
    RESET                                    0x08000000   Section      236  startup_stm32f10x_ld.o(RESET)
    .ARM.Collect$$$$00000000                 0x080000ec   Section        0  entry.o(.ARM.Collect$$$$00000000)
    .ARM.Collect$$$$00000001                 0x080000ec   Section        4  entry2.o(.ARM.Collect$$$$00000001)
    .ARM.Collect$$$$00000004                 0x080000f0   Section        4  entry5.o(.ARM.Collect$$$$00000004)
    .ARM.Collect$$$$00000008                 0x080000f4   Section        0  entry7b.o(.ARM.Collect$$$$00000008)
    .ARM.Collect$$$$0000000A                 0x080000f4   Section        0  entry8b.o(.ARM.Collect$$$$0000000A)
    .ARM.Collect$$$$0000000B                 0x080000f4   Section        8  entry9a.o(.ARM.Collect$$$$0000000B)
    .ARM.Collect$$$$0000000D                 0x080000fc   Section        0  entry10a.o(.ARM.Collect$$$$0000000D)
    .ARM.Collect$$$$0000000F                 0x080000fc   Section        0  entry11a.o(.ARM.Collect$$$$0000000F)
    .ARM.Collect$$$$00002712                 0x080000fc   Section        4  entry2.o(.ARM.Collect$$$$00002712)
    __lit__00000000                          0x080000fc   Data           4  entry2.o(.ARM.Collect$$$$00002712)
    .text                                    0x08000100   Section       36  startup_stm32f10x_ld.o(.text)
    .text                                    0x08000124   Section        0  memcpya.o(.text)
    .text                                    0x08000148   Section        0  memseta.o(.text)
    .text                                    0x0800016c   Section        0  strlen.o(.text)
    .text                                    0x0800017a   Section        0  uidiv.o(.text)
    .text                                    0x080001a8   Section       36  init.o(.text)
    i.ADC1_GetValue                          0x080001cc   Section        0  adc1.o(i.ADC1_GetValue)
    i.ADC1_Init                              0x08000208   Section        0  adc1.o(i.ADC1_Init)
    i.ADC_Cmd                                0x0800026c   Section        0  stm32f10x_adc.o(i.ADC_Cmd)
    i.ADC_GetConversionValue                 0x08000282   Section        0  stm32f10x_adc.o(i.ADC_GetConversionValue)
    i.ADC_GetFlagStatus                      0x0800028a   Section        0  stm32f10x_adc.o(i.ADC_GetFlagStatus)
    i.ADC_Init                               0x0800029c   Section        0  stm32f10x_adc.o(i.ADC_Init)
    i.ADC_RegularChannelConfig               0x080002ec   Section        0  stm32f10x_adc.o(i.ADC_RegularChannelConfig)
    i.ADC_SoftwareStartConvCmd               0x080003a4   Section        0  stm32f10x_adc.o(i.ADC_SoftwareStartConvCmd)
    i.AliIOT_DataConfig                      0x080003bc   Section        0  ali.o(i.AliIOT_DataConfig)
    i.Ali_updata                             0x080005bc   Section        0  main.o(i.Ali_updata)
    i.BusFault_Handler                       0x08000608   Section        0  stm32f10x_it.o(i.BusFault_Handler)
    i.Change_DHT11_Mode                      0x0800060c   Section        0  dht11.o(i.Change_DHT11_Mode)
    i.Clean_data                             0x08000648   Section        0  ali.o(i.Clean_data)
    i.DHT11_ReadData                         0x08000664   Section        0  dht11.o(i.DHT11_ReadData)
    i.DebugMon_Handler                       0x080007ac   Section        0  stm32f10x_it.o(i.DebugMon_Handler)
    i.Delay_ms                               0x080007b0   Section        0  delay.o(i.Delay_ms)
    i.Delay_us                               0x080007c8   Section        0  delay.o(i.Delay_us)
    i.GPIO_Init                              0x08000824   Section        0  stm32f10x_gpio.o(i.GPIO_Init)
    i.GPIO_PinRemapConfig                    0x0800093c   Section        0  stm32f10x_gpio.o(i.GPIO_PinRemapConfig)
    i.GPIO_ReadInputDataBit                  0x080009cc   Section        0  stm32f10x_gpio.o(i.GPIO_ReadInputDataBit)
    i.GPIO_ResetBits                         0x080009de   Section        0  stm32f10x_gpio.o(i.GPIO_ResetBits)
    i.GPIO_SetBits                           0x080009e2   Section        0  stm32f10x_gpio.o(i.GPIO_SetBits)
    i.GPIO_WriteBit                          0x080009e6   Section        0  stm32f10x_gpio.o(i.GPIO_WriteBit)
    i.GUI_DrawFont16                         0x080009f0   Section        0  lcd.o(i.GUI_DrawFont16)
    i.GUI_DrawFont24                         0x08000b20   Section        0  lcd.o(i.GUI_DrawFont24)
    i.GUI_DrawFont32                         0x08000c60   Section        0  lcd.o(i.GUI_DrawFont32)
    i.HardFault_Handler                      0x08000da4   Section        0  stm32f10x_it.o(i.HardFault_Handler)
    i.JTAG_SWD_Config                        0x08000da8   Section        0  main.o(i.JTAG_SWD_Config)
    i.Key_GetValue                           0x08000dc0   Section        0  key.o(i.Key_GetValue)
    i.LCD_Clear                              0x08000e30   Section        0  lcd.o(i.LCD_Clear)
    i.LCD_DrawPoint                          0x08000e90   Section        0  lcd.o(i.LCD_DrawPoint)
    i.LCD_GPIOInit                           0x08000eac   Section        0  lcd.o(i.LCD_GPIOInit)
    i.LCD_Init                               0x08000ef4   Section        0  lcd.o(i.LCD_Init)
    i.LCD_RESET                              0x08001128   Section        0  lcd.o(i.LCD_RESET)
    i.LCD_SetCursor                          0x08001154   Section        0  lcd.o(i.LCD_SetCursor)
    i.LCD_SetWindows                         0x08001168   Section        0  lcd.o(i.LCD_SetWindows)
    i.LCD_ShowChar                           0x080011bc   Section        0  lcd.o(i.LCD_ShowChar)
    i.LCD_WR_DATA                            0x080012e8   Section        0  lcd.o(i.LCD_WR_DATA)
    i.LCD_WR_REG                             0x08001310   Section        0  lcd.o(i.LCD_WR_REG)
    i.LCD_WriteRAM_Prepare                   0x08001338   Section        0  lcd.o(i.LCD_WriteRAM_Prepare)
    i.LCD_WriteReg                           0x08001348   Section        0  lcd.o(i.LCD_WriteReg)
    i.LCD_direction                          0x0800135c   Section        0  lcd.o(i.LCD_direction)
    i.LED1_Toggle                            0x080013e0   Section        0  led.o(i.LED1_Toggle)
    i.LED2_Toggle                            0x0800140c   Section        0  led.o(i.LED2_Toggle)
    i.LED_init                               0x08001438   Section        0  led.o(i.LED_init)
    i.Lcd_WriteData_16Bit                    0x08001464   Section        0  lcd.o(i.Lcd_WriteData_16Bit)
    i.MQTTPacket_encode                      0x08001494   Section        0  mqttpacket.o(i.MQTTPacket_encode)
    i.MQTTPacket_len                         0x080014cc   Section        0  mqttpacket.o(i.MQTTPacket_len)
    i.MQTTSerialize_connect                  0x080014f4   Section        0  mqttconnectclient.o(i.MQTTSerialize_connect)
    i.MQTTSerialize_connectLength            0x0800165c   Section        0  mqttconnectclient.o(i.MQTTSerialize_connectLength)
    i.MQTTSerialize_publish                  0x080016d2   Section        0  mqttserializepublish.o(i.MQTTSerialize_publish)
    i.MQTTSerialize_publishLength            0x08001782   Section        0  mqttserializepublish.o(i.MQTTSerialize_publishLength)
    i.MQTTstrlen                             0x080017a4   Section        0  mqttpacket.o(i.MQTTstrlen)
    i.MemManage_Handler                      0x080017bc   Section        0  stm32f10x_it.o(i.MemManage_Handler)
    i.MyMQTT_Connect                         0x080017c0   Section        0  ali.o(i.MyMQTT_Connect)
    i.MyMQTT_Publish                         0x08001824   Section        0  ali.o(i.MyMQTT_Publish)
    i.NMI_Handler                            0x08001898   Section        0  stm32f10x_it.o(i.NMI_Handler)
    i.Paint_Bmp                              0x0800189c   Section        0  lcd.o(i.Paint_Bmp)
    i.PendSV_Handler                         0x0800192c   Section        0  stm32f10x_it.o(i.PendSV_Handler)
    i.RCC_ADCCLKConfig                       0x08001930   Section        0  stm32f10x_rcc.o(i.RCC_ADCCLKConfig)
    i.RCC_APB1PeriphClockCmd                 0x08001948   Section        0  stm32f10x_rcc.o(i.RCC_APB1PeriphClockCmd)
    i.RCC_APB2PeriphClockCmd                 0x08001968   Section        0  stm32f10x_rcc.o(i.RCC_APB2PeriphClockCmd)
    i.RCC_Configuration                      0x08001988   Section        0  system_stm32f10x.o(i.RCC_Configuration)
    RCC_Configuration                        0x08001989   Thumb Code    98  system_stm32f10x.o(i.RCC_Configuration)
    i.RCC_DeInit                             0x080019ec   Section        0  stm32f10x_rcc.o(i.RCC_DeInit)
    i.RCC_GetClocksFreq                      0x08001a38   Section        0  stm32f10x_rcc.o(i.RCC_GetClocksFreq)
    i.RCC_GetFlagStatus                      0x08001b0c   Section        0  stm32f10x_rcc.o(i.RCC_GetFlagStatus)
    i.RCC_GetSYSCLKSource                    0x08001b48   Section        0  stm32f10x_rcc.o(i.RCC_GetSYSCLKSource)
    i.RCC_HCLKConfig                         0x08001b58   Section        0  stm32f10x_rcc.o(i.RCC_HCLKConfig)
    i.RCC_HSICmd                             0x08001b70   Section        0  stm32f10x_rcc.o(i.RCC_HSICmd)
    i.RCC_PCLK1Config                        0x08001b7c   Section        0  stm32f10x_rcc.o(i.RCC_PCLK1Config)
    i.RCC_PCLK2Config                        0x08001b94   Section        0  stm32f10x_rcc.o(i.RCC_PCLK2Config)
    i.RCC_PLLCmd                             0x08001bac   Section        0  stm32f10x_rcc.o(i.RCC_PLLCmd)
    i.RCC_PLLConfig                          0x08001bb8   Section        0  stm32f10x_rcc.o(i.RCC_PLLConfig)
    i.RCC_SYSCLKConfig                       0x08001bd4   Section        0  stm32f10x_rcc.o(i.RCC_SYSCLKConfig)
    i.SPIv_WriteData                         0x08001bec   Section        0  lcd.o(i.SPIv_WriteData)
    i.SVC_Handler                            0x08001c2c   Section        0  stm32f10x_it.o(i.SVC_Handler)
    i.SetSysClock                            0x08001c2e   Section        0  system_stm32f10x.o(i.SetSysClock)
    SetSysClock                              0x08001c2f   Thumb Code     8  system_stm32f10x.o(i.SetSysClock)
    i.SetSysClockTo72                        0x08001c38   Section        0  system_stm32f10x.o(i.SetSysClockTo72)
    SetSysClockTo72                          0x08001c39   Thumb Code   220  system_stm32f10x.o(i.SetSysClockTo72)
    i.Show_Str                               0x08001d1c   Section        0  lcd.o(i.Show_Str)
    i.SysTick_Handler                        0x08001e28   Section        0  delay.o(i.SysTick_Handler)
    i.SysTick_Init                           0x08001e70   Section        0  delay.o(i.SysTick_Init)
    i.SystemInit                             0x08001ec4   Section        0  system_stm32f10x.o(i.SystemInit)
    i.USART_Cmd                              0x08001f24   Section        0  stm32f10x_usart.o(i.USART_Cmd)
    i.USART_GetFlagStatus                    0x08001f3c   Section        0  stm32f10x_usart.o(i.USART_GetFlagStatus)
    i.USART_Init                             0x08001f58   Section        0  stm32f10x_usart.o(i.USART_Init)
    i.USART_SendData                         0x08002030   Section        0  stm32f10x_usart.o(i.USART_SendData)
    i.UsageFault_Handler                     0x08002038   Section        0  stm32f10x_it.o(i.UsageFault_Handler)
    i.Usart_SendString                       0x0800203c   Section        0  usart2.o(i.Usart_SendString)
    i.__0printf$6                            0x08002058   Section        0  printf6.o(i.__0printf$6)
    i.__0sprintf$6                           0x08002078   Section        0  printf6.o(i.__0sprintf$6)
    i.__scatterload_copy                     0x080020a0   Section       14  handlers.o(i.__scatterload_copy)
    i.__scatterload_null                     0x080020ae   Section        2  handlers.o(i.__scatterload_null)
    i.__scatterload_zeroinit                 0x080020b0   Section       14  handlers.o(i.__scatterload_zeroinit)
    i._printf_core                           0x080020c0   Section        0  printf6.o(i._printf_core)
    _printf_core                             0x080020c1   Thumb Code   748  printf6.o(i._printf_core)
    i._printf_post_padding                   0x080023b0   Section        0  printf6.o(i._printf_post_padding)
    _printf_post_padding                     0x080023b1   Thumb Code    36  printf6.o(i._printf_post_padding)
    i._printf_pre_padding                    0x080023d4   Section        0  printf6.o(i._printf_pre_padding)
    _printf_pre_padding                      0x080023d5   Thumb Code    46  printf6.o(i._printf_pre_padding)
    i._sputc                                 0x08002402   Section        0  printf6.o(i._sputc)
    _sputc                                   0x08002403   Thumb Code    10  printf6.o(i._sputc)
    i.fputc                                  0x0800240c   Section        0  usart1.o(i.fputc)
    i.main                                   0x08002430   Section        0  main.o(i.main)
    i.usart1_init                            0x080028d0   Section        0  usart1.o(i.usart1_init)
    i.usart2_init                            0x08002950   Section        0  usart2.o(i.usart2_init)
    i.usart2_sendByte                        0x080029d0   Section        0  usart2.o(i.usart2_sendByte)
    i.utils_hb2hex                           0x080029f0   Section        0  utils_md5.o(i.utils_hb2hex)
    i.utils_hmac_sha1                        0x08002a08   Section        0  utils_hmac.o(i.utils_hmac_sha1)
    i.utils_sha1_finish                      0x08002af0   Section        0  utils_sha1.o(i.utils_sha1_finish)
    i.utils_sha1_init                        0x08002bd8   Section        0  utils_sha1.o(i.utils_sha1_init)
    i.utils_sha1_process                     0x08002be8   Section        0  utils_sha1.o(i.utils_sha1_process)
    i.utils_sha1_starts                      0x08004504   Section        0  utils_sha1.o(i.utils_sha1_starts)
    i.utils_sha1_update                      0x08004530   Section        0  utils_sha1.o(i.utils_sha1_update)
    i.writeCString                           0x080045ac   Section        0  mqttpacket.o(i.writeCString)
    i.writeChar                              0x080045d4   Section        0  mqttpacket.o(i.writeChar)
    i.writeInt                               0x080045e0   Section        0  mqttpacket.o(i.writeInt)
    i.writeMQTTString                        0x08004610   Section        0  mqttpacket.o(i.writeMQTTString)
    .constdata                               0x0800464e   Section     4156  lcd.o(.constdata)
    .constdata                               0x0800568a   Section     1508  im_humi.o(.constdata)
    .constdata                               0x08005c6e   Section     1680  im_light.o(.constdata)
    .constdata                               0x080062fe   Section     1682  im_temp.o(.constdata)
    .constdata                               0x08006990   Section     1682  im_name.o(.constdata)
    .constdata                               0x08007024   Section       92  ali.o(.constdata)
    .constdata                               0x08007080   Section     1682  im_logo1.o(.constdata)
    .constdata                               0x08007712   Section       64  utils_sha1.o(.constdata)
    iot_sha1_padding                         0x08007712   Data          64  utils_sha1.o(.constdata)
    .conststring                             0x08007754   Section      168  main.o(.conststring)
    .data                                    0x20000000   Section        2  main.o(.data)
    .data                                    0x20000004   Section       36  delay.o(.data)
    .data                                    0x20000028   Section        6  lcd.o(.data)
    .data                                    0x2000002e   Section        2  dht11.o(.data)
    .data                                    0x20000030   Section        2  adc1.o(.data)
    .data                                    0x20000032   Section        2  key.o(.data)
    count1                                   0x20000032   Data           1  key.o(.data)
    count2                                   0x20000033   Data           1  key.o(.data)
    .data                                    0x20000034   Section       20  stm32f10x_rcc.o(.data)
    APBAHBPrescTable                         0x20000034   Data          16  stm32f10x_rcc.o(.data)
    ADCPrescTable                            0x20000044   Data           4  stm32f10x_rcc.o(.data)
    .data                                    0x20000048   Section        4  stdout.o(.data)
    .bss                                     0x2000004c   Section      256  main.o(.bss)
    .bss                                     0x2000014c   Section       14  lcd.o(.bss)
    .bss                                     0x2000015a   Section     3858  ali.o(.bss)
    STACK                                    0x20001070   Section     1024  startup_stm32f10x_ld.o(STACK)

    Global Symbols

    Symbol Name                              Value     Ov Type        Size  Object(Section)

    BuildAttributes$$THM_ISAv4$P$D$K$B$S$PE$A:L22UL41UL21$X:L11$S22US41US21$IEEE1$IW$USESV6$~STKCKD$USESV7$~SHL$OSPACE$ROPI$EBA8$MICROLIB$REQ8$PRES8$EABIv2 0x00000000   Number         0  anon$$obj.o ABSOLUTE
    __ARM_use_no_argv                        0x00000000   Number         0  main.o ABSOLUTE
    _printf_a                                0x00000000   Number         0  stubs.o ABSOLUTE
    _printf_c                                0x00000000   Number         0  stubs.o ABSOLUTE
    _printf_charcount                        0x00000000   Number         0  stubs.o ABSOLUTE
    _printf_d                                0x00000000   Number         0  stubs.o ABSOLUTE
    _printf_e                                0x00000000   Number         0  stubs.o ABSOLUTE
    _printf_f                                0x00000000   Number         0  stubs.o ABSOLUTE
    _printf_flags                            0x00000000   Number         0  stubs.o ABSOLUTE
    _printf_fp_dec                           0x00000000   Number         0  stubs.o ABSOLUTE
    _printf_fp_hex                           0x00000000   Number         0  stubs.o ABSOLUTE
    _printf_g                                0x00000000   Number         0  stubs.o ABSOLUTE
    _printf_i                                0x00000000   Number         0  stubs.o ABSOLUTE
    _printf_int_dec                          0x00000000   Number         0  stubs.o ABSOLUTE
    _printf_l                                0x00000000   Number         0  stubs.o ABSOLUTE
    _printf_lc                               0x00000000   Number         0  stubs.o ABSOLUTE
    _printf_ll                               0x00000000   Number         0  stubs.o ABSOLUTE
    _printf_lld                              0x00000000   Number         0  stubs.o ABSOLUTE
    _printf_lli                              0x00000000   Number         0  stubs.o ABSOLUTE
    _printf_llo                              0x00000000   Number         0  stubs.o ABSOLUTE
    _printf_llu                              0x00000000   Number         0  stubs.o ABSOLUTE
    _printf_llx                              0x00000000   Number         0  stubs.o ABSOLUTE
    _printf_longlong_dec                     0x00000000   Number         0  stubs.o ABSOLUTE
    _printf_longlong_hex                     0x00000000   Number         0  stubs.o ABSOLUTE
    _printf_longlong_oct                     0x00000000   Number         0  stubs.o ABSOLUTE
    _printf_ls                               0x00000000   Number         0  stubs.o ABSOLUTE
    _printf_mbtowc                           0x00000000   Number         0  stubs.o ABSOLUTE
    _printf_n                                0x00000000   Number         0  stubs.o ABSOLUTE
    _printf_o                                0x00000000   Number         0  stubs.o ABSOLUTE
    _printf_p                                0x00000000   Number         0  stubs.o ABSOLUTE
    _printf_percent                          0x00000000   Number         0  stubs.o ABSOLUTE
    _printf_pre_padding                      0x00000000   Number         0  stubs.o ABSOLUTE
    _printf_return_value                     0x00000000   Number         0  stubs.o ABSOLUTE
    _printf_s                                0x00000000   Number         0  stubs.o ABSOLUTE
    _printf_sizespec                         0x00000000   Number         0  stubs.o ABSOLUTE
    _printf_str                              0x00000000   Number         0  stubs.o ABSOLUTE
    _printf_truncate_signed                  0x00000000   Number         0  stubs.o ABSOLUTE
    _printf_truncate_unsigned                0x00000000   Number         0  stubs.o ABSOLUTE
    _printf_u                                0x00000000   Number         0  stubs.o ABSOLUTE
    _printf_wc                               0x00000000   Number         0  stubs.o ABSOLUTE
    _printf_wctomb                           0x00000000   Number         0  stubs.o ABSOLUTE
    _printf_widthprec                        0x00000000   Number         0  stubs.o ABSOLUTE
    _printf_x                                0x00000000   Number         0  stubs.o ABSOLUTE
    __cpp_initialize__aeabi_                  - Undefined Weak Reference
    __cxa_finalize                            - Undefined Weak Reference
    __decompress                              - Undefined Weak Reference
    _clock_init                               - Undefined Weak Reference
    _microlib_exit                            - Undefined Weak Reference
    __Vectors_Size                           0x000000ec   Number         0  startup_stm32f10x_ld.o ABSOLUTE
    __Vectors                                0x08000000   Data           4  startup_stm32f10x_ld.o(RESET)
    __Vectors_End                            0x080000ec   Data           0  startup_stm32f10x_ld.o(RESET)
    __main                                   0x080000ed   Thumb Code     0  entry.o(.ARM.Collect$$$$00000000)
    _main_stk                                0x080000ed   Thumb Code     0  entry2.o(.ARM.Collect$$$$00000001)
    _main_scatterload                        0x080000f1   Thumb Code     0  entry5.o(.ARM.Collect$$$$00000004)
    __main_after_scatterload                 0x080000f5   Thumb Code     0  entry5.o(.ARM.Collect$$$$00000004)
    _main_clock                              0x080000f5   Thumb Code     0  entry7b.o(.ARM.Collect$$$$00000008)
    _main_cpp_init                           0x080000f5   Thumb Code     0  entry8b.o(.ARM.Collect$$$$0000000A)
    _main_init                               0x080000f5   Thumb Code     0  entry9a.o(.ARM.Collect$$$$0000000B)
    __rt_final_cpp                           0x080000fd   Thumb Code     0  entry10a.o(.ARM.Collect$$$$0000000D)
    __rt_final_exit                          0x080000fd   Thumb Code     0  entry11a.o(.ARM.Collect$$$$0000000F)
    Reset_Handler                            0x08000101   Thumb Code     8  startup_stm32f10x_ld.o(.text)
    ADC1_2_IRQHandler                        0x0800011b   Thumb Code     0  startup_stm32f10x_ld.o(.text)
    CAN1_RX1_IRQHandler                      0x0800011b   Thumb Code     0  startup_stm32f10x_ld.o(.text)
    CAN1_SCE_IRQHandler                      0x0800011b   Thumb Code     0  startup_stm32f10x_ld.o(.text)
    DMA1_Channel1_IRQHandler                 0x0800011b   Thumb Code     0  startup_stm32f10x_ld.o(.text)
    DMA1_Channel2_IRQHandler                 0x0800011b   Thumb Code     0  startup_stm32f10x_ld.o(.text)
    DMA1_Channel3_IRQHandler                 0x0800011b   Thumb Code     0  startup_stm32f10x_ld.o(.text)
    DMA1_Channel4_IRQHandler                 0x0800011b   Thumb Code     0  startup_stm32f10x_ld.o(.text)
    DMA1_Channel5_IRQHandler                 0x0800011b   Thumb Code     0  startup_stm32f10x_ld.o(.text)
    DMA1_Channel6_IRQHandler                 0x0800011b   Thumb Code     0  startup_stm32f10x_ld.o(.text)
    DMA1_Channel7_IRQHandler                 0x0800011b   Thumb Code     0  startup_stm32f10x_ld.o(.text)
    EXTI0_IRQHandler                         0x0800011b   Thumb Code     0  startup_stm32f10x_ld.o(.text)
    EXTI15_10_IRQHandler                     0x0800011b   Thumb Code     0  startup_stm32f10x_ld.o(.text)
    EXTI1_IRQHandler                         0x0800011b   Thumb Code     0  startup_stm32f10x_ld.o(.text)
    EXTI2_IRQHandler                         0x0800011b   Thumb Code     0  startup_stm32f10x_ld.o(.text)
    EXTI3_IRQHandler                         0x0800011b   Thumb Code     0  startup_stm32f10x_ld.o(.text)
    EXTI4_IRQHandler                         0x0800011b   Thumb Code     0  startup_stm32f10x_ld.o(.text)
    EXTI9_5_IRQHandler                       0x0800011b   Thumb Code     0  startup_stm32f10x_ld.o(.text)
    FLASH_IRQHandler                         0x0800011b   Thumb Code     0  startup_stm32f10x_ld.o(.text)
    I2C1_ER_IRQHandler                       0x0800011b   Thumb Code     0  startup_stm32f10x_ld.o(.text)
    I2C1_EV_IRQHandler                       0x0800011b   Thumb Code     0  startup_stm32f10x_ld.o(.text)
    PVD_IRQHandler                           0x0800011b   Thumb Code     0  startup_stm32f10x_ld.o(.text)
    RCC_IRQHandler                           0x0800011b   Thumb Code     0  startup_stm32f10x_ld.o(.text)
    RTCAlarm_IRQHandler                      0x0800011b   Thumb Code     0  startup_stm32f10x_ld.o(.text)
    RTC_IRQHandler                           0x0800011b   Thumb Code     0  startup_stm32f10x_ld.o(.text)
    SPI1_IRQHandler                          0x0800011b   Thumb Code     0  startup_stm32f10x_ld.o(.text)
    TAMPER_IRQHandler                        0x0800011b   Thumb Code     0  startup_stm32f10x_ld.o(.text)
    TIM1_BRK_IRQHandler                      0x0800011b   Thumb Code     0  startup_stm32f10x_ld.o(.text)
    TIM1_CC_IRQHandler                       0x0800011b   Thumb Code     0  startup_stm32f10x_ld.o(.text)
    TIM1_TRG_COM_IRQHandler                  0x0800011b   Thumb Code     0  startup_stm32f10x_ld.o(.text)
    TIM1_UP_IRQHandler                       0x0800011b   Thumb Code     0  startup_stm32f10x_ld.o(.text)
    TIM2_IRQHandler                          0x0800011b   Thumb Code     0  startup_stm32f10x_ld.o(.text)
    TIM3_IRQHandler                          0x0800011b   Thumb Code     0  startup_stm32f10x_ld.o(.text)
    USART1_IRQHandler                        0x0800011b   Thumb Code     0  startup_stm32f10x_ld.o(.text)
    USART2_IRQHandler                        0x0800011b   Thumb Code     0  startup_stm32f10x_ld.o(.text)
    USBWakeUp_IRQHandler                     0x0800011b   Thumb Code     0  startup_stm32f10x_ld.o(.text)
    USB_HP_CAN1_TX_IRQHandler                0x0800011b   Thumb Code     0  startup_stm32f10x_ld.o(.text)
    USB_LP_CAN1_RX0_IRQHandler               0x0800011b   Thumb Code     0  startup_stm32f10x_ld.o(.text)
    WWDG_IRQHandler                          0x0800011b   Thumb Code     0  startup_stm32f10x_ld.o(.text)
    __aeabi_memcpy                           0x08000125   Thumb Code    36  memcpya.o(.text)
    __aeabi_memcpy4                          0x08000125   Thumb Code     0  memcpya.o(.text)
    __aeabi_memcpy8                          0x08000125   Thumb Code     0  memcpya.o(.text)
    __aeabi_memset                           0x08000149   Thumb Code    14  memseta.o(.text)
    __aeabi_memset4                          0x08000149   Thumb Code     0  memseta.o(.text)
    __aeabi_memset8                          0x08000149   Thumb Code     0  memseta.o(.text)
    __aeabi_memclr                           0x08000157   Thumb Code     4  memseta.o(.text)
    __aeabi_memclr4                          0x08000157   Thumb Code     0  memseta.o(.text)
    __aeabi_memclr8                          0x08000157   Thumb Code     0  memseta.o(.text)
    _memset$wrapper                          0x0800015b   Thumb Code    18  memseta.o(.text)
    strlen                                   0x0800016d   Thumb Code    14  strlen.o(.text)
    __aeabi_uidiv                            0x0800017b   Thumb Code     0  uidiv.o(.text)
    __aeabi_uidivmod                         0x0800017b   Thumb Code    44  uidiv.o(.text)
    __scatterload                            0x080001a9   Thumb Code    28  init.o(.text)
    __scatterload_rt2                        0x080001a9   Thumb Code     0  init.o(.text)
    ADC1_GetValue                            0x080001cd   Thumb Code    52  adc1.o(i.ADC1_GetValue)
    ADC1_Init                                0x08000209   Thumb Code    90  adc1.o(i.ADC1_Init)
    ADC_Cmd                                  0x0800026d   Thumb Code    22  stm32f10x_adc.o(i.ADC_Cmd)
    ADC_GetConversionValue                   0x08000283   Thumb Code     8  stm32f10x_adc.o(i.ADC_GetConversionValue)
    ADC_GetFlagStatus                        0x0800028b   Thumb Code    18  stm32f10x_adc.o(i.ADC_GetFlagStatus)
    ADC_Init                                 0x0800029d   Thumb Code    70  stm32f10x_adc.o(i.ADC_Init)
    ADC_RegularChannelConfig                 0x080002ed   Thumb Code   184  stm32f10x_adc.o(i.ADC_RegularChannelConfig)
    ADC_SoftwareStartConvCmd                 0x080003a5   Thumb Code    22  stm32f10x_adc.o(i.ADC_SoftwareStartConvCmd)
    AliIOT_DataConfig                        0x080003bd   Thumb Code   180  ali.o(i.AliIOT_DataConfig)
    Ali_updata                               0x080005bd   Thumb Code    52  main.o(i.Ali_updata)
    BusFault_Handler                         0x08000609   Thumb Code     4  stm32f10x_it.o(i.BusFault_Handler)
    Change_DHT11_Mode                        0x0800060d   Thumb Code    54  dht11.o(i.Change_DHT11_Mode)
    Clean_data                               0x08000649   Thumb Code    22  ali.o(i.Clean_data)
    DHT11_ReadData                           0x08000665   Thumb Code   320  dht11.o(i.DHT11_ReadData)
    DebugMon_Handler                         0x080007ad   Thumb Code     2  stm32f10x_it.o(i.DebugMon_Handler)
    Delay_ms                                 0x080007b1   Thumb Code    18  delay.o(i.Delay_ms)
    Delay_us                                 0x080007c9   Thumb Code    92  delay.o(i.Delay_us)
    GPIO_Init                                0x08000825   Thumb Code   278  stm32f10x_gpio.o(i.GPIO_Init)
    GPIO_PinRemapConfig                      0x0800093d   Thumb Code   138  stm32f10x_gpio.o(i.GPIO_PinRemapConfig)
    GPIO_ReadInputDataBit                    0x080009cd   Thumb Code    18  stm32f10x_gpio.o(i.GPIO_ReadInputDataBit)
    GPIO_ResetBits                           0x080009df   Thumb Code     4  stm32f10x_gpio.o(i.GPIO_ResetBits)
    GPIO_SetBits                             0x080009e3   Thumb Code     4  stm32f10x_gpio.o(i.GPIO_SetBits)
    GPIO_WriteBit                            0x080009e7   Thumb Code    10  stm32f10x_gpio.o(i.GPIO_WriteBit)
    GUI_DrawFont16                           0x080009f1   Thumb Code   290  lcd.o(i.GUI_DrawFont16)
    GUI_DrawFont24                           0x08000b21   Thumb Code   306  lcd.o(i.GUI_DrawFont24)
    GUI_DrawFont32                           0x08000c61   Thumb Code   310  lcd.o(i.GUI_DrawFont32)
    HardFault_Handler                        0x08000da5   Thumb Code     4  stm32f10x_it.o(i.HardFault_Handler)
    JTAG_SWD_Config                          0x08000da9   Thumb Code    20  main.o(i.JTAG_SWD_Config)
    Key_GetValue                             0x08000dc1   Thumb Code   100  key.o(i.Key_GetValue)
    LCD_Clear                                0x08000e31   Thumb Code    88  lcd.o(i.LCD_Clear)
    LCD_DrawPoint                            0x08000e91   Thumb Code    24  lcd.o(i.LCD_DrawPoint)
    LCD_GPIOInit                             0x08000ead   Thumb Code    68  lcd.o(i.LCD_GPIOInit)
    LCD_Init                                 0x08000ef5   Thumb Code   564  lcd.o(i.LCD_Init)
    LCD_RESET                                0x08001129   Thumb Code    36  lcd.o(i.LCD_RESET)
    LCD_SetCursor                            0x08001155   Thumb Code    20  lcd.o(i.LCD_SetCursor)
    LCD_SetWindows                           0x08001169   Thumb Code    80  lcd.o(i.LCD_SetWindows)
    LCD_ShowChar                             0x080011bd   Thumb Code   284  lcd.o(i.LCD_ShowChar)
    LCD_WR_DATA                              0x080012e9   Thumb Code    36  lcd.o(i.LCD_WR_DATA)
    LCD_WR_REG                               0x08001311   Thumb Code    34  lcd.o(i.LCD_WR_REG)
    LCD_WriteRAM_Prepare                     0x08001339   Thumb Code    12  lcd.o(i.LCD_WriteRAM_Prepare)
    LCD_WriteReg                             0x08001349   Thumb Code    20  lcd.o(i.LCD_WriteReg)
    LCD_direction                            0x0800135d   Thumb Code   128  lcd.o(i.LCD_direction)
    LED1_Toggle                              0x080013e1   Thumb Code    40  led.o(i.LED1_Toggle)
    LED2_Toggle                              0x0800140d   Thumb Code    40  led.o(i.LED2_Toggle)
    LED_init                                 0x08001439   Thumb Code    40  led.o(i.LED_init)
    Lcd_WriteData_16Bit                      0x08001465   Thumb Code    42  lcd.o(i.Lcd_WriteData_16Bit)
    MQTTPacket_encode                        0x08001495   Thumb Code    54  mqttpacket.o(i.MQTTPacket_encode)
    MQTTPacket_len                           0x080014cd   Thumb Code    34  mqttpacket.o(i.MQTTPacket_len)
    MQTTSerialize_connect                    0x080014f5   Thumb Code   342  mqttconnectclient.o(i.MQTTSerialize_connect)
    MQTTSerialize_connectLength              0x0800165d   Thumb Code   118  mqttconnectclient.o(i.MQTTSerialize_connectLength)
    MQTTSerialize_publish                    0x080016d3   Thumb Code   176  mqttserializepublish.o(i.MQTTSerialize_publish)
    MQTTSerialize_publishLength              0x08001783   Thumb Code    34  mqttserializepublish.o(i.MQTTSerialize_publishLength)
    MQTTstrlen                               0x080017a5   Thumb Code    24  mqttpacket.o(i.MQTTstrlen)
    MemManage_Handler                        0x080017bd   Thumb Code     4  stm32f10x_it.o(i.MemManage_Handler)
    MyMQTT_Connect                           0x080017c1   Thumb Code    92  ali.o(i.MyMQTT_Connect)
    MyMQTT_Publish                           0x08001825   Thumb Code   112  ali.o(i.MyMQTT_Publish)
    NMI_Handler                              0x08001899   Thumb Code     2  stm32f10x_it.o(i.NMI_Handler)
    Paint_Bmp                                0x0800189d   Thumb Code   138  lcd.o(i.Paint_Bmp)
    PendSV_Handler                           0x0800192d   Thumb Code     2  stm32f10x_it.o(i.PendSV_Handler)
    RCC_ADCCLKConfig                         0x08001931   Thumb Code    18  stm32f10x_rcc.o(i.RCC_ADCCLKConfig)
    RCC_APB1PeriphClockCmd                   0x08001949   Thumb Code    26  stm32f10x_rcc.o(i.RCC_APB1PeriphClockCmd)
    RCC_APB2PeriphClockCmd                   0x08001969   Thumb Code    26  stm32f10x_rcc.o(i.RCC_APB2PeriphClockCmd)
    RCC_DeInit                               0x080019ed   Thumb Code    64  stm32f10x_rcc.o(i.RCC_DeInit)
    RCC_GetClocksFreq                        0x08001a39   Thumb Code   192  stm32f10x_rcc.o(i.RCC_GetClocksFreq)
    RCC_GetFlagStatus                        0x08001b0d   Thumb Code    56  stm32f10x_rcc.o(i.RCC_GetFlagStatus)
    RCC_GetSYSCLKSource                      0x08001b49   Thumb Code    10  stm32f10x_rcc.o(i.RCC_GetSYSCLKSource)
    RCC_HCLKConfig                           0x08001b59   Thumb Code    18  stm32f10x_rcc.o(i.RCC_HCLKConfig)
    RCC_HSICmd                               0x08001b71   Thumb Code     6  stm32f10x_rcc.o(i.RCC_HSICmd)
    RCC_PCLK1Config                          0x08001b7d   Thumb Code    18  stm32f10x_rcc.o(i.RCC_PCLK1Config)
    RCC_PCLK2Config                          0x08001b95   Thumb Code    20  stm32f10x_rcc.o(i.RCC_PCLK2Config)
    RCC_PLLCmd                               0x08001bad   Thumb Code     6  stm32f10x_rcc.o(i.RCC_PLLCmd)
    RCC_PLLConfig                            0x08001bb9   Thumb Code    24  stm32f10x_rcc.o(i.RCC_PLLConfig)
    RCC_SYSCLKConfig                         0x08001bd5   Thumb Code    18  stm32f10x_rcc.o(i.RCC_SYSCLKConfig)
    SPIv_WriteData                           0x08001bed   Thumb Code    60  lcd.o(i.SPIv_WriteData)
    SVC_Handler                              0x08001c2d   Thumb Code     2  stm32f10x_it.o(i.SVC_Handler)
    Show_Str                                 0x08001d1d   Thumb Code   264  lcd.o(i.Show_Str)
    SysTick_Handler                          0x08001e29   Thumb Code    52  delay.o(i.SysTick_Handler)
    SysTick_Init                             0x08001e71   Thumb Code    74  delay.o(i.SysTick_Init)
    SystemInit                               0x08001ec5   Thumb Code    78  system_stm32f10x.o(i.SystemInit)
    USART_Cmd                                0x08001f25   Thumb Code    24  stm32f10x_usart.o(i.USART_Cmd)
    USART_GetFlagStatus                      0x08001f3d   Thumb Code    26  stm32f10x_usart.o(i.USART_GetFlagStatus)
    USART_Init                               0x08001f59   Thumb Code   210  stm32f10x_usart.o(i.USART_Init)
    USART_SendData                           0x08002031   Thumb Code     8  stm32f10x_usart.o(i.USART_SendData)
    UsageFault_Handler                       0x08002039   Thumb Code     4  stm32f10x_it.o(i.UsageFault_Handler)
    Usart_SendString                         0x0800203d   Thumb Code    26  usart2.o(i.Usart_SendString)
    __0printf$6                              0x08002059   Thumb Code    22  printf6.o(i.__0printf$6)
    __1printf$6                              0x08002059   Thumb Code     0  printf6.o(i.__0printf$6)
    __2printf                                0x08002059   Thumb Code     0  printf6.o(i.__0printf$6)
    __0sprintf$6                             0x08002079   Thumb Code    34  printf6.o(i.__0sprintf$6)
    __1sprintf$6                             0x08002079   Thumb Code     0  printf6.o(i.__0sprintf$6)
    __2sprintf                               0x08002079   Thumb Code     0  printf6.o(i.__0sprintf$6)
    __scatterload_copy                       0x080020a1   Thumb Code    14  handlers.o(i.__scatterload_copy)
    __scatterload_null                       0x080020af   Thumb Code     2  handlers.o(i.__scatterload_null)
    __scatterload_zeroinit                   0x080020b1   Thumb Code    14  handlers.o(i.__scatterload_zeroinit)
    fputc                                    0x0800240d   Thumb Code    32  usart1.o(i.fputc)
    main                                     0x08002431   Thumb Code   848  main.o(i.main)
    usart1_init                              0x080028d1   Thumb Code   120  usart1.o(i.usart1_init)
    usart2_init                              0x08002951   Thumb Code   118  usart2.o(i.usart2_init)
    usart2_sendByte                          0x080029d1   Thumb Code    28  usart2.o(i.usart2_sendByte)
    utils_hb2hex                             0x080029f1   Thumb Code    24  utils_md5.o(i.utils_hb2hex)
    utils_hmac_sha1                          0x08002a09   Thumb Code   232  utils_hmac.o(i.utils_hmac_sha1)
    utils_sha1_finish                        0x08002af1   Thumb Code   228  utils_sha1.o(i.utils_sha1_finish)
    utils_sha1_init                          0x08002bd9   Thumb Code    14  utils_sha1.o(i.utils_sha1_init)
    utils_sha1_process                       0x08002be9   Thumb Code  6420  utils_sha1.o(i.utils_sha1_process)
    utils_sha1_starts                        0x08004505   Thumb Code    30  utils_sha1.o(i.utils_sha1_starts)
    utils_sha1_update                        0x08004531   Thumb Code   124  utils_sha1.o(i.utils_sha1_update)
    writeCString                             0x080045ad   Thumb Code    40  mqttpacket.o(i.writeCString)
    writeChar                                0x080045d5   Thumb Code    12  mqttpacket.o(i.writeChar)
    writeInt                                 0x080045e1   Thumb Code    48  mqttpacket.o(i.writeInt)
    writeMQTTString                          0x08004611   Thumb Code    62  mqttpacket.o(i.writeMQTTString)
    asc2_1206                                0x0800464e   Data        1140  lcd.o(.constdata)
    asc2_1608                                0x08004ac2   Data        1520  lcd.o(.constdata)
    tfont16                                  0x080050b2   Data        1292  lcd.o(.constdata)
    tfont24                                  0x080055be   Data          74  lcd.o(.constdata)
    tfont32                                  0x08005608   Data         130  lcd.o(.constdata)
    gImage_humi                              0x0800568a   Data        1508  im_humi.o(.constdata)
    gImage_light                             0x08005c6e   Data        1680  im_light.o(.constdata)
    gImage_im_temp                           0x080062fe   Data        1682  im_temp.o(.constdata)
    gImage_name                              0x08006990   Data        1682  im_name.o(.constdata)
    gImage_im_logo1                          0x08007080   Data        1682  im_logo1.o(.constdata)
    Region$$Table$$Base                      0x080077fc   Number         0  anon$$obj.o(Region$$Table)
    Region$$Table$$Limit                     0x0800781c   Number         0  anon$$obj.o(Region$$Table)
    flag1                                    0x20000000   Data           1  main.o(.data)
    keyVlue                                  0x20000001   Data           1  main.o(.data)
    RunTime                                  0x20000004   Data           4  delay.o(.data)
    timedled                                 0x20000008   Data           8  delay.o(.data)
    timedkey                                 0x20000010   Data           8  delay.o(.data)
    timedht11                                0x20000018   Data           8  delay.o(.data)
    timedali                                 0x20000020   Data           8  delay.o(.data)
    POINT_COLOR                              0x20000028   Data           2  lcd.o(.data)
    BACK_COLOR                               0x2000002a   Data           2  lcd.o(.data)
    DeviceCode                               0x2000002c   Data           2  lcd.o(.data)
    dht11_data                               0x2000002e   Data           2  dht11.o(.data)
    adc_data                                 0x20000030   Data           2  adc1.o(.data)
    __stdout                                 0x20000048   Data           4  stdout.o(.data)
    Send_JsonBuf                             0x2000004c   Data         256  main.o(.bss)
    lcddev                                   0x2000014c   Data          14  lcd.o(.bss)
    Ali_Buf                                  0x2000015a   Data        1800  ali.o(.bss)
    Ali_data                                 0x20000862   Data        2058  ali.o(.bss)
    __initial_sp                             0x20001470   Data           0  startup_stm32f10x_ld.o(STACK)



==============================================================================

Memory Map of the image

  Image Entry point : 0x080000ed

  Load Region LR_IROM1 (Base: 0x08000000, Size: 0x00007868, Max: 0x00008000, ABSOLUTE)

    Execution Region ER_IROM1 (Exec base: 0x08000000, Load base: 0x08000000, Size: 0x0000781c, Max: 0x00008000, ABSOLUTE)

    Exec Addr    Load Addr    Size         Type   Attr      Idx    E Section Name        Object

    0x08000000   0x08000000   0x000000ec   Data   RO            3    RESET               startup_stm32f10x_ld.o
    0x080000ec   0x080000ec   0x00000000   Code   RO         4790  * .ARM.Collect$$$$00000000  mc_w.l(entry.o)
    0x080000ec   0x080000ec   0x00000004   Code   RO         5066    .ARM.Collect$$$$00000001  mc_w.l(entry2.o)
    0x080000f0   0x080000f0   0x00000004   Code   RO         5069    .ARM.Collect$$$$00000004  mc_w.l(entry5.o)
    0x080000f4   0x080000f4   0x00000000   Code   RO         5071    .ARM.Collect$$$$00000008  mc_w.l(entry7b.o)
    0x080000f4   0x080000f4   0x00000000   Code   RO         5073    .ARM.Collect$$$$0000000A  mc_w.l(entry8b.o)
    0x080000f4   0x080000f4   0x00000008   Code   RO         5074    .ARM.Collect$$$$0000000B  mc_w.l(entry9a.o)
    0x080000fc   0x080000fc   0x00000000   Code   RO         5076    .ARM.Collect$$$$0000000D  mc_w.l(entry10a.o)
    0x080000fc   0x080000fc   0x00000000   Code   RO         5078    .ARM.Collect$$$$0000000F  mc_w.l(entry11a.o)
    0x080000fc   0x080000fc   0x00000004   Code   RO         5067    .ARM.Collect$$$$00002712  mc_w.l(entry2.o)
    0x08000100   0x08000100   0x00000024   Code   RO            4    .text               startup_stm32f10x_ld.o
    0x08000124   0x08000124   0x00000024   Code   RO         4793    .text               mc_w.l(memcpya.o)
    0x08000148   0x08000148   0x00000024   Code   RO         4795    .text               mc_w.l(memseta.o)
    0x0800016c   0x0800016c   0x0000000e   Code   RO         4797    .text               mc_w.l(strlen.o)
    0x0800017a   0x0800017a   0x0000002c   Code   RO         5081    .text               mc_w.l(uidiv.o)
    0x080001a6   0x080001a6   0x00000002   PAD
    0x080001a8   0x080001a8   0x00000024   Code   RO         5096    .text               mc_w.l(init.o)
    0x080001cc   0x080001cc   0x0000003c   Code   RO          754    i.ADC1_GetValue     adc1.o
    0x08000208   0x08000208   0x00000064   Code   RO          755    i.ADC1_Init         adc1.o
    0x0800026c   0x0800026c   0x00000016   Code   RO         1050    i.ADC_Cmd           stm32f10x_adc.o
    0x08000282   0x08000282   0x00000008   Code   RO         1059    i.ADC_GetConversionValue  stm32f10x_adc.o
    0x0800028a   0x0800028a   0x00000012   Code   RO         1061    i.ADC_GetFlagStatus  stm32f10x_adc.o
    0x0800029c   0x0800029c   0x00000050   Code   RO         1068    i.ADC_Init          stm32f10x_adc.o
    0x080002ec   0x080002ec   0x000000b8   Code   RO         1072    i.ADC_RegularChannelConfig  stm32f10x_adc.o
    0x080003a4   0x080003a4   0x00000016   Code   RO         1075    i.ADC_SoftwareStartConvCmd  stm32f10x_adc.o
    0x080003ba   0x080003ba   0x00000002   PAD
    0x080003bc   0x080003bc   0x00000200   Code   RO          825    i.AliIOT_DataConfig  ali.o
    0x080005bc   0x080005bc   0x0000004c   Code   RO           13    i.Ali_updata        main.o
    0x08000608   0x08000608   0x00000004   Code   RO          187    i.BusFault_Handler  stm32f10x_it.o
    0x0800060c   0x0800060c   0x0000003c   Code   RO          714    i.Change_DHT11_Mode  dht11.o
    0x08000648   0x08000648   0x0000001c   Code   RO          826    i.Clean_data        ali.o
    0x08000664   0x08000664   0x00000148   Code   RO          715    i.DHT11_ReadData    dht11.o
    0x080007ac   0x080007ac   0x00000002   Code   RO          188    i.DebugMon_Handler  stm32f10x_it.o
    0x080007ae   0x080007ae   0x00000002   PAD
    0x080007b0   0x080007b0   0x00000018   Code   RO          315    i.Delay_ms          delay.o
    0x080007c8   0x080007c8   0x0000005c   Code   RO          317    i.Delay_us          delay.o
    0x08000824   0x08000824   0x00000116   Code   RO         2291    i.GPIO_Init         stm32f10x_gpio.o
    0x0800093a   0x0800093a   0x00000002   PAD
    0x0800093c   0x0800093c   0x00000090   Code   RO         2293    i.GPIO_PinRemapConfig  stm32f10x_gpio.o
    0x080009cc   0x080009cc   0x00000012   Code   RO         2295    i.GPIO_ReadInputDataBit  stm32f10x_gpio.o
    0x080009de   0x080009de   0x00000004   Code   RO         2298    i.GPIO_ResetBits    stm32f10x_gpio.o
    0x080009e2   0x080009e2   0x00000004   Code   RO         2299    i.GPIO_SetBits      stm32f10x_gpio.o
    0x080009e6   0x080009e6   0x0000000a   Code   RO         2302    i.GPIO_WriteBit     stm32f10x_gpio.o
    0x080009f0   0x080009f0   0x00000130   Code   RO          435    i.GUI_DrawFont16    lcd.o
    0x08000b20   0x08000b20   0x00000140   Code   RO          436    i.GUI_DrawFont24    lcd.o
    0x08000c60   0x08000c60   0x00000144   Code   RO          437    i.GUI_DrawFont32    lcd.o
    0x08000da4   0x08000da4   0x00000004   Code   RO          189    i.HardFault_Handler  stm32f10x_it.o
    0x08000da8   0x08000da8   0x00000018   Code   RO           14    i.JTAG_SWD_Config   main.o
    0x08000dc0   0x08000dc0   0x00000070   Code   RO          958    i.Key_GetValue      key.o
    0x08000e30   0x08000e30   0x00000060   Code   RO          440    i.LCD_Clear         lcd.o
    0x08000e90   0x08000e90   0x0000001c   Code   RO          443    i.LCD_DrawPoint     lcd.o
    0x08000eac   0x08000eac   0x00000048   Code   RO          446    i.LCD_GPIOInit      lcd.o
    0x08000ef4   0x08000ef4   0x00000234   Code   RO          447    i.LCD_Init          lcd.o
    0x08001128   0x08001128   0x0000002c   Code   RO          448    i.LCD_RESET         lcd.o
    0x08001154   0x08001154   0x00000014   Code   RO          449    i.LCD_SetCursor     lcd.o
    0x08001168   0x08001168   0x00000054   Code   RO          450    i.LCD_SetWindows    lcd.o
    0x080011bc   0x080011bc   0x0000012c   Code   RO          451    i.LCD_ShowChar      lcd.o
    0x080012e8   0x080012e8   0x00000028   Code   RO          454    i.LCD_WR_DATA       lcd.o
    0x08001310   0x08001310   0x00000028   Code   RO          455    i.LCD_WR_REG        lcd.o
    0x08001338   0x08001338   0x00000010   Code   RO          456    i.LCD_WriteRAM_Prepare  lcd.o
    0x08001348   0x08001348   0x00000014   Code   RO          457    i.LCD_WriteReg      lcd.o
    0x0800135c   0x0800135c   0x00000084   Code   RO          458    i.LCD_direction     lcd.o
    0x080013e0   0x080013e0   0x0000002c   Code   RO          375    i.LED1_Toggle       led.o
    0x0800140c   0x0800140c   0x0000002c   Code   RO          378    i.LED2_Toggle       led.o
    0x08001438   0x08001438   0x0000002c   Code   RO          379    i.LED_init          led.o
    0x08001464   0x08001464   0x00000030   Code   RO          459    i.Lcd_WriteData_16Bit  lcd.o
    0x08001494   0x08001494   0x00000036   Code   RO         4552    i.MQTTPacket_encode  mqttpacket.o
    0x080014ca   0x080014ca   0x00000002   PAD
    0x080014cc   0x080014cc   0x00000028   Code   RO         4554    i.MQTTPacket_len    mqttpacket.o
    0x080014f4   0x080014f4   0x00000168   Code   RO         4402    i.MQTTSerialize_connect  mqttconnectclient.o
    0x0800165c   0x0800165c   0x00000076   Code   RO         4403    i.MQTTSerialize_connectLength  mqttconnectclient.o
    0x080016d2   0x080016d2   0x000000b0   Code   RO         4667    i.MQTTSerialize_publish  mqttserializepublish.o
    0x08001782   0x08001782   0x00000022   Code   RO         4668    i.MQTTSerialize_publishLength  mqttserializepublish.o
    0x080017a4   0x080017a4   0x00000018   Code   RO         4557    i.MQTTstrlen        mqttpacket.o
    0x080017bc   0x080017bc   0x00000004   Code   RO          190    i.MemManage_Handler  stm32f10x_it.o
    0x080017c0   0x080017c0   0x00000064   Code   RO          827    i.MyMQTT_Connect    ali.o
    0x08001824   0x08001824   0x00000074   Code   RO          829    i.MyMQTT_Publish    ali.o
    0x08001898   0x08001898   0x00000002   Code   RO          191    i.NMI_Handler       stm32f10x_it.o
    0x0800189a   0x0800189a   0x00000002   PAD
    0x0800189c   0x0800189c   0x00000090   Code   RO          460    i.Paint_Bmp         lcd.o
    0x0800192c   0x0800192c   0x00000002   Code   RO          192    i.PendSV_Handler    stm32f10x_it.o
    0x0800192e   0x0800192e   0x00000002   PAD
    0x08001930   0x08001930   0x00000018   Code   RO         2753    i.RCC_ADCCLKConfig  stm32f10x_rcc.o
    0x08001948   0x08001948   0x00000020   Code   RO         2755    i.RCC_APB1PeriphClockCmd  stm32f10x_rcc.o
    0x08001968   0x08001968   0x00000020   Code   RO         2757    i.RCC_APB2PeriphClockCmd  stm32f10x_rcc.o
    0x08001988   0x08001988   0x00000062   Code   RO          264    i.RCC_Configuration  system_stm32f10x.o
    0x080019ea   0x080019ea   0x00000002   PAD
    0x080019ec   0x080019ec   0x0000004c   Code   RO         2764    i.RCC_DeInit        stm32f10x_rcc.o
    0x08001a38   0x08001a38   0x000000d4   Code   RO         2765    i.RCC_GetClocksFreq  stm32f10x_rcc.o
    0x08001b0c   0x08001b0c   0x0000003c   Code   RO         2766    i.RCC_GetFlagStatus  stm32f10x_rcc.o
    0x08001b48   0x08001b48   0x00000010   Code   RO         2768    i.RCC_GetSYSCLKSource  stm32f10x_rcc.o
    0x08001b58   0x08001b58   0x00000018   Code   RO         2769    i.RCC_HCLKConfig    stm32f10x_rcc.o
    0x08001b70   0x08001b70   0x0000000c   Code   RO         2771    i.RCC_HSICmd        stm32f10x_rcc.o
    0x08001b7c   0x08001b7c   0x00000018   Code   RO         2776    i.RCC_PCLK1Config   stm32f10x_rcc.o
    0x08001b94   0x08001b94   0x00000018   Code   RO         2777    i.RCC_PCLK2Config   stm32f10x_rcc.o
    0x08001bac   0x08001bac   0x0000000c   Code   RO         2778    i.RCC_PLLCmd        stm32f10x_rcc.o
    0x08001bb8   0x08001bb8   0x0000001c   Code   RO         2779    i.RCC_PLLConfig     stm32f10x_rcc.o
    0x08001bd4   0x08001bd4   0x00000018   Code   RO         2782    i.RCC_SYSCLKConfig  stm32f10x_rcc.o
    0x08001bec   0x08001bec   0x00000040   Code   RO          461    i.SPIv_WriteData    lcd.o
    0x08001c2c   0x08001c2c   0x00000002   Code   RO          193    i.SVC_Handler       stm32f10x_it.o
    0x08001c2e   0x08001c2e   0x00000008   Code   RO          265    i.SetSysClock       system_stm32f10x.o
    0x08001c36   0x08001c36   0x00000002   PAD
    0x08001c38   0x08001c38   0x000000e4   Code   RO          266    i.SetSysClockTo72   system_stm32f10x.o
    0x08001d1c   0x08001d1c   0x0000010c   Code   RO          462    i.Show_Str          lcd.o
    0x08001e28   0x08001e28   0x00000048   Code   RO          318    i.SysTick_Handler   delay.o
    0x08001e70   0x08001e70   0x00000054   Code   RO          319    i.SysTick_Init      delay.o
    0x08001ec4   0x08001ec4   0x00000060   Code   RO          268    i.SystemInit        system_stm32f10x.o
    0x08001f24   0x08001f24   0x00000018   Code   RO         3985    i.USART_Cmd         stm32f10x_usart.o
    0x08001f3c   0x08001f3c   0x0000001a   Code   RO         3988    i.USART_GetFlagStatus  stm32f10x_usart.o
    0x08001f56   0x08001f56   0x00000002   PAD
    0x08001f58   0x08001f58   0x000000d8   Code   RO         3992    i.USART_Init        stm32f10x_usart.o
    0x08002030   0x08002030   0x00000008   Code   RO         4002    i.USART_SendData    stm32f10x_usart.o
    0x08002038   0x08002038   0x00000004   Code   RO          194    i.UsageFault_Handler  stm32f10x_it.o
    0x0800203c   0x0800203c   0x0000001a   Code   RO          922    i.Usart_SendString  usart2.o
    0x08002056   0x08002056   0x00000002   PAD
    0x08002058   0x08002058   0x00000020   Code   RO         4960    i.__0printf$6       mc_w.l(printf6.o)
    0x08002078   0x08002078   0x00000028   Code   RO         4962    i.__0sprintf$6      mc_w.l(printf6.o)
    0x080020a0   0x080020a0   0x0000000e   Code   RO         5108    i.__scatterload_copy  mc_w.l(handlers.o)
    0x080020ae   0x080020ae   0x00000002   Code   RO         5109    i.__scatterload_null  mc_w.l(handlers.o)
    0x080020b0   0x080020b0   0x0000000e   Code   RO         5110    i.__scatterload_zeroinit  mc_w.l(handlers.o)
    0x080020be   0x080020be   0x00000002   PAD
    0x080020c0   0x080020c0   0x000002f0   Code   RO         4967    i._printf_core      mc_w.l(printf6.o)
    0x080023b0   0x080023b0   0x00000024   Code   RO         4968    i._printf_post_padding  mc_w.l(printf6.o)
    0x080023d4   0x080023d4   0x0000002e   Code   RO         4969    i._printf_pre_padding  mc_w.l(printf6.o)
    0x08002402   0x08002402   0x0000000a   Code   RO         4971    i._sputc            mc_w.l(printf6.o)
    0x0800240c   0x0800240c   0x00000024   Code   RO          672    i.fputc             usart1.o
    0x08002430   0x08002430   0x000004a0   Code   RO           15    i.main              main.o
    0x080028d0   0x080028d0   0x00000080   Code   RO          673    i.usart1_init       usart1.o
    0x08002950   0x08002950   0x00000080   Code   RO          923    i.usart2_init       usart2.o
    0x080029d0   0x080029d0   0x00000020   Code   RO          924    i.usart2_sendByte   usart2.o
    0x080029f0   0x080029f0   0x00000018   Code   RO         4274    i.utils_hb2hex      utils_md5.o
    0x08002a08   0x08002a08   0x000000e8   Code   RO         4238    i.utils_hmac_sha1   utils_hmac.o
    0x08002af0   0x08002af0   0x000000e8   Code   RO         4342    i.utils_sha1_finish  utils_sha1.o
    0x08002bd8   0x08002bd8   0x0000000e   Code   RO         4344    i.utils_sha1_init   utils_sha1.o
    0x08002be6   0x08002be6   0x00000002   PAD
    0x08002be8   0x08002be8   0x0000191c   Code   RO         4345    i.utils_sha1_process  utils_sha1.o
    0x08004504   0x08004504   0x0000002c   Code   RO         4346    i.utils_sha1_starts  utils_sha1.o
    0x08004530   0x08004530   0x0000007c   Code   RO         4347    i.utils_sha1_update  utils_sha1.o
    0x080045ac   0x080045ac   0x00000028   Code   RO         4563    i.writeCString      mqttpacket.o
    0x080045d4   0x080045d4   0x0000000c   Code   RO         4564    i.writeChar         mqttpacket.o
    0x080045e0   0x080045e0   0x00000030   Code   RO         4565    i.writeInt          mqttpacket.o
    0x08004610   0x08004610   0x0000003e   Code   RO         4566    i.writeMQTTString   mqttpacket.o
    0x0800464e   0x0800464e   0x0000103c   Data   RO          468    .constdata          lcd.o
    0x0800568a   0x0800568a   0x000005e4   Data   RO          787    .constdata          im_humi.o
    0x08005c6e   0x08005c6e   0x00000690   Data   RO          794    .constdata          im_light.o
    0x080062fe   0x080062fe   0x00000692   Data   RO          801    .constdata          im_temp.o
    0x08006990   0x08006990   0x00000692   Data   RO          815    .constdata          im_name.o
    0x08007022   0x08007022   0x00000002   PAD
    0x08007024   0x08007024   0x0000005c   Data   RO          833    .constdata          ali.o
    0x08007080   0x08007080   0x00000692   Data   RO          986    .constdata          im_logo1.o
    0x08007712   0x08007712   0x00000040   Data   RO         4349    .constdata          utils_sha1.o
    0x08007752   0x08007752   0x00000002   PAD
    0x08007754   0x08007754   0x000000a8   Data   RO           17    .conststring        main.o
    0x080077fc   0x080077fc   0x00000020   Data   RO         5106    Region$$Table       anon$$obj.o


    Execution Region RW_IRAM1 (Exec base: 0x20000000, Load base: 0x0800781c, Size: 0x00001470, Max: 0x00002800, ABSOLUTE)

    Exec Addr    Load Addr    Size         Type   Attr      Idx    E Section Name        Object

    0x20000000   0x0800781c   0x00000002   Data   RW           18    .data               main.o
    0x20000002   0x0800781e   0x00000002   PAD
    0x20000004   0x08007820   0x00000024   Data   RW          320    .data               delay.o
    0x20000028   0x08007844   0x00000006   Data   RW          469    .data               lcd.o
    0x2000002e   0x0800784a   0x00000002   Data   RW          716    .data               dht11.o
    0x20000030   0x0800784c   0x00000002   Data   RW          756    .data               adc1.o
    0x20000032   0x0800784e   0x00000002   Data   RW          960    .data               key.o
    0x20000034   0x08007850   0x00000014   Data   RW         2785    .data               stm32f10x_rcc.o
    0x20000048   0x08007864   0x00000004   Data   RW         5080    .data               mc_w.l(stdout.o)
    0x2000004c        -       0x00000100   Zero   RW           16    .bss                main.o
    0x2000014c        -       0x0000000e   Zero   RW          467    .bss                lcd.o
    0x2000015a        -       0x00000f12   Zero   RW          832    .bss                ali.o
    0x2000106c   0x08007868   0x00000004   PAD
    0x20001070        -       0x00000400   Zero   RW            1    STACK               startup_stm32f10x_ld.o


==============================================================================

Image component sizes


      Code (inc. data)   RO Data    RW Data    ZI Data      Debug   Object Name

       160         18          0          2          0       1587   adc1.o
       756        350         92          0       3858       6430   ali.o
       272         36          0         36          0      27693   delay.o
       388         14          0          2          0       2042   dht11.o
         0          0       1508          0          0        430   im_humi.o
         0          0       1680          0          0        431   im_light.o
         0          0       1682          0          0        438   im_logo1.o
         0          0       1682          0          0        430   im_name.o
         0          0       1682          0          0        433   im_temp.o
       112         12          0          2          0        583   key.o
      2928        124       4156          6         14      16199   lcd.o
       132         12          0          0          0       1379   led.o
      1284        364        168          2        256     267077   main.o
       478         18          0          0          0       4658   mqttconnectclient.o
       280          6          0          0          0       4062   mqttpacket.o
       210          0          0          0          0       1766   mqttserializepublish.o
        36          8        236          0       1024        824   startup_stm32f10x_ld.o
       334         10          0          0          0       5936   stm32f10x_adc.o
       458          6          0          0          0       5190   stm32f10x_gpio.o
        24          0          0          0          0       3384   stm32f10x_it.o
       600         98          0         20          0      10642   stm32f10x_rcc.o
       274          6          0          0          0       4104   stm32f10x_usart.o
       430         26          0          0          0       2337   system_stm32f10x.o
       164         12          0          0          0       1142   usart1.o
       186         14          0          0          0       1687   usart2.o
       232          0          0          0          0       1542   utils_hmac.o
        24          0          0          0          0        523   utils_md5.o
      6842         40         64          0          0       5779   utils_sha1.o

    ----------------------------------------------------------------------
     16626       1174      12986         72       5156     378728   Object Totals
         0          0         32          0          0          0   (incl. Generated)
        22          0          4          2          4          0   (incl. Padding)

    ----------------------------------------------------------------------

      Code (inc. data)   RO Data    RW Data    ZI Data      Debug   Library Member Name

         0          0          0          0          0          0   entry.o
         0          0          0          0          0          0   entry10a.o
         0          0          0          0          0          0   entry11a.o
         8          4          0          0          0          0   entry2.o
         4          0          0          0          0          0   entry5.o
         0          0          0          0          0          0   entry7b.o
         0          0          0          0          0          0   entry8b.o
         8          4          0          0          0          0   entry9a.o
        30          0          0          0          0          0   handlers.o
        36          8          0          0          0         68   init.o
        36          0          0          0          0         68   memcpya.o
        36          0          0          0          0        108   memseta.o
       916         20          0          0          0        504   printf6.o
         0          0          0          4          0          0   stdout.o
        14          0          0          0          0         68   strlen.o
        44          0          0          0          0         80   uidiv.o

    ----------------------------------------------------------------------
      1136         36          0          4          0        896   Library Totals
         4          0          0          0          0          0   (incl. Padding)

    ----------------------------------------------------------------------

      Code (inc. data)   RO Data    RW Data    ZI Data      Debug   Library Name

      1132         36          0          4          0        896   mc_w.l

    ----------------------------------------------------------------------
      1136         36          0          4          0        896   Library Totals

    ----------------------------------------------------------------------

==============================================================================


      Code (inc. data)   RO Data    RW Data    ZI Data      Debug   

     17762       1210      12986         76       5156     374212   Grand Totals
     17762       1210      12986         76       5156     374212   ELF Image Totals
     17762       1210      12986         76          0          0   ROM Totals

==============================================================================

    Total RO  Size (Code + RO Data)                30748 (  30.03kB)
    Total RW  Size (RW Data + ZI Data)              5232 (   5.11kB)
    Total ROM Size (Code + RO Data + RW Data)      30824 (  30.10kB)

==============================================================================

