Component: ARM Compiler 5.06 update 5 (build 528) Tool: armlink [4d35e2]

==============================================================================

Section Cross References

    startup_stm32f10x_md.o(STACK) refers (Special) to heapauxi.o(.text) for __use_two_region_memory
    startup_stm32f10x_md.o(HEAP) refers (Special) to heapauxi.o(.text) for __use_two_region_memory
    startup_stm32f10x_md.o(RESET) refers (Special) to heapauxi.o(.text) for __use_two_region_memory
    startup_stm32f10x_md.o(RESET) refers to startup_stm32f10x_md.o(STACK) for __initial_sp
    startup_stm32f10x_md.o(RESET) refers to startup_stm32f10x_md.o(.text) for Reset_Handler
    startup_stm32f10x_md.o(RESET) refers to stm32f10x_it.o(i.NMI_Handler) for NMI_Handler
    startup_stm32f10x_md.o(RESET) refers to stm32f10x_it.o(i.HardFault_Handler) for HardFault_Handler
    startup_stm32f10x_md.o(RESET) refers to stm32f10x_it.o(i.MemManage_Handler) for MemManage_Handler
    startup_stm32f10x_md.o(RESET) refers to stm32f10x_it.o(i.BusFault_Handler) for BusFault_Handler
    startup_stm32f10x_md.o(RESET) refers to stm32f10x_it.o(i.UsageFault_Handler) for UsageFault_Handler
    startup_stm32f10x_md.o(RESET) refers to stm32f10x_it.o(i.SVC_Handler) for SVC_Handler
    startup_stm32f10x_md.o(RESET) refers to stm32f10x_it.o(i.DebugMon_Handler) for DebugMon_Handler
    startup_stm32f10x_md.o(RESET) refers to stm32f10x_it.o(i.PendSV_Handler) for PendSV_Handler
    startup_stm32f10x_md.o(RESET) refers to stm32f10x_it.o(i.SysTick_Handler) for SysTick_Handler
    startup_stm32f10x_md.o(RESET) refers to timer.o(i.TIM3_IRQHandler) for TIM3_IRQHandler
    startup_stm32f10x_md.o(RESET) refers to key.o(i.TIM4_IRQHandler) for TIM4_IRQHandler
    startup_stm32f10x_md.o(.text) refers (Special) to heapauxi.o(.text) for __use_two_region_memory
    startup_stm32f10x_md.o(.text) refers to system_stm32f10x.o(i.SystemInit) for SystemInit
    startup_stm32f10x_md.o(.text) refers to __main.o(!!!main) for __main
    startup_stm32f10x_md.o(.text) refers to startup_stm32f10x_md.o(HEAP) for Heap_Mem
    startup_stm32f10x_md.o(.text) refers to startup_stm32f10x_md.o(STACK) for Stack_Mem
    system_stm32f10x.o(i.SystemCoreClockUpdate) refers to system_stm32f10x.o(.data) for .data
    system_stm32f10x.o(i.SystemInit) refers to system_stm32f10x.o(i.SetSysClockTo72) for SetSysClockTo72
    stm32f10x_adc.o(i.ADC_DeInit) refers to stm32f10x_rcc.o(i.RCC_APB2PeriphResetCmd) for RCC_APB2PeriphResetCmd
    stm32f10x_bkp.o(i.BKP_DeInit) refers to stm32f10x_rcc.o(i.RCC_BackupResetCmd) for RCC_BackupResetCmd
    stm32f10x_can.o(i.CAN_DeInit) refers to stm32f10x_rcc.o(i.RCC_APB1PeriphResetCmd) for RCC_APB1PeriphResetCmd
    stm32f10x_can.o(i.CAN_GetITStatus) refers to stm32f10x_can.o(i.CheckITStatus) for CheckITStatus
    stm32f10x_cec.o(i.CEC_DeInit) refers to stm32f10x_rcc.o(i.RCC_APB1PeriphResetCmd) for RCC_APB1PeriphResetCmd
    stm32f10x_dac.o(i.DAC_DeInit) refers to stm32f10x_rcc.o(i.RCC_APB1PeriphResetCmd) for RCC_APB1PeriphResetCmd
    stm32f10x_flash.o(i.FLASH_EnableWriteProtection) refers to stm32f10x_flash.o(i.FLASH_WaitForLastOperation) for FLASH_WaitForLastOperation
    stm32f10x_flash.o(i.FLASH_EraseAllBank1Pages) refers to stm32f10x_flash.o(i.FLASH_WaitForLastBank1Operation) for FLASH_WaitForLastBank1Operation
    stm32f10x_flash.o(i.FLASH_EraseAllPages) refers to stm32f10x_flash.o(i.FLASH_WaitForLastOperation) for FLASH_WaitForLastOperation
    stm32f10x_flash.o(i.FLASH_EraseOptionBytes) refers to stm32f10x_flash.o(i.FLASH_GetReadOutProtectionStatus) for FLASH_GetReadOutProtectionStatus
    stm32f10x_flash.o(i.FLASH_EraseOptionBytes) refers to stm32f10x_flash.o(i.FLASH_WaitForLastOperation) for FLASH_WaitForLastOperation
    stm32f10x_flash.o(i.FLASH_ErasePage) refers to stm32f10x_flash.o(i.FLASH_WaitForLastOperation) for FLASH_WaitForLastOperation
    stm32f10x_flash.o(i.FLASH_ProgramHalfWord) refers to stm32f10x_flash.o(i.FLASH_WaitForLastOperation) for FLASH_WaitForLastOperation
    stm32f10x_flash.o(i.FLASH_ProgramOptionByteData) refers to stm32f10x_flash.o(i.FLASH_WaitForLastOperation) for FLASH_WaitForLastOperation
    stm32f10x_flash.o(i.FLASH_ProgramWord) refers to stm32f10x_flash.o(i.FLASH_WaitForLastOperation) for FLASH_WaitForLastOperation
    stm32f10x_flash.o(i.FLASH_ReadOutProtection) refers to stm32f10x_flash.o(i.FLASH_WaitForLastOperation) for FLASH_WaitForLastOperation
    stm32f10x_flash.o(i.FLASH_UserOptionByteConfig) refers to stm32f10x_flash.o(i.FLASH_WaitForLastOperation) for FLASH_WaitForLastOperation
    stm32f10x_flash.o(i.FLASH_WaitForLastBank1Operation) refers to stm32f10x_flash.o(i.FLASH_GetBank1Status) for FLASH_GetBank1Status
    stm32f10x_flash.o(i.FLASH_WaitForLastOperation) refers to stm32f10x_flash.o(i.FLASH_GetBank1Status) for FLASH_GetBank1Status
    stm32f10x_gpio.o(i.GPIO_AFIODeInit) refers to stm32f10x_rcc.o(i.RCC_APB2PeriphResetCmd) for RCC_APB2PeriphResetCmd
[...]
    Start\startup_stm32f10x_md.s             0x00000000   Number         0  startup_stm32f10x_md.o ABSOLUTE
    Start\system_stm32f10x.c                 0x00000000   Number         0  system_stm32f10x.o ABSOLUTE
    System\Delay.c                           0x00000000   Number         0  delay.o ABSOLUTE
    User\main.c                              0x00000000   Number         0  main.o ABSOLUTE
    User\stm32f10x_it.c                      0x00000000   Number         0  stm32f10x_it.o ABSOLUTE
    dc.s                                     0x00000000   Number         0  dc.o ABSOLUTE
    RESET                                    0x08000000   Section      236  startup_stm32f10x_md.o(RESET)
    !!!main                                  0x080000ec   Section        8  __main.o(!!!main)
    !!!scatter                               0x080000f4   Section       52  __scatter.o(!!!scatter)
    !!handler_copy                           0x08000128   Section       26  __scatter_copy.o(!!handler_copy)
    !!handler_zi                             0x08000144   Section       28  __scatter_zi.o(!!handler_zi)
    .ARM.Collect$$_printf_percent$$00000000  0x08000160   Section        0  _printf_percent.o(.ARM.Collect$$_printf_percent$$00000000)
    .ARM.Collect$$_printf_percent$$00000009  0x08000160   Section        6  _printf_d.o(.ARM.Collect$$_printf_percent$$00000009)
    .ARM.Collect$$_printf_percent$$00000017  0x08000166   Section        4  _printf_percent_end.o(.ARM.Collect$$_printf_percent$$00000017)
    .ARM.Collect$$libinit$$00000000          0x0800016a   Section        2  libinit.o(.ARM.Collect$$libinit$$00000000)
    .ARM.Collect$$libinit$$00000002          0x0800016c   Section        0  libinit2.o(.ARM.Collect$$libinit$$00000002)
    .ARM.Collect$$libinit$$00000004          0x0800016c   Section        0  libinit2.o(.ARM.Collect$$libinit$$00000004)
    .ARM.Collect$$libinit$$0000000A          0x0800016c   Section        0  libinit2.o(.ARM.Collect$$libinit$$0000000A)
    .ARM.Collect$$libinit$$0000000C          0x0800016c   Section        0  libinit2.o(.ARM.Collect$$libinit$$0000000C)
    .ARM.Collect$$libinit$$0000000E          0x0800016c   Section        0  libinit2.o(.ARM.Collect$$libinit$$0000000E)
    .ARM.Collect$$libinit$$00000011          0x0800016c   Section        0  libinit2.o(.ARM.Collect$$libinit$$00000011)
    .ARM.Collect$$libinit$$00000013          0x0800016c   Section        0  libinit2.o(.ARM.Collect$$libinit$$00000013)
    .ARM.Collect$$libinit$$00000015          0x0800016c   Section        0  libinit2.o(.ARM.Collect$$libinit$$00000015)
    .ARM.Collect$$libinit$$00000017          0x0800016c   Section        0  libinit2.o(.ARM.Collect$$libinit$$00000017)
    .ARM.Collect$$libinit$$00000019          0x0800016c   Section        0  libinit2.o(.ARM.Collect$$libinit$$00000019)
    .ARM.Collect$$libinit$$0000001B          0x0800016c   Section        0  libinit2.o(.ARM.Collect$$libinit$$0000001B)
    .ARM.Collect$$libinit$$0000001D          0x0800016c   Section        0  libinit2.o(.ARM.Collect$$libinit$$0000001D)
    .ARM.Collect$$libinit$$0000001F          0x0800016c   Section        0  libinit2.o(.ARM.Collect$$libinit$$0000001F)
    .ARM.Collect$$libinit$$00000021          0x0800016c   Section        0  libinit2.o(.ARM.Collect$$libinit$$00000021)
    .ARM.Collect$$libinit$$00000023          0x0800016c   Section        0  libinit2.o(.ARM.Collect$$libinit$$00000023)
    .ARM.Collect$$libinit$$00000025          0x0800016c   Section        0  libinit2.o(.ARM.Collect$$libinit$$00000025)
    .ARM.Collect$$libinit$$0000002C          0x0800016c   Section        0  libinit2.o(.ARM.Collect$$libinit$$0000002C)
    .ARM.Collect$$libinit$$0000002E          0x0800016c   Section        0  libinit2.o(.ARM.Collect$$libinit$$0000002E)
    .ARM.Collect$$libinit$$00000030          0x0800016c   Section        0  libinit2.o(.ARM.Collect$$libinit$$00000030)
    .ARM.Collect$$libinit$$00000032          0x0800016c   Section        0  libinit2.o(.ARM.Collect$$libinit$$00000032)
    .ARM.Collect$$libinit$$00000033          0x0800016c   Section        2  libinit2.o(.ARM.Collect$$libinit$$00000033)
    .ARM.Collect$$libshutdown$$00000000      0x0800016e   Section        2  libshutdown.o(.ARM.Collect$$libshutdown$$00000000)
    .ARM.Collect$$libshutdown$$00000002      0x08000170   Section        0  libshutdown2.o(.ARM.Collect$$libshutdown$$00000002)
    .ARM.Collect$$libshutdown$$00000004      0x08000170   Section        0  libshutdown2.o(.ARM.Collect$$libshutdown$$00000004)
    .ARM.Collect$$libshutdown$$00000007      0x08000170   Section        0  libshutdown2.o(.ARM.Collect$$libshutdown$$00000007)
    .ARM.Collect$$libshutdown$$0000000A      0x08000170   Section        0  libshutdown2.o(.ARM.Collect$$libshutdown$$0000000A)
    .ARM.Collect$$libshutdown$$0000000C      0x08000170   Section        0  libshutdown2.o(.ARM.Collect$$libshutdown$$0000000C)
    .ARM.Collect$$libshutdown$$0000000F      0x08000170   Section        0  libshutdown2.o(.ARM.Collect$$libshutdown$$0000000F)
    .ARM.Collect$$libshutdown$$00000010      0x08000170   Section        2  libshutdown2.o(.ARM.Collect$$libshutdown$$00000010)
    .ARM.Collect$$rtentry$$00000000          0x08000172   Section        0  __rtentry.o(.ARM.Collect$$rtentry$$00000000)
    .ARM.Collect$$rtentry$$00000002          0x08000172   Section        0  __rtentry2.o(.ARM.Collect$$rtentry$$00000002)
    .ARM.Collect$$rtentry$$00000004          0x08000172   Section        6  __rtentry4.o(.ARM.Collect$$rtentry$$00000004)
    .ARM.Collect$$rtentry$$00000009          0x08000178   Section        0  __rtentry2.o(.ARM.Collect$$rtentry$$00000009)
    .ARM.Collect$$rtentry$$0000000A          0x08000178   Section        4  __rtentry2.o(.ARM.Collect$$rtentry$$0000000A)
    .ARM.Collect$$rtentry$$0000000C          0x0800017c   Section        0  __rtentry2.o(.ARM.Collect$$rtentry$$0000000C)
    .ARM.Collect$$rtentry$$0000000D          0x0800017c   Section        8  __rtentry2.o(.ARM.Collect$$rtentry$$0000000D)
    .ARM.Collect$$rtexit$$00000000           0x08000184   Section        2  rtexit.o(.ARM.Collect$$rtexit$$00000000)
    .ARM.Collect$$rtexit$$00000002           0x08000186   Section        0  rtexit2.o(.ARM.Collect$$rtexit$$00000002)
    .ARM.Collect$$rtexit$$00000003           0x08000186   Section        4  rtexit2.o(.ARM.Collect$$rtexit$$00000003)
    .ARM.Collect$$rtexit$$00000004           0x0800018a   Section        6  rtexit2.o(.ARM.Collect$$rtexit$$00000004)
    .text                                    0x08000190   Section       64  startup_stm32f10x_md.o(.text)
    .text                                    0x080001d0   Section        0  noretval__2sprintf.o(.text)
    .text                                    0x080001f8   Section        0  __printf.o(.text)
    .text                                    0x08000260   Section        0  _printf_dec.o(.text)
    .text                                    0x080002d8   Section       68  rt_memclr.o(.text)
    .text                                    0x0800031c   Section       78  rt_memclr_w.o(.text)
    .text                                    0x0800036a   Section        0  heapauxi.o(.text)
    .text                                    0x08000370   Section        0  _printf_intcommon.o(.text)
    .text                                    0x08000424   Section        0  _printf_char_common.o(.text)
    _printf_input_char                       0x08000425   Thumb Code    10  _printf_char_common.o(.text)
    .text                                    0x08000454   Section        0  _sputc.o(.text)
    .text                                    0x0800045e   Section       74  sys_stackheap_outer.o(.text)
    .text                                    0x080004a8   Section        0  exit.o(.text)
    .text                                    0x080004bc   Section        8  libspace.o(.text)
    .text                                    0x080004c4   Section        0  sys_exit.o(.text)
    .text                                    0x080004d0   Section        2  use_no_semi.o(.text)
    .text                                    0x080004d2   Section        0  indicate_semi.o(.text)
    i.BusFault_Handler                       0x080004d2   Section        0  stm32f10x_it.o(i.BusFault_Handler)
    i.DebugMon_Handler                       0x080004d4   Section        0  stm32f10x_it.o(i.DebugMon_Handler)
    i.Delay_ms                               0x080004d6   Section        0  delay.o(i.Delay_ms)
    i.Delay_us                               0x080004ec   Section        0  delay.o(i.Delay_us)
    i.GPIO_Init                              0x0800050c   Section        0  stm32f10x_gpio.o(i.GPIO_Init)
    i.GPIO_ReadInputDataBit                  0x080005ae   Section        0  stm32f10x_gpio.o(i.GPIO_ReadInputDataBit)
    i.GPIO_WriteBit                          0x080005bc   Section        0  stm32f10x_gpio.o(i.GPIO_WriteBit)
    i.HardFault_Handler                      0x080005c6   Section        0  stm32f10x_it.o(i.HardFault_Handler)
    i.Key_Execute                            0x080005c8   Section        0  key.o(i.Key_Execute)
    i.Key_GetVlaues                          0x08000650   Section        0  key.o(i.Key_GetVlaues)
    i.Key_Init                               0x08000730   Section        0  key.o(i.Key_Init)
    i.LED1_Turn                              0x08000780   Section        0  led.o(i.LED1_Turn)
    i.LED_Init                               0x080007a4   Section        0  led.o(i.LED_Init)
    i.MemManage_Handler                      0x080007dc   Section        0  stm32f10x_it.o(i.MemManage_Handler)
    i.NMI_Handler                            0x080007de   Section        0  stm32f10x_it.o(i.NMI_Handler)
    i.NVIC_Init                              0x080007e0   Section        0  misc.o(i.NVIC_Init)
    i.NVIC_PriorityGroupConfig               0x08000844   Section        0  misc.o(i.NVIC_PriorityGroupConfig)
    i.OLED_I2C_Init                          0x08000858   Section        0  oled.o(i.OLED_I2C_Init)
    i.PendSV_Handler                         0x080008a8   Section        0  stm32f10x_it.o(i.PendSV_Handler)
    i.RCC_APB1PeriphClockCmd                 0x080008ac   Section        0  stm32f10x_rcc.o(i.RCC_APB1PeriphClockCmd)
    i.RCC_APB2PeriphClockCmd                 0x080008c4   Section        0  stm32f10x_rcc.o(i.RCC_APB2PeriphClockCmd)
    i.SVC_Handler                            0x080008dc   Section        0  stm32f10x_it.o(i.SVC_Handler)
    i.SetSysClockTo72                        0x080008e0   Section        0  system_stm32f10x.o(i.SetSysClockTo72)
    SetSysClockTo72                          0x080008e1   Thumb Code   160  system_stm32f10x.o(i.SetSysClockTo72)
    i.SysTick_Handler                        0x08000988   Section        0  stm32f10x_it.o(i.SysTick_Handler)
    i.SystemInit                             0x0800098c   Section        0  system_stm32f10x.o(i.SystemInit)
    i.TIM3_IRQHandler                        0x080009dc   Section        0  timer.o(i.TIM3_IRQHandler)
    i.TIM4_IRQHandler                        0x08000a24   Section        0  key.o(i.TIM4_IRQHandler)
    i.TIM_ClearFlag                          0x08000a48   Section        0  stm32f10x_tim.o(i.TIM_ClearFlag)
    i.TIM_ClearITPendingBit                  0x08000a4e   Section        0  stm32f10x_tim.o(i.TIM_ClearITPendingBit)
    i.TIM_Cmd                                0x08000a54   Section        0  stm32f10x_tim.o(i.TIM_Cmd)
    i.TIM_GetITStatus                        0x08000a68   Section        0  stm32f10x_tim.o(i.TIM_GetITStatus)
    i.TIM_ITConfig                           0x08000a80   Section        0  stm32f10x_tim.o(i.TIM_ITConfig)
    i.TIM_InternalClockConfig                0x08000a90   Section        0  stm32f10x_tim.o(i.TIM_InternalClockConfig)
    i.TIM_TimeBaseInit                       0x08000a9c   Section        0  stm32f10x_tim.o(i.TIM_TimeBaseInit)
    i.Timer_Init                             0x08000b38   Section        0  timer.o(i.Timer_Init)
    i.UsageFault_Handler                     0x08000c04   Section        0  stm32f10x_it.o(i.UsageFault_Handler)
    i.about_proc                             0x08000c08   Section        0  oled.o(i.about_proc)
    i.about_ui_show                          0x08000c28   Section        0  oled.o(i.about_ui_show)
    i.chart_proc                             0x08000ca0   Section        0  oled.o(i.chart_proc)
    i.chart_ui_show                          0x08000cc4   Section        0  oled.o(i.chart_ui_show)
    i.disappear                              0x08000d50   Section        0  oled.o(i.disappear)
    i.i2c_clear_scl                          0x08000dd8   Section        0  u8x8_byte.o(i.i2c_clear_scl)
    i2c_clear_scl                            0x08000dd9   Thumb Code     8  u8x8_byte.o(i.i2c_clear_scl)
    i.i2c_clear_sda                          0x08000de0   Section        0  u8x8_byte.o(i.i2c_clear_sda)
    i2c_clear_sda                            0x08000de1   Thumb Code     8  u8x8_byte.o(i.i2c_clear_sda)
    i.i2c_delay                              0x08000de8   Section        0  u8x8_byte.o(i.i2c_delay)
    i2c_delay                                0x08000de9   Thumb Code    10  u8x8_byte.o(i.i2c_delay)
    i.i2c_read_scl_and_delay                 0x08000df2   Section        0  u8x8_byte.o(i.i2c_read_scl_and_delay)
    i2c_read_scl_and_delay                   0x08000df3   Thumb Code    22  u8x8_byte.o(i.i2c_read_scl_and_delay)
    i.i2c_read_sda                           0x08000e08   Section        0  u8x8_byte.o(i.i2c_read_sda)
    i2c_read_sda                             0x08000e09   Thumb Code     8  u8x8_byte.o(i.i2c_read_sda)
    i.i2c_write_bit                          0x08000e10   Section        0  u8x8_byte.o(i.i2c_write_bit)
    i2c_write_bit                            0x08000e11   Thumb Code    38  u8x8_byte.o(i.i2c_write_bit)
    i.i2c_write_byte                         0x08000e36   Section        0  u8x8_byte.o(i.i2c_write_byte)
    i2c_write_byte                           0x08000e37   Thumb Code   124  u8x8_byte.o(i.i2c_write_byte)
    i.logo_proc                              0x08000eb4   Section        0  oled.o(i.logo_proc)
    i.logo_ui_show                           0x08000ed4   Section        0  oled.o(i.logo_ui_show)
    i.main                                   0x08000ef4   Section        0  main.o(i.main)
    i.move                                   0x08000f0a   Section        0  oled.o(i.move)
    i.move_bar                               0x08000f44   Section        0  oled.o(i.move_bar)
    i.move_width                             0x08000fa4   Section        0  oled.o(i.move_width)
    i.pid_proc                               0x0800109c   Section        0  oled.o(i.pid_proc)
    i.pid_ui_show                            0x08001144   Section        0  oled.o(i.pid_ui_show)
    i.select_proc                            0x08001224   Section        0  oled.o(i.select_proc)
    i.select_ui_show                         0x0800131c   Section        0  oled.o(i.select_ui_show)
    i.u8g2Init                               0x08001408   Section        0  oled.o(i.u8g2Init)
    i.u8g2_ClearBuffer                       0x080014d0   Section        0  u8g2_buffer.o(i.u8g2_ClearBuffer)
    i.u8g2_DrawBox                           0x080014e2   Section        0  u8g2_box.o(i.u8g2_DrawBox)
    i.u8g2_DrawDisc                          0x08001526   Section        0  u8g2_circle.o(i.u8g2_DrawDisc)
    i.u8g2_DrawGlyph                         0x08001566   Section        0  u8g2_font.o(i.u8g2_DrawGlyph)
    i.u8g2_DrawHVLine                        0x080015d8   Section        0  u8g2_hvline.o(i.u8g2_DrawHVLine)
    i.u8g2_DrawHXBMP                         0x08001684   Section        0  u8g2_bitmap.o(i.u8g2_DrawHXBMP)
    i.u8g2_DrawPixel                         0x08001718   Section        0  u8g2_hvline.o(i.u8g2_DrawPixel)
    i.u8g2_DrawRBox                          0x08001746   Section        0  u8g2_box.o(i.u8g2_DrawRBox)
    i.u8g2_DrawStr                           0x0800182c   Section        0  u8g2_font.o(i.u8g2_DrawStr)
    i.u8g2_DrawVLine                         0x0800183c   Section        0  u8g2_hvline.o(i.u8g2_DrawVLine)
    i.u8g2_DrawXBMP                          0x08001848   Section        0  u8g2_bitmap.o(i.u8g2_DrawXBMP)
    i.u8g2_GetGlyphWidth                     0x08001894   Section        0  u8g2_font.o(i.u8g2_GetGlyphWidth)
    i.u8g2_GetStrWidth                       0x080018d4   Section        0  u8g2_font.o(i.u8g2_GetStrWidth)
    i.u8g2_IsIntersection                    0x080018e0   Section        0  u8g2_intersection.o(i.u8g2_IsIntersection)
    i.u8g2_SendBuffer                        0x08001910   Section        0  u8g2_buffer.o(i.u8g2_SendBuffer)
    i.u8g2_SetDrawColor                      0x08001922   Section        0  u8g2_hvline.o(i.u8g2_SetDrawColor)
    i.u8g2_SetFont                           0x08001932   Section        0  u8g2_font.o(i.u8g2_SetFont)
    i.u8g2_SetFontPosBaseline                0x08001954   Section        0  u8g2_font.o(i.u8g2_SetFontPosBaseline)
    i.u8g2_SetMaxClipWindow                  0x08001960   Section        0  u8g2_setup.o(i.u8g2_SetMaxClipWindow)
    i.u8g2_SetupBuffer                       0x0800197c   Section        0  u8g2_setup.o(i.u8g2_SetupBuffer)
    i.u8g2_Setup_ssd1306_i2c_128x64_noname_f 0x080019c4   Section        0  u8g2_d_setup.o(i.u8g2_Setup_ssd1306_i2c_128x64_noname_f)
    i.u8g2_UpdateRefHeight                   0x080019fc   Section        0  u8g2_font.o(i.u8g2_UpdateRefHeight)
    i.u8g2_add_vector_x                      0x08001a4e   Section        0  u8g2_font.o(i.u8g2_add_vector_x)
    i.u8g2_add_vector_y                      0x08001a6a   Section        0  u8g2_font.o(i.u8g2_add_vector_y)
    i.u8g2_apply_clip_window                 0x08001a86   Section        0  u8g2_setup.o(i.u8g2_apply_clip_window)
    u8g2_apply_clip_window                   0x08001a87   Thumb Code   110  u8g2_setup.o(i.u8g2_apply_clip_window)
    i.u8g2_clip_intersection2                0x08001af4   Section        0  u8g2_hvline.o(i.u8g2_clip_intersection2)
    u8g2_clip_intersection2                  0x08001af5   Thumb Code    60  u8g2_hvline.o(i.u8g2_clip_intersection2)
    i.u8g2_draw_disc                         0x08001b30   Section        0  u8g2_circle.o(i.u8g2_draw_disc)
    u8g2_draw_disc                           0x08001b31   Thumb Code   106  u8g2_circle.o(i.u8g2_draw_disc)
    i.u8g2_draw_disc_section                 0x08001b9a   Section        0  u8g2_circle.o(i.u8g2_draw_disc_section)
    u8g2_draw_disc_section                   0x08001b9b   Thumb Code   204  u8g2_circle.o(i.u8g2_draw_disc_section)
    i.u8g2_draw_hv_line_2dir                 0x08001c66   Section        0  u8g2_hvline.o(i.u8g2_draw_hv_line_2dir)
    i.u8g2_draw_l90_r0                       0x08001c78   Section        0  u8g2_setup.o(i.u8g2_draw_l90_r0)
    i.u8g2_draw_string                       0x08001c84   Section        0  u8g2_font.o(i.u8g2_draw_string)
    u8g2_draw_string                         0x08001c85   Thumb Code   118  u8g2_font.o(i.u8g2_draw_string)
    i.u8g2_font_calc_vref_font               0x08001cfa   Section        0  u8g2_font.o(i.u8g2_font_calc_vref_font)
    i.u8g2_font_decode_get_signed_bits       0x08001cfe   Section        0  u8g2_font.o(i.u8g2_font_decode_get_signed_bits)
    i.u8g2_font_decode_get_unsigned_bits     0x08001d12   Section        0  u8g2_font.o(i.u8g2_font_decode_get_unsigned_bits)
    i.u8g2_font_decode_glyph                 0x08001d48   Section        0  u8g2_font.o(i.u8g2_font_decode_glyph)
    i.u8g2_font_decode_len                   0x08001e5c   Section        0  u8g2_font.o(i.u8g2_font_decode_len)
    i.u8g2_font_get_glyph_data               0x08001ee8   Section        0  u8g2_font.o(i.u8g2_font_get_glyph_data)
    i.u8g2_font_get_word                     0x08001f5a   Section        0  u8g2_font.o(i.u8g2_font_get_word)
    u8g2_font_get_word                       0x08001f5b   Thumb Code    20  u8g2_font.o(i.u8g2_font_get_word)
    i.u8g2_font_setup_decode                 0x08001f6e   Section        0  u8g2_font.o(i.u8g2_font_setup_decode)
    u8g2_font_setup_decode                   0x08001f6f   Thumb Code    52  u8g2_font.o(i.u8g2_font_setup_decode)
    i.u8g2_gpio_and_delay_stm32              0x08001fa4   Section        0  oled.o(i.u8g2_gpio_and_delay_stm32)
    i.u8g2_is_intersection_decision_tree     0x08001ff8   Section        0  u8g2_intersection.o(i.u8g2_is_intersection_decision_tree)
    i.u8g2_ll_hvline_vertical_top_lsb        0x08002010   Section        0  u8g2_ll_hvline.o(i.u8g2_ll_hvline_vertical_top_lsb)
    i.u8g2_m_16_8_f                          0x080020a0   Section        0  u8g2_d_memory.o(i.u8g2_m_16_8_f)
    i.u8g2_read_font_info                    0x080020ac   Section        0  u8g2_font.o(i.u8g2_read_font_info)
    i.u8g2_send_buffer                       0x08002116   Section        0  u8g2_buffer.o(i.u8g2_send_buffer)
    u8g2_send_buffer                         0x08002117   Thumb Code    78  u8g2_buffer.o(i.u8g2_send_buffer)
    i.u8g2_string_width                      0x08002164   Section        0  u8g2_font.o(i.u8g2_string_width)
    u8g2_string_width                        0x08002165   Thumb Code   116  u8g2_font.o(i.u8g2_string_width)
    i.u8g2_update_dimension_common           0x080021d8   Section        0  u8g2_setup.o(i.u8g2_update_dimension_common)
    u8g2_update_dimension_common             0x080021d9   Thumb Code    70  u8g2_setup.o(i.u8g2_update_dimension_common)
    i.u8g2_update_dimension_r0               0x0800221e   Section        0  u8g2_setup.o(i.u8g2_update_dimension_r0)
    i.u8g2_update_page_win_r0                0x08002222   Section        0  u8g2_setup.o(i.u8g2_update_page_win_r0)
    i.u8x8_DrawTile                          0x08002244   Section        0  u8x8_display.o(i.u8x8_DrawTile)
    i.u8x8_InitDisplay                       0x08002262   Section        0  u8x8_display.o(i.u8x8_InitDisplay)
    i.u8x8_RefreshDisplay                    0x08002272   Section        0  u8x8_display.o(i.u8x8_RefreshDisplay)
    i.u8x8_SetPowerSave                      0x08002282   Section        0  u8x8_display.o(i.u8x8_SetPowerSave)
    i.u8x8_Setup                             0x08002292   Section        0  u8x8_setup.o(i.u8x8_Setup)
    i.u8x8_SetupDefaults                     0x080022b4   Section        0  u8x8_setup.o(i.u8x8_SetupDefaults)
    i.u8x8_SetupMemory                       0x080022d8   Section        0  u8x8_display.o(i.u8x8_SetupMemory)
    i.u8x8_ascii_next                        0x080022e8   Section        0  u8x8_8x8.o(i.u8x8_ascii_next)
    i.u8x8_byte_EndTransfer                  0x080022f6   Section        0  u8x8_byte.o(i.u8x8_byte_EndTransfer)
    i.u8x8_byte_SendByte                     0x08002306   Section        0  u8x8_byte.o(i.u8x8_byte_SendByte)
    i.u8x8_byte_StartTransfer                0x08002314   Section        0  u8x8_byte.o(i.u8x8_byte_StartTransfer)
    i.u8x8_byte_sw_i2c                       0x08002324   Section        0  u8x8_byte.o(i.u8x8_byte_sw_i2c)
    i.u8x8_cad_EndTransfer                   0x080023e0   Section        0  u8x8_cad.o(i.u8x8_cad_EndTransfer)
    i.u8x8_cad_SendArg                       0x080023f0   Section        0  u8x8_cad.o(i.u8x8_cad_SendArg)
    i.u8x8_cad_SendCmd                       0x08002400   Section        0  u8x8_cad.o(i.u8x8_cad_SendCmd)
    i.u8x8_cad_SendData                      0x08002410   Section        0  u8x8_cad.o(i.u8x8_cad_SendData)
    i.u8x8_cad_SendSequence                  0x08002420   Section        0  u8x8_cad.o(i.u8x8_cad_SendSequence)
    i.u8x8_cad_StartTransfer                 0x08002488   Section        0  u8x8_cad.o(i.u8x8_cad_StartTransfer)
    i.u8x8_cad_ssd13xx_fast_i2c              0x08002498   Section        0  u8x8_cad.o(i.u8x8_cad_ssd13xx_fast_i2c)
    i.u8x8_d_helper_display_init             0x08002554   Section        0  u8x8_display.o(i.u8x8_d_helper_display_init)
    i.u8x8_d_helper_display_setup_memory     0x080025b4   Section        0  u8x8_display.o(i.u8x8_d_helper_display_setup_memory)
    i.u8x8_d_ssd1306_128x64_noname           0x080025c0   Section        0  u8x8_d_ssd1306_128x64_noname.o(i.u8x8_d_ssd1306_128x64_noname)
    i.u8x8_d_ssd1306_sh1106_generic          0x080025fc   Section        0  u8x8_d_ssd1306_128x64_noname.o(i.u8x8_d_ssd1306_sh1106_generic)
    u8x8_d_ssd1306_sh1106_generic            0x080025fd   Thumb Code   196  u8x8_d_ssd1306_128x64_noname.o(i.u8x8_d_ssd1306_sh1106_generic)
    i.u8x8_dummy_cb                          0x080026c4   Section        0  u8x8_setup.o(i.u8x8_dummy_cb)
    i.u8x8_gpio_call                         0x080026c8   Section        0  u8x8_gpio.o(i.u8x8_gpio_call)
    i.u8x8_i2c_data_transfer                 0x080026d4   Section        0  u8x8_cad.o(i.u8x8_i2c_data_transfer)
    u8x8_i2c_data_transfer                   0x080026d5   Thumb Code    44  u8x8_cad.o(i.u8x8_i2c_data_transfer)
    i.u8x8_utf8_init                         0x08002700   Section        0  u8x8_8x8.o(i.u8x8_utf8_init)
    i.ui_proc                                0x08002708   Section        0  oled.o(i.ui_proc)
    .constdata                               0x0800276c   Section     1024  oled.o(.constdata)
    .constdata                               0x08002b6c   Section     9391  u8g2_fonts.o(.constdata)
    .constdata                               0x0800501c   Section       12  u8g2_setup.o(.constdata)
    .constdata                               0x08005028   Section      344  u8x8_d_ssd1306_128x64_noname.o(.constdata)
    u8x8_d_ssd1306_128x64_noname_powersave0_seq 0x08005028   Data           5  u8x8_d_ssd1306_128x64_noname.o(.constdata)
    u8x8_d_ssd1306_128x64_noname_powersave1_seq 0x0800502d   Data           5  u8x8_d_ssd1306_128x64_noname.o(.constdata)
    u8x8_d_ssd1306_128x64_noname_flip0_seq   0x08005032   Data           7  u8x8_d_ssd1306_128x64_noname.o(.constdata)
    u8x8_d_ssd1306_128x64_noname_flip1_seq   0x08005039   Data           7  u8x8_d_ssd1306_128x64_noname.o(.constdata)
    u8x8_d_ssd1312_128x64_noname_flip0_seq   0x08005040   Data           7  u8x8_d_ssd1306_128x64_noname.o(.constdata)
    u8x8_d_ssd1312_128x64_noname_flip1_seq   0x08005047   Data           7  u8x8_d_ssd1306_128x64_noname.o(.constdata)
    u8x8_d_ssd1306_128x64_noname_init_seq    0x0800504e   Data          53  u8x8_d_ssd1306_128x64_noname.o(.constdata)
    u8x8_d_ssd1306_128x64_vcomh0_init_seq    0x08005083   Data          53  u8x8_d_ssd1306_128x64_noname.o(.constdata)
    u8x8_d_ssd1306_128x64_alt0_init_seq      0x080050b8   Data          53  u8x8_d_ssd1306_128x64_noname.o(.constdata)
    u8x8_d_sh1106_128x64_winstar_init_seq    0x080050ed   Data          45  u8x8_d_ssd1306_128x64_noname.o(.constdata)
    u8x8_d_ssd1312_128x64_noname_init_seq    0x0800511a   Data          53  u8x8_d_ssd1306_128x64_noname.o(.constdata)
    u8x8_ssd1306_128x64_noname_display_info  0x08005150   Data          24  u8x8_d_ssd1306_128x64_noname.o(.constdata)
    u8x8_sh1106_128x64_noname_display_info   0x08005168   Data          24  u8x8_d_ssd1306_128x64_noname.o(.constdata)
    .conststring                             0x08005180   Section      122  oled.o(.conststring)
    .data                                    0x20000000   Section       92  oled.o(.data)
    .data                                    0x2000005c   Section        3  key.o(.data)
    .data                                    0x20000060   Section       12  timer.o(.data)
    .data                                    0x2000006c   Section        6  u8x8_cad.o(.data)
    in_transfer                              0x2000006c   Data           1  u8x8_cad.o(.data)
    in_transfer                              0x2000006d   Data           1  u8x8_cad.o(.data)
    in_transfer                              0x2000006e   Data           1  u8x8_cad.o(.data)
    is_data                                  0x2000006f   Data           1  u8x8_cad.o(.data)
    in_transfer                              0x20000070   Data           1  u8x8_cad.o(.data)
    is_data                                  0x20000071   Data           1  u8x8_cad.o(.data)
    .bss                                     0x20000074   Section      178  oled.o(.bss)
    .bss                                     0x20000126   Section       28  key.o(.bss)
    .bss                                     0x20000142   Section     1024  u8g2_d_memory.o(.bss)
    buf                                      0x20000142   Data        1024  u8g2_d_memory.o(.bss)
    .bss                                     0x20000544   Section       96  libspace.o(.bss)
    HEAP                                     0x200005a8   Section      512  startup_stm32f10x_md.o(HEAP)
    Heap_Mem                                 0x200005a8   Data         512  startup_stm32f10x_md.o(HEAP)
    STACK                                    0x200007a8   Section     1024  startup_stm32f10x_md.o(STACK)
    Stack_Mem                                0x200007a8   Data        1024  startup_stm32f10x_md.o(STACK)
    __initial_sp                             0x20000ba8   Data           0  startup_stm32f10x_md.o(STACK)

    Global Symbols

    Symbol Name                              Value     Ov Type        Size  Object(Section)

    BuildAttributes$$THM_ISAv4$P$D$K$B$S$PE$A:L22UL41UL21$X:L11$S22US41US21$IEEE1$IW$USESV6$~STKCKD$USESV7$~SHL$OSPACE$ROPI$EBA8$UX$STANDARDLIB$REQ8$PRES8$EABIv2 0x00000000   Number         0  anon$$obj.o ABSOLUTE
    __ARM_use_no_argv                        0x00000000   Number         0  main.o ABSOLUTE
    __ARM_exceptions_init                     - Undefined Weak Reference
    __alloca_initialize                       - Undefined Weak Reference
    __arm_preinit_                            - Undefined Weak Reference
    __cpp_initialize__aeabi_                  - Undefined Weak Reference
    __cxa_finalize                            - Undefined Weak Reference
    __rt_locale                               - Undefined Weak Reference
    __sigvec_lookup                           - Undefined Weak Reference
    _atexit_init                              - Undefined Weak Reference
    _call_atexit_fns                          - Undefined Weak Reference
    _clock_init                               - Undefined Weak Reference
    _fp_trap_init                             - Undefined Weak Reference
    _fp_trap_shutdown                         - Undefined Weak Reference
    _get_lc_collate                           - Undefined Weak Reference
    _get_lc_ctype                             - Undefined Weak Reference
    _get_lc_monetary                          - Undefined Weak Reference
    _get_lc_numeric                           - Undefined Weak Reference
    _get_lc_time                              - Undefined Weak Reference
    _getenv_init                              - Undefined Weak Reference
    _handle_redirection                       - Undefined Weak Reference
    _init_alloc                               - Undefined Weak Reference
    _init_user_alloc                          - Undefined Weak Reference
    _initio                                   - Undefined Weak Reference
    _printf_post_padding                      - Undefined Weak Reference
    _printf_pre_padding                       - Undefined Weak Reference
    _printf_truncate_signed                   - Undefined Weak Reference
    _printf_truncate_unsigned                 - Undefined Weak Reference
    _rand_init                                - Undefined Weak Reference
    _signal_finish                            - Undefined Weak Reference
    _signal_init                              - Undefined Weak Reference
    _terminate_alloc                          - Undefined Weak Reference
    _terminate_user_alloc                     - Undefined Weak Reference
    _terminateio                              - Undefined Weak Reference
    __Vectors_Size                           0x000000ec   Number         0  startup_stm32f10x_md.o ABSOLUTE
    __Vectors                                0x08000000   Data           4  startup_stm32f10x_md.o(RESET)
    __Vectors_End                            0x080000ec   Data           0  startup_stm32f10x_md.o(RESET)
    __main                                   0x080000ed   Thumb Code     8  __main.o(!!!main)
    __scatterload                            0x080000f5   Thumb Code     0  __scatter.o(!!!scatter)
    __scatterload_rt2                        0x080000f5   Thumb Code    44  __scatter.o(!!!scatter)
    __scatterload_rt2_thumb_only             0x080000f5   Thumb Code     0  __scatter.o(!!!scatter)
    __scatterload_null                       0x08000103   Thumb Code     0  __scatter.o(!!!scatter)
    __scatterload_copy                       0x08000129   Thumb Code    26  __scatter_copy.o(!!handler_copy)
    __scatterload_zeroinit                   0x08000145   Thumb Code    28  __scatter_zi.o(!!handler_zi)
    _printf_d                                0x08000161   Thumb Code     0  _printf_d.o(.ARM.Collect$$_printf_percent$$00000009)
    _printf_percent                          0x08000161   Thumb Code     0  _printf_percent.o(.ARM.Collect$$_printf_percent$$00000000)
    _printf_percent_end                      0x08000167   Thumb Code     0  _printf_percent_end.o(.ARM.Collect$$_printf_percent$$00000017)
    __rt_lib_init                            0x0800016b   Thumb Code     0  libinit.o(.ARM.Collect$$libinit$$00000000)
    __rt_lib_init_alloca_1                   0x0800016d   Thumb Code     0  libinit2.o(.ARM.Collect$$libinit$$0000002E)
    __rt_lib_init_argv_1                     0x0800016d   Thumb Code     0  libinit2.o(.ARM.Collect$$libinit$$0000002C)
    __rt_lib_init_atexit_1                   0x0800016d   Thumb Code     0  libinit2.o(.ARM.Collect$$libinit$$0000001B)
    __rt_lib_init_clock_1                    0x0800016d   Thumb Code     0  libinit2.o(.ARM.Collect$$libinit$$00000021)
    __rt_lib_init_cpp_1                      0x0800016d   Thumb Code     0  libinit2.o(.ARM.Collect$$libinit$$00000032)
    __rt_lib_init_exceptions_1               0x0800016d   Thumb Code     0  libinit2.o(.ARM.Collect$$libinit$$00000030)
    __rt_lib_init_fp_1                       0x0800016d   Thumb Code     0  libinit2.o(.ARM.Collect$$libinit$$00000002)
    __rt_lib_init_fp_trap_1                  0x0800016d   Thumb Code     0  libinit2.o(.ARM.Collect$$libinit$$0000001F)
    __rt_lib_init_getenv_1                   0x0800016d   Thumb Code     0  libinit2.o(.ARM.Collect$$libinit$$00000023)
    __rt_lib_init_heap_1                     0x0800016d   Thumb Code     0  libinit2.o(.ARM.Collect$$libinit$$0000000A)
    __rt_lib_init_lc_collate_1               0x0800016d   Thumb Code     0  libinit2.o(.ARM.Collect$$libinit$$00000011)
    __rt_lib_init_lc_ctype_1                 0x0800016d   Thumb Code     0  libinit2.o(.ARM.Collect$$libinit$$00000013)
    __rt_lib_init_lc_monetary_1              0x0800016d   Thumb Code     0  libinit2.o(.ARM.Collect$$libinit$$00000015)
    __rt_lib_init_lc_numeric_1               0x0800016d   Thumb Code     0  libinit2.o(.ARM.Collect$$libinit$$00000017)
    __rt_lib_init_lc_time_1                  0x0800016d   Thumb Code     0  libinit2.o(.ARM.Collect$$libinit$$00000019)
    __rt_lib_init_preinit_1                  0x0800016d   Thumb Code     0  libinit2.o(.ARM.Collect$$libinit$$00000004)
    __rt_lib_init_rand_1                     0x0800016d   Thumb Code     0  libinit2.o(.ARM.Collect$$libinit$$0000000E)
    __rt_lib_init_return                     0x0800016d   Thumb Code     0  libinit2.o(.ARM.Collect$$libinit$$00000033)
    __rt_lib_init_signal_1                   0x0800016d   Thumb Code     0  libinit2.o(.ARM.Collect$$libinit$$0000001D)
    __rt_lib_init_stdio_1                    0x0800016d   Thumb Code     0  libinit2.o(.ARM.Collect$$libinit$$00000025)
    __rt_lib_init_user_alloc_1               0x0800016d   Thumb Code     0  libinit2.o(.ARM.Collect$$libinit$$0000000C)
    __rt_lib_shutdown                        0x0800016f   Thumb Code     0  libshutdown.o(.ARM.Collect$$libshutdown$$00000000)
    __rt_lib_shutdown_cpp_1                  0x08000171   Thumb Code     0  libshutdown2.o(.ARM.Collect$$libshutdown$$00000002)
    __rt_lib_shutdown_fp_trap_1              0x08000171   Thumb Code     0  libshutdown2.o(.ARM.Collect$$libshutdown$$00000007)
    __rt_lib_shutdown_heap_1                 0x08000171   Thumb Code     0  libshutdown2.o(.ARM.Collect$$libshutdown$$0000000F)
    __rt_lib_shutdown_return                 0x08000171   Thumb Code     0  libshutdown2.o(.ARM.Collect$$libshutdown$$00000010)
    __rt_lib_shutdown_signal_1               0x08000171   Thumb Code     0  libshutdown2.o(.ARM.Collect$$libshutdown$$0000000A)
    __rt_lib_shutdown_stdio_1                0x08000171   Thumb Code     0  libshutdown2.o(.ARM.Collect$$libshutdown$$00000004)
    __rt_lib_shutdown_user_alloc_1           0x08000171   Thumb Code     0  libshutdown2.o(.ARM.Collect$$libshutdown$$0000000C)
    __rt_entry                               0x08000173   Thumb Code     0  __rtentry.o(.ARM.Collect$$rtentry$$00000000)
    __rt_entry_presh_1                       0x08000173   Thumb Code     0  __rtentry2.o(.ARM.Collect$$rtentry$$00000002)
    __rt_entry_sh                            0x08000173   Thumb Code     0  __rtentry4.o(.ARM.Collect$$rtentry$$00000004)
    __rt_entry_li                            0x08000179   Thumb Code     0  __rtentry2.o(.ARM.Collect$$rtentry$$0000000A)
    __rt_entry_postsh_1                      0x08000179   Thumb Code     0  __rtentry2.o(.ARM.Collect$$rtentry$$00000009)
    __rt_entry_main                          0x0800017d   Thumb Code     0  __rtentry2.o(.ARM.Collect$$rtentry$$0000000D)
    __rt_entry_postli_1                      0x0800017d   Thumb Code     0  __rtentry2.o(.ARM.Collect$$rtentry$$0000000C)
    __rt_exit                                0x08000185   Thumb Code     0  rtexit.o(.ARM.Collect$$rtexit$$00000000)
    __rt_exit_ls                             0x08000187   Thumb Code     0  rtexit2.o(.ARM.Collect$$rtexit$$00000003)
    __rt_exit_prels_1                        0x08000187   Thumb Code     0  rtexit2.o(.ARM.Collect$$rtexit$$00000002)
    __rt_exit_exit                           0x0800018b   Thumb Code     0  rtexit2.o(.ARM.Collect$$rtexit$$00000004)
    Reset_Handler                            0x08000191   Thumb Code     8  startup_stm32f10x_md.o(.text)
    ADC1_2_IRQHandler                        0x080001ab   Thumb Code     0  startup_stm32f10x_md.o(.text)
    CAN1_RX1_IRQHandler                      0x080001ab   Thumb Code     0  startup_stm32f10x_md.o(.text)
    CAN1_SCE_IRQHandler                      0x080001ab   Thumb Code     0  startup_stm32f10x_md.o(.text)
    DMA1_Channel1_IRQHandler                 0x080001ab   Thumb Code     0  startup_stm32f10x_md.o(.text)
    DMA1_Channel2_IRQHandler                 0x080001ab   Thumb Code     0  startup_stm32f10x_md.o(.text)
    DMA1_Channel3_IRQHandler                 0x080001ab   Thumb Code     0  startup_stm32f10x_md.o(.text)
    DMA1_Channel4_IRQHandler                 0x080001ab   Thumb Code     0  startup_stm32f10x_md.o(.text)
    DMA1_Channel5_IRQHandler                 0x080001ab   Thumb Code     0  startup_stm32f10x_md.o(.text)
    DMA1_Channel6_IRQHandler                 0x080001ab   Thumb Code     0  startup_stm32f10x_md.o(.text)
    DMA1_Channel7_IRQHandler                 0x080001ab   Thumb Code     0  startup_stm32f10x_md.o(.text)
    EXTI0_IRQHandler                         0x080001ab   Thumb Code     0  startup_stm32f10x_md.o(.text)
    EXTI15_10_IRQHandler                     0x080001ab   Thumb Code     0  startup_stm32f10x_md.o(.text)
    EXTI1_IRQHandler                         0x080001ab   Thumb Code     0  startup_stm32f10x_md.o(.text)
    EXTI2_IRQHandler                         0x080001ab   Thumb Code     0  startup_stm32f10x_md.o(.text)
    EXTI3_IRQHandler                         0x080001ab   Thumb Code     0  startup_stm32f10x_md.o(.text)
    EXTI4_IRQHandler                         0x080001ab   Thumb Code     0  startup_stm32f10x_md.o(.text)
    EXTI9_5_IRQHandler                       0x080001ab   Thumb Code     0  startup_stm32f10x_md.o(.text)
    FLASH_IRQHandler                         0x080001ab   Thumb Code     0  startup_stm32f10x_md.o(.text)
    I2C1_ER_IRQHandler                       0x080001ab   Thumb Code     0  startup_stm32f10x_md.o(.text)
    I2C1_EV_IRQHandler                       0x080001ab   Thumb Code     0  startup_stm32f10x_md.o(.text)
    I2C2_ER_IRQHandler                       0x080001ab   Thumb Code     0  startup_stm32f10x_md.o(.text)
    I2C2_EV_IRQHandler                       0x080001ab   Thumb Code     0  startup_stm32f10x_md.o(.text)
    PVD_IRQHandler                           0x080001ab   Thumb Code     0  startup_stm32f10x_md.o(.text)
    RCC_IRQHandler                           0x080001ab   Thumb Code     0  startup_stm32f10x_md.o(.text)
    RTCAlarm_IRQHandler                      0x080001ab   Thumb Code     0  startup_stm32f10x_md.o(.text)
    RTC_IRQHandler                           0x080001ab   Thumb Code     0  startup_stm32f10x_md.o(.text)
    SPI1_IRQHandler                          0x080001ab   Thumb Code     0  startup_stm32f10x_md.o(.text)
    SPI2_IRQHandler                          0x080001ab   Thumb Code     0  startup_stm32f10x_md.o(.text)
    TAMPER_IRQHandler                        0x080001ab   Thumb Code     0  startup_stm32f10x_md.o(.text)
    TIM1_BRK_IRQHandler                      0x080001ab   Thumb Code     0  startup_stm32f10x_md.o(.text)
    TIM1_CC_IRQHandler                       0x080001ab   Thumb Code     0  startup_stm32f10x_md.o(.text)
    TIM1_TRG_COM_IRQHandler                  0x080001ab   Thumb Code     0  startup_stm32f10x_md.o(.text)
    TIM1_UP_IRQHandler                       0x080001ab   Thumb Code     0  startup_stm32f10x_md.o(.text)
    TIM2_IRQHandler                          0x080001ab   Thumb Code     0  startup_stm32f10x_md.o(.text)
    USART1_IRQHandler                        0x080001ab   Thumb Code     0  startup_stm32f10x_md.o(.text)
    USART2_IRQHandler                        0x080001ab   Thumb Code     0  startup_stm32f10x_md.o(.text)
    USART3_IRQHandler                        0x080001ab   Thumb Code     0  startup_stm32f10x_md.o(.text)
    USBWakeUp_IRQHandler                     0x080001ab   Thumb Code     0  startup_stm32f10x_md.o(.text)
    USB_HP_CAN1_TX_IRQHandler                0x080001ab   Thumb Code     0  startup_stm32f10x_md.o(.text)
    USB_LP_CAN1_RX0_IRQHandler               0x080001ab   Thumb Code     0  startup_stm32f10x_md.o(.text)
    WWDG_IRQHandler                          0x080001ab   Thumb Code     0  startup_stm32f10x_md.o(.text)
    __user_initial_stackheap                 0x080001ad   Thumb Code     0  startup_stm32f10x_md.o(.text)
    __2sprintf                               0x080001d1   Thumb Code    34  noretval__2sprintf.o(.text)
    __printf                                 0x080001f9   Thumb Code   104  __printf.o(.text)
    _printf_int_dec                          0x08000261   Thumb Code   104  _printf_dec.o(.text)
    __aeabi_memclr                           0x080002d9   Thumb Code     0  rt_memclr.o(.text)
    __rt_memclr                              0x080002d9   Thumb Code    68  rt_memclr.o(.text)
    _memset                                  0x080002dd   Thumb Code     0  rt_memclr.o(.text)
    __aeabi_memclr4                          0x0800031d   Thumb Code     0  rt_memclr_w.o(.text)
    __aeabi_memclr8                          0x0800031d   Thumb Code     0  rt_memclr_w.o(.text)
    __rt_memclr_w                            0x0800031d   Thumb Code    78  rt_memclr_w.o(.text)
    _memset_w                                0x08000321   Thumb Code     0  rt_memclr_w.o(.text)
    __use_two_region_memory                  0x0800036b   Thumb Code     2  heapauxi.o(.text)
    __rt_heap_escrow$2region                 0x0800036d   Thumb Code     2  heapauxi.o(.text)
    __rt_heap_expand$2region                 0x0800036f   Thumb Code     2  heapauxi.o(.text)
    _printf_int_common                       0x08000371   Thumb Code   178  _printf_intcommon.o(.text)
    _printf_char_common                      0x0800042f   Thumb Code    32  _printf_char_common.o(.text)
    _sputc                                   0x08000455   Thumb Code    10  _sputc.o(.text)
    __user_setup_stackheap                   0x0800045f   Thumb Code    74  sys_stackheap_outer.o(.text)
    exit                                     0x080004a9   Thumb Code    18  exit.o(.text)
    __user_libspace                          0x080004bd   Thumb Code     8  libspace.o(.text)
    __user_perproc_libspace                  0x080004bd   Thumb Code     0  libspace.o(.text)
    __user_perthread_libspace                0x080004bd   Thumb Code     0  libspace.o(.text)
    _sys_exit                                0x080004c5   Thumb Code     8  sys_exit.o(.text)
    __I$use$semihosting                      0x080004d1   Thumb Code     0  use_no_semi.o(.text)
    __use_no_semihosting_swi                 0x080004d1   Thumb Code     2  use_no_semi.o(.text)
    BusFault_Handler                         0x080004d3   Thumb Code     2  stm32f10x_it.o(i.BusFault_Handler)
    __semihosting_library_function           0x080004d3   Thumb Code     0  indicate_semi.o(.text)
    DebugMon_Handler                         0x080004d5   Thumb Code     2  stm32f10x_it.o(i.DebugMon_Handler)
    Delay_ms                                 0x080004d7   Thumb Code    22  delay.o(i.Delay_ms)
    Delay_us                                 0x080004ed   Thumb Code    32  delay.o(i.Delay_us)
    GPIO_Init                                0x0800050d   Thumb Code   162  stm32f10x_gpio.o(i.GPIO_Init)
    GPIO_ReadInputDataBit                    0x080005af   Thumb Code    14  stm32f10x_gpio.o(i.GPIO_ReadInputDataBit)
    GPIO_WriteBit                            0x080005bd   Thumb Code    10  stm32f10x_gpio.o(i.GPIO_WriteBit)
    HardFault_Handler                        0x080005c7   Thumb Code     2  stm32f10x_it.o(i.HardFault_Handler)
    Key_Execute                              0x080005c9   Thumb Code   128  key.o(i.Key_Execute)
    Key_GetVlaues                            0x08000651   Thumb Code   216  key.o(i.Key_GetVlaues)
    Key_Init                                 0x08000731   Thumb Code    72  key.o(i.Key_Init)
    LED1_Turn                                0x08000781   Thumb Code    32  led.o(i.LED1_Turn)
    LED_Init                                 0x080007a5   Thumb Code    50  led.o(i.LED_Init)
    MemManage_Handler                        0x080007dd   Thumb Code     2  stm32f10x_it.o(i.MemManage_Handler)
    NMI_Handler                              0x080007df   Thumb Code     2  stm32f10x_it.o(i.NMI_Handler)
    NVIC_Init                                0x080007e1   Thumb Code    94  misc.o(i.NVIC_Init)
    NVIC_PriorityGroupConfig                 0x08000845   Thumb Code    10  misc.o(i.NVIC_PriorityGroupConfig)
    OLED_I2C_Init                            0x08000859   Thumb Code    76  oled.o(i.OLED_I2C_Init)
    PendSV_Handler                           0x080008a9   Thumb Code     2  stm32f10x_it.o(i.PendSV_Handler)
    RCC_APB1PeriphClockCmd                   0x080008ad   Thumb Code    18  stm32f10x_rcc.o(i.RCC_APB1PeriphClockCmd)
    RCC_APB2PeriphClockCmd                   0x080008c5   Thumb Code    18  stm32f10x_rcc.o(i.RCC_APB2PeriphClockCmd)
    SVC_Handler                              0x080008dd   Thumb Code     2  stm32f10x_it.o(i.SVC_Handler)
    SysTick_Handler                          0x08000989   Thumb Code     2  stm32f10x_it.o(i.SysTick_Handler)
    SystemInit                               0x0800098d   Thumb Code    64  system_stm32f10x.o(i.SystemInit)
    TIM3_IRQHandler                          0x080009dd   Thumb Code    64  timer.o(i.TIM3_IRQHandler)
    TIM4_IRQHandler                          0x08000a25   Thumb Code    30  key.o(i.TIM4_IRQHandler)
    TIM_ClearFlag                            0x08000a49   Thumb Code     6  stm32f10x_tim.o(i.TIM_ClearFlag)
    TIM_ClearITPendingBit                    0x08000a4f   Thumb Code     6  stm32f10x_tim.o(i.TIM_ClearITPendingBit)
    TIM_Cmd                                  0x08000a55   Thumb Code    20  stm32f10x_tim.o(i.TIM_Cmd)
    TIM_GetITStatus                          0x08000a69   Thumb Code    24  stm32f10x_tim.o(i.TIM_GetITStatus)
    TIM_ITConfig                             0x08000a81   Thumb Code    16  stm32f10x_tim.o(i.TIM_ITConfig)
    TIM_InternalClockConfig                  0x08000a91   Thumb Code    10  stm32f10x_tim.o(i.TIM_InternalClockConfig)
    TIM_TimeBaseInit                         0x08000a9d   Thumb Code   114  stm32f10x_tim.o(i.TIM_TimeBaseInit)
    Timer_Init                               0x08000b39   Thumb Code   196  timer.o(i.Timer_Init)
    UsageFault_Handler                       0x08000c05   Thumb Code     2  stm32f10x_it.o(i.UsageFault_Handler)
    about_proc                               0x08000c09   Thumb Code    22  oled.o(i.about_proc)
    about_ui_show                            0x08000c29   Thumb Code    60  oled.o(i.about_ui_show)
    chart_proc                               0x08000ca1   Thumb Code    28  oled.o(i.chart_proc)
    chart_ui_show                            0x08000cc5   Thumb Code    74  oled.o(i.chart_ui_show)
    disappear                                0x08000d51   Thumb Code   132  oled.o(i.disappear)
    logo_proc                                0x08000eb5   Thumb Code    22  oled.o(i.logo_proc)
    logo_ui_show                             0x08000ed5   Thumb Code    24  oled.o(i.logo_ui_show)
    main                                     0x08000ef5   Thumb Code    22  main.o(i.main)
    move                                     0x08000f0b   Thumb Code    56  oled.o(i.move)
    move_bar                                 0x08000f45   Thumb Code    92  oled.o(i.move_bar)
    move_width                               0x08000fa5   Thumb Code   240  oled.o(i.move_width)
    pid_proc                                 0x0800109d   Thumb Code   156  oled.o(i.pid_proc)
    pid_ui_show                              0x08001145   Thumb Code   210  oled.o(i.pid_ui_show)
    select_proc                              0x08001225   Thumb Code   236  oled.o(i.select_proc)
    select_ui_show                           0x0800131d   Thumb Code   222  oled.o(i.select_ui_show)
    u8g2Init                                 0x08001409   Thumb Code   174  oled.o(i.u8g2Init)
    u8g2_ClearBuffer                         0x080014d1   Thumb Code    18  u8g2_buffer.o(i.u8g2_ClearBuffer)
    u8g2_DrawBox                             0x080014e3   Thumb Code    68  u8g2_box.o(i.u8g2_DrawBox)
    u8g2_DrawDisc                            0x08001527   Thumb Code    64  u8g2_circle.o(i.u8g2_DrawDisc)
    u8g2_DrawGlyph                           0x08001567   Thumb Code   112  u8g2_font.o(i.u8g2_DrawGlyph)
    u8g2_DrawHVLine                          0x080015d9   Thumb Code   172  u8g2_hvline.o(i.u8g2_DrawHVLine)
    u8g2_DrawHXBMP                           0x08001685   Thumb Code   148  u8g2_bitmap.o(i.u8g2_DrawHXBMP)
    u8g2_DrawPixel                           0x08001719   Thumb Code    46  u8g2_hvline.o(i.u8g2_DrawPixel)
    u8g2_DrawRBox                            0x08001747   Thumb Code   230  u8g2_box.o(i.u8g2_DrawRBox)
    u8g2_DrawStr                             0x0800182d   Thumb Code    12  u8g2_font.o(i.u8g2_DrawStr)
    u8g2_DrawVLine                           0x0800183d   Thumb Code    12  u8g2_hvline.o(i.u8g2_DrawVLine)
    u8g2_DrawXBMP                            0x08001849   Thumb Code    76  u8g2_bitmap.o(i.u8g2_DrawXBMP)
    u8g2_GetGlyphWidth                       0x08001895   Thumb Code    62  u8g2_font.o(i.u8g2_GetGlyphWidth)
    u8g2_GetStrWidth                         0x080018d5   Thumb Code     8  u8g2_font.o(i.u8g2_GetStrWidth)
    u8g2_IsIntersection                      0x080018e1   Thumb Code    48  u8g2_intersection.o(i.u8g2_IsIntersection)
    u8g2_SendBuffer                          0x08001911   Thumb Code    18  u8g2_buffer.o(i.u8g2_SendBuffer)
    u8g2_SetDrawColor                        0x08001923   Thumb Code    16  u8g2_hvline.o(i.u8g2_SetDrawColor)
    u8g2_SetFont                             0x08001933   Thumb Code    32  u8g2_font.o(i.u8g2_SetFont)
    u8g2_SetFontPosBaseline                  0x08001955   Thumb Code     6  u8g2_font.o(i.u8g2_SetFontPosBaseline)
    u8g2_SetMaxClipWindow                    0x08001961   Thumb Code    28  u8g2_setup.o(i.u8g2_SetMaxClipWindow)
    u8g2_SetupBuffer                         0x0800197d   Thumb Code    70  u8g2_setup.o(i.u8g2_SetupBuffer)
    u8g2_Setup_ssd1306_i2c_128x64_noname_f   0x080019c5   Thumb Code    42  u8g2_d_setup.o(i.u8g2_Setup_ssd1306_i2c_128x64_noname_f)
    u8g2_UpdateRefHeight                     0x080019fd   Thumb Code    82  u8g2_font.o(i.u8g2_UpdateRefHeight)
    u8g2_add_vector_x                        0x08001a4f   Thumb Code    28  u8g2_font.o(i.u8g2_add_vector_x)
    u8g2_add_vector_y                        0x08001a6b   Thumb Code    28  u8g2_font.o(i.u8g2_add_vector_y)
    u8g2_draw_hv_line_2dir                   0x08001c67   Thumb Code    18  u8g2_hvline.o(i.u8g2_draw_hv_line_2dir)
    u8g2_draw_l90_r0                         0x08001c79   Thumb Code    12  u8g2_setup.o(i.u8g2_draw_l90_r0)
    u8g2_font_calc_vref_font                 0x08001cfb   Thumb Code     4  u8g2_font.o(i.u8g2_font_calc_vref_font)
    u8g2_font_decode_get_signed_bits         0x08001cff   Thumb Code    20  u8g2_font.o(i.u8g2_font_decode_get_signed_bits)
    u8g2_font_decode_get_unsigned_bits       0x08001d13   Thumb Code    52  u8g2_font.o(i.u8g2_font_decode_get_unsigned_bits)
    u8g2_font_decode_glyph                   0x08001d49   Thumb Code   276  u8g2_font.o(i.u8g2_font_decode_glyph)
    u8g2_font_decode_len                     0x08001e5d   Thumb Code   140  u8g2_font.o(i.u8g2_font_decode_len)
    u8g2_font_get_glyph_data                 0x08001ee9   Thumb Code   114  u8g2_font.o(i.u8g2_font_get_glyph_data)
    u8g2_gpio_and_delay_stm32                0x08001fa5   Thumb Code    80  oled.o(i.u8g2_gpio_and_delay_stm32)
    u8g2_is_intersection_decision_tree       0x08001ff9   Thumb Code    24  u8g2_intersection.o(i.u8g2_is_intersection_decision_tree)
    u8g2_ll_hvline_vertical_top_lsb          0x08002011   Thumb Code   144  u8g2_ll_hvline.o(i.u8g2_ll_hvline_vertical_top_lsb)
    u8g2_m_16_8_f                            0x080020a1   Thumb Code     8  u8g2_d_memory.o(i.u8g2_m_16_8_f)
    u8g2_read_font_info                      0x080020ad   Thumb Code   106  u8g2_font.o(i.u8g2_read_font_info)
    u8g2_update_dimension_r0                 0x0800221f   Thumb Code     4  u8g2_setup.o(i.u8g2_update_dimension_r0)
    u8g2_update_page_win_r0                  0x08002223   Thumb Code    34  u8g2_setup.o(i.u8g2_update_page_win_r0)
    u8x8_DrawTile                            0x08002245   Thumb Code    30  u8x8_display.o(i.u8x8_DrawTile)
    u8x8_InitDisplay                         0x08002263   Thumb Code    16  u8x8_display.o(i.u8x8_InitDisplay)
    u8x8_RefreshDisplay                      0x08002273   Thumb Code    16  u8x8_display.o(i.u8x8_RefreshDisplay)
    u8x8_SetPowerSave                        0x08002283   Thumb Code    16  u8x8_display.o(i.u8x8_SetPowerSave)
    u8x8_Setup                               0x08002293   Thumb Code    34  u8x8_setup.o(i.u8x8_Setup)
    u8x8_SetupDefaults                       0x080022b5   Thumb Code    32  u8x8_setup.o(i.u8x8_SetupDefaults)
    u8x8_SetupMemory                         0x080022d9   Thumb Code    16  u8x8_display.o(i.u8x8_SetupMemory)
    u8x8_ascii_next                          0x080022e9   Thumb Code    14  u8x8_8x8.o(i.u8x8_ascii_next)
    u8x8_byte_EndTransfer                    0x080022f7   Thumb Code    16  u8x8_byte.o(i.u8x8_byte_EndTransfer)
    u8x8_byte_SendByte                       0x08002307   Thumb Code    14  u8x8_byte.o(i.u8x8_byte_SendByte)
    u8x8_byte_StartTransfer                  0x08002315   Thumb Code    16  u8x8_byte.o(i.u8x8_byte_StartTransfer)
    u8x8_byte_sw_i2c                         0x08002325   Thumb Code   188  u8x8_byte.o(i.u8x8_byte_sw_i2c)
    u8x8_cad_EndTransfer                     0x080023e1   Thumb Code    16  u8x8_cad.o(i.u8x8_cad_EndTransfer)
    u8x8_cad_SendArg                         0x080023f1   Thumb Code    16  u8x8_cad.o(i.u8x8_cad_SendArg)
    u8x8_cad_SendCmd                         0x08002401   Thumb Code    16  u8x8_cad.o(i.u8x8_cad_SendCmd)
    u8x8_cad_SendData                        0x08002411   Thumb Code    16  u8x8_cad.o(i.u8x8_cad_SendData)
    u8x8_cad_SendSequence                    0x08002421   Thumb Code   104  u8x8_cad.o(i.u8x8_cad_SendSequence)
    u8x8_cad_StartTransfer                   0x08002489   Thumb Code    16  u8x8_cad.o(i.u8x8_cad_StartTransfer)
    u8x8_cad_ssd13xx_fast_i2c                0x08002499   Thumb Code   182  u8x8_cad.o(i.u8x8_cad_ssd13xx_fast_i2c)
    u8x8_d_helper_display_init               0x08002555   Thumb Code    96  u8x8_display.o(i.u8x8_d_helper_display_init)
    u8x8_d_helper_display_setup_memory       0x080025b5   Thumb Code    10  u8x8_display.o(i.u8x8_d_helper_display_setup_memory)
    u8x8_d_ssd1306_128x64_noname             0x080025c1   Thumb Code    52  u8x8_d_ssd1306_128x64_noname.o(i.u8x8_d_ssd1306_128x64_noname)
    u8x8_dummy_cb                            0x080026c5   Thumb Code     4  u8x8_setup.o(i.u8x8_dummy_cb)
    u8x8_gpio_call                           0x080026c9   Thumb Code    12  u8x8_gpio.o(i.u8x8_gpio_call)
    u8x8_utf8_init                           0x08002701   Thumb Code     8  u8x8_8x8.o(i.u8x8_utf8_init)
    ui_proc                                  0x08002709   Thumb Code    90  oled.o(i.ui_proc)
    LOGO                                     0x0800276c   Data        1024  oled.o(.constdata)
    u8g2_font_wqy12_t_chinese1               0x08002b6c   Data        9391  u8g2_fonts.o(.constdata)
    u8g2_cb_r0                               0x0800501c   Data          12  u8g2_setup.o(.constdata)
    Region$$Table$$Base                      0x080051fc   Number         0  anon$$obj.o(Region$$Table)
    Region$$Table$$Limit                     0x0800521c   Number         0  anon$$obj.o(Region$$Table)
    disappear_step                           0x20000000   Data           1  oled.o(.data)
    pid_num                                  0x20000001   Data           1  oled.o(.data)
    list_num                                 0x20000002   Data           1  oled.o(.data)
    x                                        0x20000003   Data           1  oled.o(.data)
    line_y                                   0x20000004   Data           1  oled.o(.data)
    line_y_trg                               0x20000005   Data           1  oled.o(.data)
    box_width                                0x20000006   Data           1  oled.o(.data)
    box_width_trg                            0x20000007   Data           1  oled.o(.data)
    ui_select                                0x20000008   Data           1  oled.o(.data)
    pid_line_y                               0x20000009   Data           1  oled.o(.data)
    pid_line_y_trg                           0x2000000a   Data           1  oled.o(.data)
    pid_box_width                            0x2000000b   Data           1  oled.o(.data)
    pid_box_width_trg                        0x2000000c   Data           1  oled.o(.data)
    pid_select                               0x2000000d   Data           1  oled.o(.data)
    icon_select                              0x2000000e   Data           1  oled.o(.data)
    ui_index                                 0x2000000f   Data           1  oled.o(.data)
    ui_state                                 0x20000010   Data           1  oled.o(.data)
    single_line_length                       0x20000011   Data           1  oled.o(.data)
    total_line_length                        0x20000012   Data           1  oled.o(.data)
    buf_len                                  0x20000014   Data           2  oled.o(.data)
    y                                        0x20000016   Data           2  oled.o(.data)
    y_trg                                    0x20000018   Data           2  oled.o(.data)
    box_y                                    0x2000001a   Data           2  oled.o(.data)
    box_y_trg                                0x2000001c   Data           2  oled.o(.data)
    pid_box_y                                0x2000001e   Data           2  oled.o(.data)
    pid_box_y_trg                            0x20000020   Data           2  oled.o(.data)
    icon_x                                   0x20000022   Data           2  oled.o(.data)
    icon_x_trg                               0x20000024   Data           2  oled.o(.data)
    app_y                                    0x20000026   Data           2  oled.o(.data)
    app_y_trg                                0x20000028   Data           2  oled.o(.data)
    buf_ptr                                  0x2000002c   Data           4  oled.o(.data)
    pid                                      0x20000030   Data          16  oled.o(.data)
    list                                     0x20000040   Data          28  oled.o(.data)
    value                                    0x2000005c   Data           1  key.o(.data)
    key_msg                                  0x2000005d   Data           2  key.o(.data)
    timeCount                                0x20000060   Data           4  timer.o(.data)
    timedKey                                 0x20000064   Data           8  timer.o(.data)
    u8g2                                     0x20000074   Data         148  oled.o(.bss)
    text                                     0x20000108   Data          30  oled.o(.bss)
    Keys                                     0x20000126   Data          28  key.o(.bss)
    __libspace_start                         0x20000544   Data          96  libspace.o(.bss)
    __temporary_stack_top$libspace           0x200005a4   Data           0  libspace.o(.bss)



==============================================================================

Memory Map of the image

  Image Entry point : 0x080000ed

  Load Region LR_IROM1 (Base: 0x08000000, Size: 0x00005290, Max: 0x00010000, ABSOLUTE)

    Execution Region ER_IROM1 (Exec base: 0x08000000, Load base: 0x08000000, Size: 0x0000521c, Max: 0x00010000, ABSOLUTE)

    Exec Addr    Load Addr    Size         Type   Attr      Idx    E Section Name        Object

    0x08000000   0x08000000   0x000000ec   Data   RO            3    RESET               startup_stm32f10x_md.o
    0x080000ec   0x080000ec   0x00000008   Code   RO         8169  * !!!main             c_w.l(__main.o)
    0x080000f4   0x080000f4   0x00000034   Code   RO         8335    !!!scatter          c_w.l(__scatter.o)
    0x08000128   0x08000128   0x0000001a   Code   RO         8337    !!handler_copy      c_w.l(__scatter_copy.o)
    0x08000142   0x08000142   0x00000002   PAD
    0x08000144   0x08000144   0x0000001c   Code   RO         8339    !!handler_zi        c_w.l(__scatter_zi.o)
    0x08000160   0x08000160   0x00000000   Code   RO         8162    .ARM.Collect$$_printf_percent$$00000000  c_w.l(_printf_percent.o)
    0x08000160   0x08000160   0x00000006   Code   RO         8161    .ARM.Collect$$_printf_percent$$00000009  c_w.l(_printf_d.o)
    0x08000166   0x08000166   0x00000004   Code   RO         8178    .ARM.Collect$$_printf_percent$$00000017  c_w.l(_printf_percent_end.o)
    0x0800016a   0x0800016a   0x00000002   Code   RO         8205    .ARM.Collect$$libinit$$00000000  c_w.l(libinit.o)
    0x0800016c   0x0800016c   0x00000000   Code   RO         8212    .ARM.Collect$$libinit$$00000002  c_w.l(libinit2.o)
    0x0800016c   0x0800016c   0x00000000   Code   RO         8214    .ARM.Collect$$libinit$$00000004  c_w.l(libinit2.o)
    0x0800016c   0x0800016c   0x00000000   Code   RO         8217    .ARM.Collect$$libinit$$0000000A  c_w.l(libinit2.o)
    0x0800016c   0x0800016c   0x00000000   Code   RO         8219    .ARM.Collect$$libinit$$0000000C  c_w.l(libinit2.o)
    0x0800016c   0x0800016c   0x00000000   Code   RO         8221    .ARM.Collect$$libinit$$0000000E  c_w.l(libinit2.o)
    0x0800016c   0x0800016c   0x00000000   Code   RO         8224    .ARM.Collect$$libinit$$00000011  c_w.l(libinit2.o)
    0x0800016c   0x0800016c   0x00000000   Code   RO         8226    .ARM.Collect$$libinit$$00000013  c_w.l(libinit2.o)
    0x0800016c   0x0800016c   0x00000000   Code   RO         8228    .ARM.Collect$$libinit$$00000015  c_w.l(libinit2.o)
    0x0800016c   0x0800016c   0x00000000   Code   RO         8230    .ARM.Collect$$libinit$$00000017  c_w.l(libinit2.o)
    0x0800016c   0x0800016c   0x00000000   Code   RO         8232    .ARM.Collect$$libinit$$00000019  c_w.l(libinit2.o)
    0x0800016c   0x0800016c   0x00000000   Code   RO         8234    .ARM.Collect$$libinit$$0000001B  c_w.l(libinit2.o)
    0x0800016c   0x0800016c   0x00000000   Code   RO         8236    .ARM.Collect$$libinit$$0000001D  c_w.l(libinit2.o)
    0x0800016c   0x0800016c   0x00000000   Code   RO         8238    .ARM.Collect$$libinit$$0000001F  c_w.l(libinit2.o)
    0x0800016c   0x0800016c   0x00000000   Code   RO         8240    .ARM.Collect$$libinit$$00000021  c_w.l(libinit2.o)
    0x0800016c   0x0800016c   0x00000000   Code   RO         8242    .ARM.Collect$$libinit$$00000023  c_w.l(libinit2.o)
    0x0800016c   0x0800016c   0x00000000   Code   RO         8244    .ARM.Collect$$libinit$$00000025  c_w.l(libinit2.o)
    0x0800016c   0x0800016c   0x00000000   Code   RO         8248    .ARM.Collect$$libinit$$0000002C  c_w.l(libinit2.o)
    0x0800016c   0x0800016c   0x00000000   Code   RO         8250    .ARM.Collect$$libinit$$0000002E  c_w.l(libinit2.o)
    0x0800016c   0x0800016c   0x00000000   Code   RO         8252    .ARM.Collect$$libinit$$00000030  c_w.l(libinit2.o)
    0x0800016c   0x0800016c   0x00000000   Code   RO         8254    .ARM.Collect$$libinit$$00000032  c_w.l(libinit2.o)
    0x0800016c   0x0800016c   0x00000002   Code   RO         8255    .ARM.Collect$$libinit$$00000033  c_w.l(libinit2.o)
    0x0800016e   0x0800016e   0x00000002   Code   RO         8275    .ARM.Collect$$libshutdown$$00000000  c_w.l(libshutdown.o)
    0x08000170   0x08000170   0x00000000   Code   RO         8288    .ARM.Collect$$libshutdown$$00000002  c_w.l(libshutdown2.o)
    0x08000170   0x08000170   0x00000000   Code   RO         8290    .ARM.Collect$$libshutdown$$00000004  c_w.l(libshutdown2.o)
    0x08000170   0x08000170   0x00000000   Code   RO         8293    .ARM.Collect$$libshutdown$$00000007  c_w.l(libshutdown2.o)
    0x08000170   0x08000170   0x00000000   Code   RO         8296    .ARM.Collect$$libshutdown$$0000000A  c_w.l(libshutdown2.o)
    0x08000170   0x08000170   0x00000000   Code   RO         8298    .ARM.Collect$$libshutdown$$0000000C  c_w.l(libshutdown2.o)
    0x08000170   0x08000170   0x00000000   Code   RO         8301    .ARM.Collect$$libshutdown$$0000000F  c_w.l(libshutdown2.o)
    0x08000170   0x08000170   0x00000002   Code   RO         8302    .ARM.Collect$$libshutdown$$00000010  c_w.l(libshutdown2.o)
    0x08000172   0x08000172   0x00000000   Code   RO         8171    .ARM.Collect$$rtentry$$00000000  c_w.l(__rtentry.o)
    0x08000172   0x08000172   0x00000000   Code   RO         8180    .ARM.Collect$$rtentry$$00000002  c_w.l(__rtentry2.o)
    0x08000172   0x08000172   0x00000006   Code   RO         8192    .ARM.Collect$$rtentry$$00000004  c_w.l(__rtentry4.o)
    0x08000178   0x08000178   0x00000000   Code   RO         8182    .ARM.Collect$$rtentry$$00000009  c_w.l(__rtentry2.o)
    0x08000178   0x08000178   0x00000004   Code   RO         8183    .ARM.Collect$$rtentry$$0000000A  c_w.l(__rtentry2.o)
    0x0800017c   0x0800017c   0x00000000   Code   RO         8185    .ARM.Collect$$rtentry$$0000000C  c_w.l(__rtentry2.o)
    0x0800017c   0x0800017c   0x00000008   Code   RO         8186    .ARM.Collect$$rtentry$$0000000D  c_w.l(__rtentry2.o)
    0x08000184   0x08000184   0x00000002   Code   RO         8209    .ARM.Collect$$rtexit$$00000000  c_w.l(rtexit.o)
    0x08000186   0x08000186   0x00000000   Code   RO         8257    .ARM.Collect$$rtexit$$00000002  c_w.l(rtexit2.o)
    0x08000186   0x08000186   0x00000004   Code   RO         8258    .ARM.Collect$$rtexit$$00000003  c_w.l(rtexit2.o)
    0x0800018a   0x0800018a   0x00000006   Code   RO         8259    .ARM.Collect$$rtexit$$00000004  c_w.l(rtexit2.o)
    0x08000190   0x08000190   0x00000040   Code   RO            4    .text               startup_stm32f10x_md.o
    0x080001d0   0x080001d0   0x00000028   Code   RO         8135    .text               c_w.l(noretval__2sprintf.o)
    0x080001f8   0x080001f8   0x00000068   Code   RO         8137    .text               c_w.l(__printf.o)
    0x08000260   0x08000260   0x00000078   Code   RO         8139    .text               c_w.l(_printf_dec.o)
    0x080002d8   0x080002d8   0x00000044   Code   RO         8163    .text               c_w.l(rt_memclr.o)
    0x0800031c   0x0800031c   0x0000004e   Code   RO         8165    .text               c_w.l(rt_memclr_w.o)
    0x0800036a   0x0800036a   0x00000006   Code   RO         8167    .text               c_w.l(heapauxi.o)
    0x08000370   0x08000370   0x000000b2   Code   RO         8172    .text               c_w.l(_printf_intcommon.o)
    0x08000422   0x08000422   0x00000002   PAD
    0x08000424   0x08000424   0x00000030   Code   RO         8174    .text               c_w.l(_printf_char_common.o)
    0x08000454   0x08000454   0x0000000a   Code   RO         8176    .text               c_w.l(_sputc.o)
    0x0800045e   0x0800045e   0x0000004a   Code   RO         8196    .text               c_w.l(sys_stackheap_outer.o)
    0x080004a8   0x080004a8   0x00000012   Code   RO         8198    .text               c_w.l(exit.o)
    0x080004ba   0x080004ba   0x00000002   PAD
    0x080004bc   0x080004bc   0x00000008   Code   RO         8206    .text               c_w.l(libspace.o)
    0x080004c4   0x080004c4   0x0000000c   Code   RO         8267    .text               c_w.l(sys_exit.o)
    0x080004d0   0x080004d0   0x00000002   Code   RO         8278    .text               c_w.l(use_no_semi.o)
    0x080004d2   0x080004d2   0x00000000   Code   RO         8280    .text               c_w.l(indicate_semi.o)
    0x080004d2   0x080004d2   0x00000002   Code   RO         3479    i.BusFault_Handler  stm32f10x_it.o
    0x080004d4   0x080004d4   0x00000002   Code   RO         3480    i.DebugMon_Handler  stm32f10x_it.o
    0x080004d6   0x080004d6   0x00000016   Code   RO         3173    i.Delay_ms          delay.o
    0x080004ec   0x080004ec   0x00000020   Code   RO         3175    i.Delay_us          delay.o
    0x0800050c   0x0800050c   0x000000a2   Code   RO         1340    i.GPIO_Init         stm32f10x_gpio.o
    0x080005ae   0x080005ae   0x0000000e   Code   RO         1344    i.GPIO_ReadInputDataBit  stm32f10x_gpio.o
    0x080005bc   0x080005bc   0x0000000a   Code   RO         1351    i.GPIO_WriteBit     stm32f10x_gpio.o
    0x080005c6   0x080005c6   0x00000002   Code   RO         3481    i.HardFault_Handler  stm32f10x_it.o
    0x080005c8   0x080005c8   0x00000088   Code   RO         3386    i.Key_Execute       key.o
    0x08000650   0x08000650   0x000000e0   Code   RO         3387    i.Key_GetVlaues     key.o
    0x08000730   0x08000730   0x00000050   Code   RO         3388    i.Key_Init          key.o
    0x08000780   0x08000780   0x00000024   Code   RO         3198    i.LED1_Turn         led.o
    0x080007a4   0x080007a4   0x00000038   Code   RO         3199    i.LED_Init          led.o
    0x080007dc   0x080007dc   0x00000002   Code   RO         3482    i.MemManage_Handler  stm32f10x_it.o
    0x080007de   0x080007de   0x00000002   Code   RO         3483    i.NMI_Handler       stm32f10x_it.o
    0x080007e0   0x080007e0   0x00000064   Code   RO          132    i.NVIC_Init         misc.o
    0x08000844   0x08000844   0x00000014   Code   RO          133    i.NVIC_PriorityGroupConfig  misc.o
    0x08000858   0x08000858   0x00000050   Code   RO         3229    i.OLED_I2C_Init     oled.o
    0x080008a8   0x080008a8   0x00000002   Code   RO         3484    i.PendSV_Handler    stm32f10x_it.o
    0x080008aa   0x080008aa   0x00000002   PAD
    0x080008ac   0x080008ac   0x00000018   Code   RO         1768    i.RCC_APB1PeriphClockCmd  stm32f10x_rcc.o
    0x080008c4   0x080008c4   0x00000018   Code   RO         1770    i.RCC_APB2PeriphClockCmd  stm32f10x_rcc.o
    0x080008dc   0x080008dc   0x00000002   Code   RO         3485    i.SVC_Handler       stm32f10x_it.o
    0x080008de   0x080008de   0x00000002   PAD
    0x080008e0   0x080008e0   0x000000a8   Code   RO           24    i.SetSysClockTo72   system_stm32f10x.o
    0x08000988   0x08000988   0x00000002   Code   RO         3486    i.SysTick_Handler   stm32f10x_it.o
    0x0800098a   0x0800098a   0x00000002   PAD
    0x0800098c   0x0800098c   0x00000050   Code   RO           26    i.SystemInit        system_stm32f10x.o
    0x080009dc   0x080009dc   0x00000048   Code   RO         3439    i.TIM3_IRQHandler   timer.o
    0x08000a24   0x08000a24   0x00000024   Code   RO         3389    i.TIM4_IRQHandler   key.o
    0x08000a48   0x08000a48   0x00000006   Code   RO         2405    i.TIM_ClearFlag     stm32f10x_tim.o
    0x08000a4e   0x08000a4e   0x00000006   Code   RO         2406    i.TIM_ClearITPendingBit  stm32f10x_tim.o
    0x08000a54   0x08000a54   0x00000014   Code   RO         2411    i.TIM_Cmd           stm32f10x_tim.o
    0x08000a68   0x08000a68   0x00000018   Code   RO         2432    i.TIM_GetITStatus   stm32f10x_tim.o
    0x08000a80   0x08000a80   0x00000010   Code   RO         2436    i.TIM_ITConfig      stm32f10x_tim.o
    0x08000a90   0x08000a90   0x0000000a   Code   RO         2438    i.TIM_InternalClockConfig  stm32f10x_tim.o
    0x08000a9a   0x08000a9a   0x00000002   PAD
    0x08000a9c   0x08000a9c   0x0000009c   Code   RO         2482    i.TIM_TimeBaseInit  stm32f10x_tim.o
    0x08000b38   0x08000b38   0x000000cc   Code   RO         3440    i.Timer_Init        timer.o
    0x08000c04   0x08000c04   0x00000002   Code   RO         3487    i.UsageFault_Handler  stm32f10x_it.o
    0x08000c06   0x08000c06   0x00000002   PAD
    0x08000c08   0x08000c08   0x00000020   Code   RO         3230    i.about_proc        oled.o
    0x08000c28   0x08000c28   0x00000078   Code   RO         3231    i.about_ui_show     oled.o
    0x08000ca0   0x08000ca0   0x00000024   Code   RO         3232    i.chart_proc        oled.o
    0x08000cc4   0x08000cc4   0x0000008c   Code   RO         3233    i.chart_ui_show     oled.o
    0x08000d50   0x08000d50   0x00000088   Code   RO         3234    i.disappear         oled.o
    0x08000dd8   0x08000dd8   0x00000008   Code   RO         7333    i.i2c_clear_scl     u8x8_byte.o
    0x08000de0   0x08000de0   0x00000008   Code   RO         7334    i.i2c_clear_sda     u8x8_byte.o
    0x08000de8   0x08000de8   0x0000000a   Code   RO         7335    i.i2c_delay         u8x8_byte.o
    0x08000df2   0x08000df2   0x00000016   Code   RO         7336    i.i2c_read_scl_and_delay  u8x8_byte.o
    0x08000e08   0x08000e08   0x00000008   Code   RO         7337    i.i2c_read_sda      u8x8_byte.o
    0x08000e10   0x08000e10   0x00000026   Code   RO         7338    i.i2c_write_bit     u8x8_byte.o
    0x08000e36   0x08000e36   0x0000007c   Code   RO         7339    i.i2c_write_byte    u8x8_byte.o
    0x08000eb2   0x08000eb2   0x00000002   PAD
    0x08000eb4   0x08000eb4   0x00000020   Code   RO         3235    i.logo_proc         oled.o
    0x08000ed4   0x08000ed4   0x00000020   Code   RO         3236    i.logo_ui_show      oled.o
    0x08000ef4   0x08000ef4   0x00000016   Code   RO         3463    i.main              main.o
    0x08000f0a   0x08000f0a   0x00000038   Code   RO         3237    i.move              oled.o
    0x08000f42   0x08000f42   0x00000002   PAD
    0x08000f44   0x08000f44   0x00000060   Code   RO         3238    i.move_bar          oled.o
    0x08000fa4   0x08000fa4   0x000000f8   Code   RO         3240    i.move_width        oled.o
    0x0800109c   0x0800109c   0x000000a8   Code   RO         3241    i.pid_proc          oled.o
    0x08001144   0x08001144   0x000000e0   Code   RO         3242    i.pid_ui_show       oled.o
    0x08001224   0x08001224   0x000000f8   Code   RO         3243    i.select_proc       oled.o
    0x0800131c   0x0800131c   0x000000ec   Code   RO         3244    i.select_ui_show    oled.o
    0x08001408   0x08001408   0x000000c8   Code   RO         3245    i.u8g2Init          oled.o
    0x080014d0   0x080014d0   0x00000012   Code   RO         4223    i.u8g2_ClearBuffer  u8g2_buffer.o
    0x080014e2   0x080014e2   0x00000044   Code   RO         4193    i.u8g2_DrawBox      u8g2_box.o
    0x08001526   0x08001526   0x00000040   Code   RO         4318    i.u8g2_DrawDisc     u8g2_circle.o
    0x08001566   0x08001566   0x00000070   Code   RO         4426    i.u8g2_DrawGlyph    u8g2_font.o
    0x080015d6   0x080015d6   0x00000002   PAD
    0x080015d8   0x080015d8   0x000000ac   Code   RO         6681    i.u8g2_DrawHVLine   u8g2_hvline.o
    0x08001684   0x08001684   0x00000094   Code   RO         4147    i.u8g2_DrawHXBMP    u8g2_bitmap.o
    0x08001718   0x08001718   0x0000002e   Code   RO         6682    i.u8g2_DrawPixel    u8g2_hvline.o
    0x08001746   0x08001746   0x000000e6   Code   RO         4195    i.u8g2_DrawRBox     u8g2_box.o
    0x0800182c   0x0800182c   0x00000010   Code   RO         4428    i.u8g2_DrawStr      u8g2_font.o
    0x0800183c   0x0800183c   0x0000000c   Code   RO         6683    i.u8g2_DrawVLine    u8g2_hvline.o
    0x08001848   0x08001848   0x0000004c   Code   RO         4150    i.u8g2_DrawXBMP     u8g2_bitmap.o
    0x08001894   0x08001894   0x0000003e   Code   RO         4438    i.u8g2_GetGlyphWidth  u8g2_font.o
    0x080018d2   0x080018d2   0x00000002   PAD
    0x080018d4   0x080018d4   0x0000000c   Code   RO         4439    i.u8g2_GetStrWidth  u8g2_font.o
    0x080018e0   0x080018e0   0x00000030   Code   RO         6742    i.u8g2_IsIntersection  u8g2_intersection.o
    0x08001910   0x08001910   0x00000012   Code   RO         4226    i.u8g2_SendBuffer   u8g2_buffer.o
    0x08001922   0x08001922   0x00000010   Code   RO         6684    i.u8g2_SetDrawColor  u8g2_hvline.o
    0x08001932   0x08001932   0x00000020   Code   RO         4444    i.u8g2_SetFont      u8g2_font.o
    0x08001952   0x08001952   0x00000002   PAD
    0x08001954   0x08001954   0x0000000c   Code   RO         4447    i.u8g2_SetFontPosBaseline  u8g2_font.o
    0x08001960   0x08001960   0x0000001c   Code   RO         6930    i.u8g2_SetMaxClipWindow  u8g2_setup.o
    0x0800197c   0x0800197c   0x00000046   Code   RO         6931    i.u8g2_SetupBuffer  u8g2_setup.o
    0x080019c2   0x080019c2   0x00000002   PAD
    0x080019c4   0x080019c4   0x00000038   Code   RO         4412    i.u8g2_Setup_ssd1306_i2c_128x64_noname_f  u8g2_d_setup.o
    0x080019fc   0x080019fc   0x00000052   Code   RO         4454    i.u8g2_UpdateRefHeight  u8g2_font.o
    0x08001a4e   0x08001a4e   0x0000001c   Code   RO         4455    i.u8g2_add_vector_x  u8g2_font.o
    0x08001a6a   0x08001a6a   0x0000001c   Code   RO         4456    i.u8g2_add_vector_y  u8g2_font.o
    0x08001a86   0x08001a86   0x0000006e   Code   RO         6933    i.u8g2_apply_clip_window  u8g2_setup.o
    0x08001af4   0x08001af4   0x0000003c   Code   RO         6685    i.u8g2_clip_intersection2  u8g2_hvline.o
    0x08001b30   0x08001b30   0x0000006a   Code   RO         4323    i.u8g2_draw_disc    u8g2_circle.o
    0x08001b9a   0x08001b9a   0x000000cc   Code   RO         4324    i.u8g2_draw_disc_section  u8g2_circle.o
    0x08001c66   0x08001c66   0x00000012   Code   RO         6686    i.u8g2_draw_hv_line_2dir  u8g2_hvline.o
    0x08001c78   0x08001c78   0x0000000c   Code   RO         6935    i.u8g2_draw_l90_r0  u8g2_setup.o
    0x08001c84   0x08001c84   0x00000076   Code   RO         4457    i.u8g2_draw_string  u8g2_font.o
    0x08001cfa   0x08001cfa   0x00000004   Code   RO         4463    i.u8g2_font_calc_vref_font  u8g2_font.o
    0x08001cfe   0x08001cfe   0x00000014   Code   RO         4465    i.u8g2_font_decode_get_signed_bits  u8g2_font.o
    0x08001d12   0x08001d12   0x00000034   Code   RO         4466    i.u8g2_font_decode_get_unsigned_bits  u8g2_font.o
    0x08001d46   0x08001d46   0x00000002   PAD
    0x08001d48   0x08001d48   0x00000114   Code   RO         4467    i.u8g2_font_decode_glyph  u8g2_font.o
    0x08001e5c   0x08001e5c   0x0000008c   Code   RO         4468    i.u8g2_font_decode_len  u8g2_font.o
    0x08001ee8   0x08001ee8   0x00000072   Code   RO         4469    i.u8g2_font_get_glyph_data  u8g2_font.o
    0x08001f5a   0x08001f5a   0x00000014   Code   RO         4470    i.u8g2_font_get_word  u8g2_font.o
    0x08001f6e   0x08001f6e   0x00000034   Code   RO         4471    i.u8g2_font_setup_decode  u8g2_font.o
    0x08001fa2   0x08001fa2   0x00000002   PAD
    0x08001fa4   0x08001fa4   0x00000054   Code   RO         3246    i.u8g2_gpio_and_delay_stm32  oled.o
    0x08001ff8   0x08001ff8   0x00000018   Code   RO         6743    i.u8g2_is_intersection_decision_tree  u8g2_intersection.o
    0x08002010   0x08002010   0x00000090   Code   RO         6791    i.u8g2_ll_hvline_vertical_top_lsb  u8g2_ll_hvline.o
    0x080020a0   0x080020a0   0x0000000c   Code   RO         4399    i.u8g2_m_16_8_f     u8g2_d_memory.o
    0x080020ac   0x080020ac   0x0000006a   Code   RO         4472    i.u8g2_read_font_info  u8g2_font.o
    0x08002116   0x08002116   0x0000004e   Code   RO         4234    i.u8g2_send_buffer  u8g2_buffer.o
    0x08002164   0x08002164   0x00000074   Code   RO         4473    i.u8g2_string_width  u8g2_font.o
    0x080021d8   0x080021d8   0x00000046   Code   RO         6940    i.u8g2_update_dimension_common  u8g2_setup.o
    0x0800221e   0x0800221e   0x00000004   Code   RO         6941    i.u8g2_update_dimension_r0  u8g2_setup.o
    0x08002222   0x08002222   0x00000022   Code   RO         6945    i.u8g2_update_page_win_r0  u8g2_setup.o
    0x08002244   0x08002244   0x0000001e   Code   RO         7712    i.u8x8_DrawTile     u8x8_display.o
    0x08002262   0x08002262   0x00000010   Code   RO         7714    i.u8x8_InitDisplay  u8x8_display.o
    0x08002272   0x08002272   0x00000010   Code   RO         7716    i.u8x8_RefreshDisplay  u8x8_display.o
    0x08002282   0x08002282   0x00000010   Code   RO         7719    i.u8x8_SetPowerSave  u8x8_display.o
    0x08002292   0x08002292   0x00000022   Code   RO         8018    i.u8x8_Setup        u8x8_setup.o
    0x080022b4   0x080022b4   0x00000024   Code   RO         8019    i.u8x8_SetupDefaults  u8x8_setup.o
    0x080022d8   0x080022d8   0x00000010   Code   RO         7720    i.u8x8_SetupMemory  u8x8_display.o
    0x080022e8   0x080022e8   0x0000000e   Code   RO         7219    i.u8x8_ascii_next   u8x8_8x8.o
    0x080022f6   0x080022f6   0x00000010   Code   RO         7344    i.u8x8_byte_EndTransfer  u8x8_byte.o
    0x08002306   0x08002306   0x0000000e   Code   RO         7345    i.u8x8_byte_SendByte  u8x8_byte.o
    0x08002314   0x08002314   0x00000010   Code   RO         7348    i.u8x8_byte_StartTransfer  u8x8_byte.o
    0x08002324   0x08002324   0x000000bc   Code   RO         7353    i.u8x8_byte_sw_i2c  u8x8_byte.o
    0x080023e0   0x080023e0   0x00000010   Code   RO         7464    i.u8x8_cad_EndTransfer  u8x8_cad.o
    0x080023f0   0x080023f0   0x00000010   Code   RO         7465    i.u8x8_cad_SendArg  u8x8_cad.o
    0x08002400   0x08002400   0x00000010   Code   RO         7466    i.u8x8_cad_SendCmd  u8x8_cad.o
    0x08002410   0x08002410   0x00000010   Code   RO         7467    i.u8x8_cad_SendData  u8x8_cad.o
    0x08002420   0x08002420   0x00000068   Code   RO         7469    i.u8x8_cad_SendSequence  u8x8_cad.o
    0x08002488   0x08002488   0x00000010   Code   RO         7470    i.u8x8_cad_StartTransfer  u8x8_cad.o
    0x08002498   0x08002498   0x000000bc   Code   RO         7473    i.u8x8_cad_ssd13xx_fast_i2c  u8x8_cad.o
    0x08002554   0x08002554   0x00000060   Code   RO         7721    i.u8x8_d_helper_display_init  u8x8_display.o
    0x080025b4   0x080025b4   0x0000000a   Code   RO         7722    i.u8x8_d_helper_display_setup_memory  u8x8_display.o
    0x080025be   0x080025be   0x00000002   PAD
    0x080025c0   0x080025c0   0x0000003c   Code   RO         7646    i.u8x8_d_ssd1306_128x64_noname  u8x8_d_ssd1306_128x64_noname.o
    0x080025fc   0x080025fc   0x000000c8   Code   RO         7648    i.u8x8_d_ssd1306_sh1106_generic  u8x8_d_ssd1306_128x64_noname.o
    0x080026c4   0x080026c4   0x00000004   Code   RO         8021    i.u8x8_dummy_cb     u8x8_setup.o
    0x080026c8   0x080026c8   0x0000000c   Code   RO         7940    i.u8x8_gpio_call    u8x8_gpio.o
    0x080026d4   0x080026d4   0x0000002c   Code   RO         7481    i.u8x8_i2c_data_transfer  u8x8_cad.o
    0x08002700   0x08002700   0x00000008   Code   RO         7227    i.u8x8_utf8_init    u8x8_8x8.o
    0x08002708   0x08002708   0x00000064   Code   RO         3247    i.ui_proc           oled.o
    0x0800276c   0x0800276c   0x00000400   Data   RO         3249    .constdata          oled.o
    0x08002b6c   0x08002b6c   0x000024af   Data   RO         5855    .constdata          u8g2_fonts.o
    0x0800501b   0x0800501b   0x00000001   PAD
    0x0800501c   0x0800501c   0x0000000c   Data   RO         6949    .constdata          u8g2_setup.o
    0x08005028   0x08005028   0x00000158   Data   RO         7650    .constdata          u8x8_d_ssd1306_128x64_noname.o
    0x08005180   0x08005180   0x0000007a   Data   RO         3250    .conststring        oled.o
    0x080051fa   0x080051fa   0x00000002   PAD
    0x080051fc   0x080051fc   0x00000020   Data   RO         8333    Region$$Table       anon$$obj.o


    Execution Region RW_IRAM1 (Exec base: 0x20000000, Load base: 0x0800521c, Size: 0x00000ba8, Max: 0x00005000, ABSOLUTE)

    Exec Addr    Load Addr    Size         Type   Attr      Idx    E Section Name        Object

    0x20000000   0x0800521c   0x0000005c   Data   RW         3251    .data               oled.o
    0x2000005c   0x08005278   0x00000003   Data   RW         3391    .data               key.o
    0x2000005f   0x0800527b   0x00000001   PAD
    0x20000060   0x0800527c   0x0000000c   Data   RW         3441    .data               timer.o
    0x2000006c   0x08005288   0x00000006   Data   RW         7483    .data               u8x8_cad.o
    0x20000072   0x0800528e   0x00000002   PAD
    0x20000074        -       0x000000b2   Zero   RW         3248    .bss                oled.o
    0x20000126        -       0x0000001c   Zero   RW         3390    .bss                key.o
    0x20000142        -       0x00000400   Zero   RW         4400    .bss                u8g2_d_memory.o
    0x20000542   0x0800528e   0x00000002   PAD
    0x20000544        -       0x00000060   Zero   RW         8207    .bss                c_w.l(libspace.o)
    0x200005a4   0x0800528e   0x00000004   PAD
    0x200005a8        -       0x00000200   Zero   RW            2    HEAP                startup_stm32f10x_md.o
    0x200007a8        -       0x00000400   Zero   RW            1    STACK               startup_stm32f10x_md.o


==============================================================================

Image component sizes


      Code (inc. data)   RO Data    RW Data    ZI Data      Debug   Object Name

         0          0          0          0          0       4524   core_cm3.o
        54          0          0          0          0       1184   delay.o
       476         36          0          3         28       3684   key.o
        92         10          0          0          0        951   led.o
        22          0          0          0          0        427   main.o
       120         16          0          0          0     204719   misc.o
         0          0          0          0          0     159262   mui_u8g2.o
      2268        292       1146         92        178     173032   oled.o
        64         26        236          0       1536        824   startup_stm32f10x_md.o
         0          0          0          0          0       1656   stm32f10x_adc.o
       186          0          0          0          0      11264   stm32f10x_gpio.o
        18          0          0          0          0       3706   stm32f10x_it.o
        48         12          0          0          0       1098   stm32f10x_rcc.o
       238         42          0          0          0      25547   stm32f10x_tim.o
       248         24          0          0          0      30141   system_stm32f10x.o
       276         16          0         12          0       1728   timer.o
       224          0          0          0          0       2037   u8g2_bitmap.o
       298          0          0          0          0       1559   u8g2_box.o
       114          0          0          0          0       2427   u8g2_buffer.o
       374          0          0          0          0       3468   u8g2_circle.o
        12          4          0          0       1024        816   u8g2_d_memory.o
        56         14          0          0          0       1021   u8g2_d_setup.o
      1402         14          0          0          0      15468   u8g2_font.o
         0          0       9391          0          0     145359   u8g2_fonts.o
       324          0          0          0          0       4101   u8g2_hvline.o
        72          0          0          0          0       1851   u8g2_intersection.o
       144          0          0          0          0       1366   u8g2_ll_hvline.o
       328          0         12          0          0     146647   u8g2_setup.o
        22          0          0          0          0       1781   u8x8_8x8.o
       452          0          0          0          0       6522   u8x8_byte.o
       416         12          0          6          0       8576   u8x8_cad.o
       260         12        344          0          0       3039   u8x8_d_ssd1306_128x64_noname.o
       200          0          0          0          0       4214   u8x8_display.o
        12          0          0          0          0        569   u8x8_gpio.o
        74          4          0          0          0       1698   u8x8_setup.o

    ----------------------------------------------------------------------
      8922        534      11164        116       2768     976266   Object Totals
         0          0         32          0          0          0   (incl. Generated)
        28          0          3          3          2          0   (incl. Padding)

    ----------------------------------------------------------------------

      Code (inc. data)   RO Data    RW Data    ZI Data      Debug   Library Member Name

         8          0          0          0          0         68   __main.o
       104          0          0          0          0         84   __printf.o
         0          0          0          0          0          0   __rtentry.o
        12          0          0          0          0          0   __rtentry2.o
         6          0          0          0          0          0   __rtentry4.o
        52          8          0          0          0          0   __scatter.o
        26          0          0          0          0          0   __scatter_copy.o
        28          0          0          0          0          0   __scatter_zi.o
        48          6          0          0          0         96   _printf_char_common.o
         6          0          0          0          0          0   _printf_d.o
       120         16          0          0          0         92   _printf_dec.o
       178          0          0          0          0         88   _printf_intcommon.o
         0          0          0          0          0          0   _printf_percent.o
         4          0          0          0          0          0   _printf_percent_end.o
        10          0          0          0          0         68   _sputc.o
        18          0          0          0          0         80   exit.o
         6          0          0          0          0        152   heapauxi.o
         0          0          0          0          0          0   indicate_semi.o
         2          0          0          0          0          0   libinit.o
         2          0          0          0          0          0   libinit2.o
         2          0          0          0          0          0   libshutdown.o
         2          0          0          0          0          0   libshutdown2.o
         8          4          0          0         96         68   libspace.o
        40          6          0          0          0         84   noretval__2sprintf.o
        68          0          0          0          0         68   rt_memclr.o
        78          0          0          0          0         80   rt_memclr_w.o
         2          0          0          0          0          0   rtexit.o
        10          0          0          0          0          0   rtexit2.o
        12          4          0          0          0         68   sys_exit.o
        74          0          0          0          0         80   sys_stackheap_outer.o
         2          0          0          0          0         68   use_no_semi.o

    ----------------------------------------------------------------------
       934         44          0          0        100       1244   Library Totals
         6          0          0          0          4          0   (incl. Padding)

    ----------------------------------------------------------------------

      Code (inc. data)   RO Data    RW Data    ZI Data      Debug   Library Name

       928         44          0          0         96       1244   c_w.l

    ----------------------------------------------------------------------
       934         44          0          0        100       1244   Library Totals

    ----------------------------------------------------------------------

==============================================================================


      Code (inc. data)   RO Data    RW Data    ZI Data      Debug   

      9856        578      11164        116       2868     970122   Grand Totals
      9856        578      11164        116       2868     970122   ELF Image Totals
      9856        578      11164        116          0          0   ROM Totals

==============================================================================

    Total RO  Size (Code + RO Data)                21020 (  20.53kB)
    Total RW  Size (RW Data + ZI Data)              2984 (   2.91kB)
    Total ROM Size (Code + RO Data + RW Data)      21136 (  20.64kB)

==============================================================================

