<html>
<body>
<pre>
<h1>礦ision Build Log</h1>
<h2>Tool Versions:</h2>
IDE-Version: μVision V5.24.2.0
Copyright (C) 2017 ARM Ltd and ARM Germany GmbH. All rights reserved.
License Information: a Lenovo, a, LIC=GMZI6-DQ38Z-Y82FK-ZNL1I-PV1YB-1N1E3
 
Tool Versions:
Toolchain:       MDK-ARM Plus  Version: 5.24.1
Toolchain Path:  D:\ProgramFiles\Keil5\ARM\ARMCC\Bin
C Compiler:      Armcc.exe V5.06 update 5 (build 528)
Assembler:       Armasm.exe V5.06 update 5 (build 528)
Linker/Locator:  ArmLink.exe V5.06 update 5 (build 528)
Library Manager: ArmAr.exe V5.06 update 5 (build 528)
Hex Converter:   FromElf.exe V5.06 update 5 (build 528)
CPU DLL:         SARMCM3.DLL V5.24.1
Dialog DLL:      DCM.DLL V1.16.0.0
Target DLL:      STLink\ST-LINKIII-KEIL_SWO.dll V3.0.1.0
Dialog DLL:      TCM.DLL V1.32.0.0
 
<h2>Project:</h2>
D:\MyData\Introduction\stm32Projects\Projects\SmartAgriculture\Project.uvprojx
Project File Date:  04/30/2023

<h2>Output:</h2>
*** Using Compiler 'V5.06 update 5 (build 528)', folder: 'D:\ProgramFiles\Keil5\ARM\ARMCC\Bin'
Rebuild target 'Target 1'
assembling startup_stm32f10x_md.s...
compiling system_stm32f10x.c...
compiling stm32f10x_adc.c...
compiling core_cm3.c...
compiling stm32f10x_can.c...
compiling stm32f10x_crc.c...
compiling stm32f10x_cec.c...
compiling misc.c...
compiling stm32f10x_dac.c...
compiling stm32f10x_exti.c...
compiling stm32f10x_bkp.c...
compiling stm32f10x_dbgmcu.c...
compiling stm32f10x_fsmc.c...
compiling stm32f10x_dma.c...
compiling stm32f10x_gpio.c...
compiling stm32f10x_flash.c...
compiling stm32f10x_i2c.c...
compiling stm32f10x_iwdg.c...
compiling stm32f10x_pwr.c...
compiling stm32f10x_rcc.c...
compiling stm32f10x_rtc.c...
compiling stm32f10x_sdio.c...
compiling stm32f10x_spi.c...
compiling stm32f10x_usart.c...
compiling Delay.c...
compiling stm32f10x_wwdg.c...
compiling LED.c...
compiling PWM.c...
compiling Servo.c...
compiling OLED.c...
compiling AD.c...
compiling buzzer.c...
HardWare\buzzer\buzzer.h(12): warning:  #1-D: last line of file ends without a newline
  #endif
HardWare\buzzer\buzzer.c(63): warning:  #1-D: last line of file ends without a newline
  }
HardWare\buzzer\buzzer.c: 2 warnings, 0 errors
compiling usart.c...
compiling stm32f10x_tim.c...
compiling DHT11.c...
compiling Timer.c...
.\HardWare\Key\Key.h(5): warning:  #1295-D: Deprecated declaration Key_GetVlaues - give arg types
  void Key_GetVlaues();
.\HardWare\Key\Key.h(6): warning:  #1295-D: Deprecated declaration Key_Execute - give arg types
  void Key_Execute();
.\HardWare\AutomaticControl\AutoControl.h(21): warning:  #1-D: last line of file ends without a newline
  #endif
HardWare\Timer\Timer.c: 3 warnings, 0 errors
compiling relay.c...
HardWare\Relay\relay.c(96): warning:  #1-D: last line of file ends without a newline
  }
HardWare\Relay\relay.c: 1 warning, 0 errors
compiling Key.c...
HardWare\Key\Key.h(5): warning:  #1295-D: Deprecated declaration Key_GetVlaues - give arg types
  void Key_GetVlaues();
HardWare\Key\Key.h(6): warning:  #1295-D: Deprecated declaration Key_Execute - give arg types
  void Key_Execute();
.\HardWare\AutomaticControl\AutoControl.h(21): warning:  #1-D: last line of file ends without a newline
  #endif
HardWare\Key\Key.c(64): warning:  #223-D: function "sprintf" declared implicitly
  			sprintf(text,"Key%dDown\r\n",j+1);
HardWare\Key\Key.c(98): warning:  #223-D: function "sprintf" declared implicitly
  			sprintf(text,"Key%dDoubleDown\r\n",j+1);
HardWare\Key\Key.c(129): warning:  #223-D: function "sprintf" declared implicitly
  			sprintf(text,"Key%dLongDown\r\n",j+1);
HardWare\Key\Key.c: 6 warnings, 0 errors
compiling MqttKit.c...
compiling AutoControl.c...
HardWare\AutomaticControl\AutoControl.h(21): warning:  #1-D: last line of file ends without a newline
  #endif
HardWare\AutomaticControl\AutoControl.c(98): warning:  #1-D: last line of file ends without a newline
  }
HardWare\AutomaticControl\AutoControl.c: 2 warnings, 0 errors
compiling SGP30.c...
compiling SGP30I2c.c...
compiling cJSON.c...
HardWare\NET\cJSON\cJSON.c(55): warning:  #1293-D: assignment in condition
        if (!(copy = (char*)cJSON_malloc(len))) return 0;
HardWare\NET\cJSON\cJSON.c(278): warning:  #1293-D: assignment in condition
  	ptr=str;while ((token=*ptr) && ++len) {if (strchr("\"\\\b\f\n\r\t",token)) len++; else if (token<32) len+=5;ptr++;}
HardWare\NET\cJSON\cJSON.c(352): warning:  #111-D: statement is unreachable
  	return p.buffer;
HardWare\NET\cJSON\cJSON.c(423): warning:  #1293-D: assignment in condition
  		if (!(new_item=cJSON_New_Item())) return 0; 	/* memory fail */
HardWare\NET\cJSON\cJSON.c(535): warning:  #1293-D: assignment in condition
  		if (!(new_item=cJSON_New_Item()))	return 0; /* memory fail */
HardWare\NET\cJSON\cJSON.c: 5 warnings, 0 errors
compiling stm32f10x_it.c...
compiling main.c...
.\HardWare\Key\key.h(5): warning:  #1295-D: Deprecated declaration Key_GetVlaues - give arg types
  void Key_GetVlaues();
.\HardWare\Key\key.h(6): warning:  #1295-D: Deprecated declaration Key_Execute - give arg types
  void Key_Execute();
.\HardWare\AutomaticControl\AutoControl.h(21): warning:  #1-D: last line of file ends without a newline
  #endif
User\main.c(72): warning:  #223-D: function "ESP8266_Init" declared implicitly
  	ESP8266_Init();					//鍒濆鍖朎SP8266
User\main.c(163): warning:  #223-D: function "ESP8266_Clear" declared implicitly
  			ESP8266_Clear();
User\main.c(166): warning:  #223-D: function "ESP8266_GetIPD" declared implicitly
  		dataPtr = (unsigned char *)ESP8266_GetIPD(3);
User\main.c(51): warning:  #177-D: variable "timeCount"  was declared but never referenced
  	unsigned short timeCount = 0;	//鍙戦�侀棿闅斿彉閲?
User\main.c: 7 warnings, 0 errors
compiling esp8266.c...
compiling onenet.c...
.\HardWare\AutomaticControl\AutoControl.h(21): warning:  #1-D: last line of file ends without a newline
  #endif
HardWare\NET\onenet\onenet.c(83): warning:  #223-D: function "ESP8266_SendData" declared implicitly
  		ESP8266_SendData(mqttPacket._data, mqttPacket._len);			//上传平台
HardWare\NET\onenet\onenet.c(86): warning:  #223-D: function "ESP8266_GetIPD" declared implicitly
  		dataPtr = (unsigned char *)ESP8266_GetIPD(250);									//等待平台响应
HardWare\NET\onenet\onenet.c(139): warning:  #223-D: function "ESP8266_SendData" declared implicitly
  		ESP8266_SendData(mqttPacket._data, mqttPacket._len);					//向平台发送订阅请求
HardWare\NET\onenet\onenet.c(167): warning:  #223-D: function "ESP8266_SendData" declared implicitly
  		ESP8266_SendData(mqttPacket._data, mqttPacket._len);					//向平台发送订阅请求
HardWare\NET\onenet\onenet.c(382): warning:  #223-D: function "ESP8266_SendData" declared implicitly
  					ESP8266_SendData(mqttPacket._data, mqttPacket._len);
HardWare\NET\onenet\onenet.c(397): warning:  #223-D: function "ESP8266_SendData" declared implicitly
  					ESP8266_SendData(mqttPacket._data, mqttPacket._len);
HardWare\NET\onenet\onenet.c(436): warning:  #223-D: function "ESP8266_Clear" declared implicitly
  	ESP8266_Clear();//清空缓存
HardWare\NET\onenet\onenet.c: 8 warnings, 0 errors
linking...
Program Size: Code=24798 RO-data=2266 RW-data=160 ZI-data=1792  
".\Objects\Project.axf" - 0 Error(s), 34 Warning(s).

<h2>Software Packages used:</h2>

Package Vendor: Keil
                http://www.keil.com/pack/Keil.STM32F1xx_DFP.2.2.0.pack
                Keil.STM32F1xx_DFP.2.2.0
                STMicroelectronics STM32F1 Series Device Support, Drivers and Examples

<h2>Collection of Component include folders:</h2>
  .\RTE\_Target_1
  D:\ProgramFiles\Keil5\ARM\PACK\Keil\STM32F1xx_DFP\2.2.0\Device\Include

<h2>Collection of Component Files used:</h2>
Build Time Elapsed:  00:00:03
</pre>
</body>
</html>
